Archive member included to satisfy reference by file (symbol)

/opt/st/stm32cubeide_1.6.1/plugins/com.st.stm32cube.ide.mcu.externaltools.gnu-tools-for-stm32.9-2020-q2-update.linux64_1.5.0.202011040924/tools/bin/../lib/gcc/arm-none-eabi/9.3.1/../../../../arm-none-eabi/lib/thumb/v7e-m+fp/hard/libc_nano.a(lib_a-errno.o)
                              Core/Src/syscalls.o (__errno)
/opt/st/stm32cubeide_1.6.1/plugins/com.st.stm32cube.ide.mcu.externaltools.gnu-tools-for-stm32.9-2020-q2-update.linux64_1.5.0.202011040924/tools/bin/../lib/gcc/arm-none-eabi/9.3.1/../../../../arm-none-eabi/lib/thumb/v7e-m+fp/hard/libc_nano.a(lib_a-exit.o)
                              /opt/st/stm32cubeide_1.6.1/plugins/com.st.stm32cube.ide.mcu.externaltools.gnu-tools-for-stm32.9-2020-q2-update.linux64_1.5.0.202011040924/tools/bin/../lib/gcc/arm-none-eabi/9.3.1/../../../../arm-none-eabi/lib/thumb/v7e-m+fp/hard/crt0.o (exit)
/opt/st/stm32cubeide_1.6.1/plugins/com.st.stm32cube.ide.mcu.externaltools.gnu-tools-for-stm32.9-2020-q2-update.linux64_1.5.0.202011040924/tools/bin/../lib/gcc/arm-none-eabi/9.3.1/../../../../arm-none-eabi/lib/thumb/v7e-m+fp/hard/libc_nano.a(lib_a-impure.o)
                              /opt/st/stm32cubeide_1.6.1/plugins/com.st.stm32cube.ide.mcu.externaltools.gnu-tools-for-stm32.9-2020-q2-update.linux64_1.5.0.202011040924/tools/bin/../lib/gcc/arm-none-eabi/9.3.1/../../../../arm-none-eabi/lib/thumb/v7e-m+fp/hard/libc_nano.a(lib_a-exit.o) (_global_impure_ptr)
/opt/st/stm32cubeide_1.6.1/plugins/com.st.stm32cube.ide.mcu.externaltools.gnu-tools-for-stm32.9-2020-q2-update.linux64_1.5.0.202011040924/tools/bin/../lib/gcc/arm-none-eabi/9.3.1/../../../../arm-none-eabi/lib/thumb/v7e-m+fp/hard/libc_nano.a(lib_a-init.o)
                              /opt/st/stm32cubeide_1.6.1/plugins/com.st.stm32cube.ide.mcu.externaltools.gnu-tools-for-stm32.9-2020-q2-update.linux64_1.5.0.202011040924/tools/bin/../lib/gcc/arm-none-eabi/9.3.1/../../../../arm-none-eabi/lib/thumb/v7e-m+fp/hard/crt0.o (__libc_init_array)
/opt/st/stm32cubeide_1.6.1/plugins/com.st.stm32cube.ide.mcu.externaltools.gnu-tools-for-stm32.9-2020-q2-update.linux64_1.5.0.202011040924/tools/bin/../lib/gcc/arm-none-eabi/9.3.1/../../../../arm-none-eabi/lib/thumb/v7e-m+fp/hard/libc_nano.a(lib_a-memset.o)
                              /opt/st/stm32cubeide_1.6.1/plugins/com.st.stm32cube.ide.mcu.externaltools.gnu-tools-for-stm32.9-2020-q2-update.linux64_1.5.0.202011040924/tools/bin/../lib/gcc/arm-none-eabi/9.3.1/../../../../arm-none-eabi/lib/thumb/v7e-m+fp/hard/crt0.o (memset)
/opt/st/stm32cubeide_1.6.1/plugins/com.st.stm32cube.ide.mcu.externaltools.gnu-tools-for-stm32.9-2020-q2-update.linux64_1.5.0.202011040924/tools/bin/../lib/gcc/arm-none-eabi/9.3.1/thumb/v7e-m+fp/hard/libgcc.a(_aeabi_uldivmod.o)
                              Drivers/STM32F4xx_HAL_Driver/Src/stm32f4xx_hal_rcc.o (__aeabi_uldivmod)
/opt/st/stm32cubeide_1.6.1/plugins/com.st.stm32cube.ide.mcu.externaltools.gnu-tools-for-stm32.9-2020-q2-update.linux64_1.5.0.202011040924/tools/bin/../lib/gcc/arm-none-eabi/9.3.1/thumb/v7e-m+fp/hard/libgcc.a(_udivmoddi4.o)
                              /opt/st/stm32cubeide_1.6.1/plugins/com.st.stm32cube.ide.mcu.externaltools.gnu-tools-for-stm32.9-2020-q2-update.linux64_1.5.0.202011040924/tools/bin/../lib/gcc/arm-none-eabi/9.3.1/thumb/v7e-m+fp/hard/libgcc.a(_aeabi_uldivmod.o) (__udivmoddi4)
/opt/st/stm32cubeide_1.6.1/plugins/com.st.stm32cube.ide.mcu.externaltools.gnu-tools-for-stm32.9-2020-q2-update.linux64_1.5.0.202011040924/tools/bin/../lib/gcc/arm-none-eabi/9.3.1/thumb/v7e-m+fp/hard/libgcc.a(_dvmd_tls.o)
                              /opt/st/stm32cubeide_1.6.1/plugins/com.st.stm32cube.ide.mcu.externaltools.gnu-tools-for-stm32.9-2020-q2-update.linux64_1.5.0.202011040924/tools/bin/../lib/gcc/arm-none-eabi/9.3.1/thumb/v7e-m+fp/hard/libgcc.a(_aeabi_uldivmod.o) (__aeabi_ldiv0)

Allocating common symbols
Common symbol       size              file

hUsbDeviceFS        0x2d0             USB_DEVICE/App/usb_device.o
hpcd_USB_OTG_FS     0x408             USB_DEVICE/Target/usbd_conf.o
uwTick              0x4               Drivers/STM32F4xx_HAL_Driver/Src/stm32f4xx_hal.o
pFlash              0x20              Drivers/STM32F4xx_HAL_Driver/Src/stm32f4xx_hal_flash.o
hsai_BlockB1        0x88              Core/Src/main.o
hdma_sai1_b         0x60              Core/Src/main.o
USBD_StrDesc        0x200             USB_DEVICE/App/usbd_desc.o

Discarded input sections

 .text          0x0000000000000000        0x0 /opt/st/stm32cubeide_1.6.1/plugins/com.st.stm32cube.ide.mcu.externaltools.gnu-tools-for-stm32.9-2020-q2-update.linux64_1.5.0.202011040924/tools/bin/../lib/gcc/arm-none-eabi/9.3.1/thumb/v7e-m+fp/hard/crti.o
 .data          0x0000000000000000        0x0 /opt/st/stm32cubeide_1.6.1/plugins/com.st.stm32cube.ide.mcu.externaltools.gnu-tools-for-stm32.9-2020-q2-update.linux64_1.5.0.202011040924/tools/bin/../lib/gcc/arm-none-eabi/9.3.1/thumb/v7e-m+fp/hard/crti.o
[...]
Memory Configuration

Name             Origin             Length             Attributes
RAM              0x0000000020000000 0x0000000000020000 xrw
FLASH            0x0000000008000000 0x0000000000040000 xr
*default*        0x0000000000000000 0xffffffffffffffff

Linker script and memory map

LOAD /opt/st/stm32cubeide_1.6.1/plugins/com.st.stm32cube.ide.mcu.externaltools.gnu-tools-for-stm32.9-2020-q2-update.linux64_1.5.0.202011040924/tools/bin/../lib/gcc/arm-none-eabi/9.3.1/thumb/v7e-m+fp/hard/crti.o
LOAD /opt/st/stm32cubeide_1.6.1/plugins/com.st.stm32cube.ide.mcu.externaltools.gnu-tools-for-stm32.9-2020-q2-update.linux64_1.5.0.202011040924/tools/bin/../lib/gcc/arm-none-eabi/9.3.1/thumb/v7e-m+fp/hard/crtbegin.o
LOAD /opt/st/stm32cubeide_1.6.1/plugins/com.st.stm32cube.ide.mcu.externaltools.gnu-tools-for-stm32.9-2020-q2-update.linux64_1.5.0.202011040924/tools/bin/../lib/gcc/arm-none-eabi/9.3.1/../../../../arm-none-eabi/lib/thumb/v7e-m+fp/hard/crt0.o
LOAD Core/Src/main.o
LOAD Core/Src/stm32f4xx_hal_msp.o
LOAD Core/Src/stm32f4xx_it.o
LOAD Core/Src/syscalls.o
LOAD Core/Src/sysmem.o
LOAD Core/Src/system_stm32f4xx.o
LOAD Core/Startup/startup_stm32f446rctx.o
LOAD Drivers/BSP/Sound-20D01/Src/audio.o
LOAD Drivers/STM32F4xx_HAL_Driver/Src/stm32f4xx_hal.o
LOAD Drivers/STM32F4xx_HAL_Driver/Src/stm32f4xx_hal_cortex.o
LOAD Drivers/STM32F4xx_HAL_Driver/Src/stm32f4xx_hal_dma.o
LOAD Drivers/STM32F4xx_HAL_Driver/Src/stm32f4xx_hal_dma_ex.o
LOAD Drivers/STM32F4xx_HAL_Driver/Src/stm32f4xx_hal_exti.o
LOAD Drivers/STM32F4xx_HAL_Driver/Src/stm32f4xx_hal_flash.o
LOAD Drivers/STM32F4xx_HAL_Driver/Src/stm32f4xx_hal_flash_ex.o
LOAD Drivers/STM32F4xx_HAL_Driver/Src/stm32f4xx_hal_flash_ramfunc.o
LOAD Drivers/STM32F4xx_HAL_Driver/Src/stm32f4xx_hal_gpio.o
LOAD Drivers/STM32F4xx_HAL_Driver/Src/stm32f4xx_hal_pcd.o
LOAD Drivers/STM32F4xx_HAL_Driver/Src/stm32f4xx_hal_pcd_ex.o
LOAD Drivers/STM32F4xx_HAL_Driver/Src/stm32f4xx_hal_pwr.o
LOAD Drivers/STM32F4xx_HAL_Driver/Src/stm32f4xx_hal_pwr_ex.o
LOAD Drivers/STM32F4xx_HAL_Driver/Src/stm32f4xx_hal_rcc.o
LOAD Drivers/STM32F4xx_HAL_Driver/Src/stm32f4xx_hal_rcc_ex.o
LOAD Drivers/STM32F4xx_HAL_Driver/Src/stm32f4xx_hal_sai.o
LOAD Drivers/STM32F4xx_HAL_Driver/Src/stm32f4xx_hal_sai_ex.o
LOAD Drivers/STM32F4xx_HAL_Driver/Src/stm32f4xx_hal_tim.o
LOAD Drivers/STM32F4xx_HAL_Driver/Src/stm32f4xx_hal_tim_ex.o
LOAD Drivers/STM32F4xx_HAL_Driver/Src/stm32f4xx_ll_usb.o
LOAD Middlewares/ST/STM32_USB_Device_Library/Class/AUDIO/Src/usbd_audio.o
LOAD Middlewares/ST/STM32_USB_Device_Library/Core/Src/usbd_core.o
LOAD Middlewares/ST/STM32_USB_Device_Library/Core/Src/usbd_ctlreq.o
LOAD Middlewares/ST/STM32_USB_Device_Library/Core/Src/usbd_ioreq.o
LOAD USB_DEVICE/App/usb_device.o
LOAD USB_DEVICE/App/usbd_audio_if.o
LOAD USB_DEVICE/App/usbd_desc.o
LOAD USB_DEVICE/Target/usbd_conf.o
START GROUP
LOAD /opt/st/stm32cubeide_1.6.1/plugins/com.st.stm32cube.ide.mcu.externaltools.gnu-tools-for-stm32.9-2020-q2-update.linux64_1.5.0.202011040924/tools/bin/../lib/gcc/arm-none-eabi/9.3.1/../../../../arm-none-eabi/lib/thumb/v7e-m+fp/hard/libc_nano.a
LOAD /opt/st/stm32cubeide_1.6.1/plugins/com.st.stm32cube.ide.mcu.externaltools.gnu-tools-for-stm32.9-2020-q2-update.linux64_1.5.0.202011040924/tools/bin/../lib/gcc/arm-none-eabi/9.3.1/../../../../arm-none-eabi/lib/thumb/v7e-m+fp/hard/libm.a
END GROUP
START GROUP
LOAD /opt/st/stm32cubeide_1.6.1/plugins/com.st.stm32cube.ide.mcu.externaltools.gnu-tools-for-stm32.9-2020-q2-update.linux64_1.5.0.202011040924/tools/bin/../lib/gcc/arm-none-eabi/9.3.1/thumb/v7e-m+fp/hard/libgcc.a
LOAD /opt/st/stm32cubeide_1.6.1/plugins/com.st.stm32cube.ide.mcu.externaltools.gnu-tools-for-stm32.9-2020-q2-update.linux64_1.5.0.202011040924/tools/bin/../lib/gcc/arm-none-eabi/9.3.1/../../../../arm-none-eabi/lib/thumb/v7e-m+fp/hard/libc_nano.a
END GROUP
START GROUP
LOAD /opt/st/stm32cubeide_1.6.1/plugins/com.st.stm32cube.ide.mcu.externaltools.gnu-tools-for-stm32.9-2020-q2-update.linux64_1.5.0.202011040924/tools/bin/../lib/gcc/arm-none-eabi/9.3.1/thumb/v7e-m+fp/hard/libgcc.a
LOAD /opt/st/stm32cubeide_1.6.1/plugins/com.st.stm32cube.ide.mcu.externaltools.gnu-tools-for-stm32.9-2020-q2-update.linux64_1.5.0.202011040924/tools/bin/../lib/gcc/arm-none-eabi/9.3.1/../../../../arm-none-eabi/lib/thumb/v7e-m+fp/hard/libc_nano.a
LOAD /opt/st/stm32cubeide_1.6.1/plugins/com.st.stm32cube.ide.mcu.externaltools.gnu-tools-for-stm32.9-2020-q2-update.linux64_1.5.0.202011040924/tools/bin/../lib/gcc/arm-none-eabi/9.3.1/../../../../arm-none-eabi/lib/thumb/v7e-m+fp/hard/libnosys.a
END GROUP
START GROUP
LOAD /opt/st/stm32cubeide_1.6.1/plugins/com.st.stm32cube.ide.mcu.externaltools.gnu-tools-for-stm32.9-2020-q2-update.linux64_1.5.0.202011040924/tools/bin/../lib/gcc/arm-none-eabi/9.3.1/thumb/v7e-m+fp/hard/libgcc.a
LOAD /opt/st/stm32cubeide_1.6.1/plugins/com.st.stm32cube.ide.mcu.externaltools.gnu-tools-for-stm32.9-2020-q2-update.linux64_1.5.0.202011040924/tools/bin/../lib/gcc/arm-none-eabi/9.3.1/../../../../arm-none-eabi/lib/thumb/v7e-m+fp/hard/libc_nano.a
LOAD /opt/st/stm32cubeide_1.6.1/plugins/com.st.stm32cube.ide.mcu.externaltools.gnu-tools-for-stm32.9-2020-q2-update.linux64_1.5.0.202011040924/tools/bin/../lib/gcc/arm-none-eabi/9.3.1/../../../../arm-none-eabi/lib/thumb/v7e-m+fp/hard/libnosys.a
END GROUP
LOAD /opt/st/stm32cubeide_1.6.1/plugins/com.st.stm32cube.ide.mcu.externaltools.gnu-tools-for-stm32.9-2020-q2-update.linux64_1.5.0.202011040924/tools/bin/../lib/gcc/arm-none-eabi/9.3.1/thumb/v7e-m+fp/hard/crtend.o
LOAD /opt/st/stm32cubeide_1.6.1/plugins/com.st.stm32cube.ide.mcu.externaltools.gnu-tools-for-stm32.9-2020-q2-update.linux64_1.5.0.202011040924/tools/bin/../lib/gcc/arm-none-eabi/9.3.1/thumb/v7e-m+fp/hard/crtn.o
                0x0000000020020000                _estack = (ORIGIN (RAM) + LENGTH (RAM))
                0x0000000000000200                _Min_Heap_Size = 0x200
                0x0000000000000400                _Min_Stack_Size = 0x400

.isr_vector     0x0000000008000000      0x1c4
                0x0000000008000000                . = ALIGN (0x4)
 *(.isr_vector)
 .isr_vector    0x0000000008000000      0x1c4 Core/Startup/startup_stm32f446rctx.o
                0x0000000008000000                g_pfnVectors
                0x00000000080001c4                . = ALIGN (0x4)

.text           0x00000000080001c4     0x8524
                0x00000000080001c4                . = ALIGN (0x4)
 *(.text)
 .text          0x00000000080001c4       0x40 /opt/st/stm32cubeide_1.6.1/plugins/com.st.stm32cube.ide.mcu.externaltools.gnu-tools-for-stm32.9-2020-q2-update.linux64_1.5.0.202011040924/tools/bin/../lib/gcc/arm-none-eabi/9.3.1/thumb/v7e-m+fp/hard/crtbegin.o
 .text          0x0000000008000204       0x30 /opt/st/stm32cubeide_1.6.1/plugins/com.st.stm32cube.ide.mcu.externaltools.gnu-tools-for-stm32.9-2020-q2-update.linux64_1.5.0.202011040924/tools/bin/../lib/gcc/arm-none-eabi/9.3.1/thumb/v7e-m+fp/hard/libgcc.a(_aeabi_uldivmod.o)
                0x0000000008000204                __aeabi_uldivmod
 .text          0x0000000008000234      0x2c4 /opt/st/stm32cubeide_1.6.1/plugins/com.st.stm32cube.ide.mcu.externaltools.gnu-tools-for-stm32.9-2020-q2-update.linux64_1.5.0.202011040924/tools/bin/../lib/gcc/arm-none-eabi/9.3.1/thumb/v7e-m+fp/hard/libgcc.a(_udivmoddi4.o)
                0x0000000008000234                __udivmoddi4
 .text          0x00000000080004f8        0x4 /opt/st/stm32cubeide_1.6.1/plugins/com.st.stm32cube.ide.mcu.externaltools.gnu-tools-for-stm32.9-2020-q2-update.linux64_1.5.0.202011040924/tools/bin/../lib/gcc/arm-none-eabi/9.3.1/thumb/v7e-m+fp/hard/libgcc.a(_dvmd_tls.o)
                0x00000000080004f8                __aeabi_ldiv0
                0x00000000080004f8                __aeabi_idiv0
 *(.text*)
 .text.main     0x00000000080004fc       0x1e Core/Src/main.o
                0x00000000080004fc                main
 *fill*         0x000000000800051a        0x2 
 .text.SystemClock_Config
                0x000000000800051c      0x13c Core/Src/main.o
                0x000000000800051c                SystemClock_Config
 .text.MX_SAI1_Init
                0x0000000008000658       0x74 Core/Src/main.o
 .text.MX_DMA_Init
                0x00000000080006cc       0x40 Core/Src/main.o
 .text.MX_GPIO_Init
                0x000000000800070c       0xb8 Core/Src/main.o
 .text.Error_Handler
                0x00000000080007c4        0xa Core/Src/main.o
                0x00000000080007c4                Error_Handler
 *fill*         0x00000000080007ce        0x2 
 .text.HAL_MspInit
                0x00000000080007d0       0x50 Core/Src/stm32f4xx_hal_msp.o
                0x00000000080007d0                HAL_MspInit
 .text.HAL_SAI_MspInit
                0x0000000008000820      0x14c Core/Src/stm32f4xx_hal_msp.o
                0x0000000008000820                HAL_SAI_MspInit
 .text.NMI_Handler
                0x000000000800096c        0x6 Core/Src/stm32f4xx_it.o
                0x000000000800096c                NMI_Handler
 .text.HardFault_Handler
                0x0000000008000972        0x6 Core/Src/stm32f4xx_it.o
                0x0000000008000972                HardFault_Handler
 .text.MemManage_Handler
                0x0000000008000978        0x6 Core/Src/stm32f4xx_it.o
                0x0000000008000978                MemManage_Handler
 .text.BusFault_Handler
                0x000000000800097e        0x6 Core/Src/stm32f4xx_it.o
                0x000000000800097e                BusFault_Handler
 .text.UsageFault_Handler
                0x0000000008000984        0x6 Core/Src/stm32f4xx_it.o
                0x0000000008000984                UsageFault_Handler
 .text.SVC_Handler
                0x000000000800098a        0xe Core/Src/stm32f4xx_it.o
                0x000000000800098a                SVC_Handler
 .text.DebugMon_Handler
                0x0000000008000998        0xe Core/Src/stm32f4xx_it.o
                0x0000000008000998                DebugMon_Handler
 .text.PendSV_Handler
                0x00000000080009a6        0xe Core/Src/stm32f4xx_it.o
                0x00000000080009a6                PendSV_Handler
 .text.SysTick_Handler
                0x00000000080009b4        0xc Core/Src/stm32f4xx_it.o
                0x00000000080009b4                SysTick_Handler
 .text.OTG_FS_IRQHandler
                0x00000000080009c0       0x14 Core/Src/stm32f4xx_it.o
                0x00000000080009c0                OTG_FS_IRQHandler
 .text.DMA2_Stream5_IRQHandler
                0x00000000080009d4       0x14 Core/Src/stm32f4xx_it.o
                0x00000000080009d4                DMA2_Stream5_IRQHandler
 .text.SystemInit
                0x00000000080009e8       0x24 Core/Src/system_stm32f4xx.o
                0x00000000080009e8                SystemInit
 .text.Reset_Handler
                0x0000000008000a0c       0x50 Core/Startup/startup_stm32f446rctx.o
                0x0000000008000a0c                Reset_Handler
 .text.Default_Handler
                0x0000000008000a5c        0x2 Core/Startup/startup_stm32f446rctx.o
                0x0000000008000a5c                RTC_Alarm_IRQHandler
                0x0000000008000a5c                EXTI2_IRQHandler
                0x0000000008000a5c                TIM8_CC_IRQHandler
                0x0000000008000a5c                FMPI2C1_EV_IRQHandler
                0x0000000008000a5c                SPI4_IRQHandler
                0x0000000008000a5c                TIM1_CC_IRQHandler
                0x0000000008000a5c                DMA1_Stream5_IRQHandler
                0x0000000008000a5c                PVD_IRQHandler
                0x0000000008000a5c                SDIO_IRQHandler
                0x0000000008000a5c                TAMP_STAMP_IRQHandler
                0x0000000008000a5c                CAN2_RX1_IRQHandler
                0x0000000008000a5c                EXTI3_IRQHandler
                0x0000000008000a5c                TIM8_TRG_COM_TIM14_IRQHandler
                0x0000000008000a5c                TIM1_UP_TIM10_IRQHandler
                0x0000000008000a5c                TIM8_UP_TIM13_IRQHandler
                0x0000000008000a5c                I2C3_ER_IRQHandler
                0x0000000008000a5c                EXTI0_IRQHandler
                0x0000000008000a5c                I2C2_EV_IRQHandler
                0x0000000008000a5c                DMA1_Stream2_IRQHandler
                0x0000000008000a5c                CAN1_RX0_IRQHandler
                0x0000000008000a5c                FPU_IRQHandler
                0x0000000008000a5c                OTG_HS_WKUP_IRQHandler
                0x0000000008000a5c                CAN2_SCE_IRQHandler
                0x0000000008000a5c                DMA2_Stream2_IRQHandler
                0x0000000008000a5c                SPI1_IRQHandler
                0x0000000008000a5c                TIM6_DAC_IRQHandler
                0x0000000008000a5c                TIM1_BRK_TIM9_IRQHandler
                0x0000000008000a5c                DCMI_IRQHandler
                0x0000000008000a5c                CAN2_RX0_IRQHandler
                0x0000000008000a5c                DMA2_Stream3_IRQHandler
                0x0000000008000a5c                SAI2_IRQHandler
                0x0000000008000a5c                USART6_IRQHandler
                0x0000000008000a5c                USART3_IRQHandler
                0x0000000008000a5c                CAN1_RX1_IRQHandler
                0x0000000008000a5c                UART5_IRQHandler
                0x0000000008000a5c                DMA2_Stream0_IRQHandler
                0x0000000008000a5c                TIM4_IRQHandler
                0x0000000008000a5c                QUADSPI_IRQHandler
                0x0000000008000a5c                I2C1_EV_IRQHandler
                0x0000000008000a5c                DMA1_Stream6_IRQHandler
                0x0000000008000a5c                DMA1_Stream1_IRQHandler
                0x0000000008000a5c                UART4_IRQHandler
                0x0000000008000a5c                TIM3_IRQHandler
                0x0000000008000a5c                RCC_IRQHandler
                0x0000000008000a5c                TIM8_BRK_TIM12_IRQHandler
                0x0000000008000a5c                Default_Handler
                0x0000000008000a5c                CEC_IRQHandler
                0x0000000008000a5c                EXTI15_10_IRQHandler
                0x0000000008000a5c                ADC_IRQHandler
                0x0000000008000a5c                DMA1_Stream7_IRQHandler
                0x0000000008000a5c                TIM7_IRQHandler
                0x0000000008000a5c                CAN2_TX_IRQHandler
                0x0000000008000a5c                TIM5_IRQHandler
                0x0000000008000a5c                DMA2_Stream7_IRQHandler
                0x0000000008000a5c                I2C3_EV_IRQHandler
                0x0000000008000a5c                EXTI9_5_IRQHandler
                0x0000000008000a5c                RTC_WKUP_IRQHandler
                0x0000000008000a5c                SPDIF_RX_IRQHandler
                0x0000000008000a5c                SPI2_IRQHandler
                0x0000000008000a5c                OTG_HS_EP1_IN_IRQHandler
                0x0000000008000a5c                DMA1_Stream0_IRQHandler
                0x0000000008000a5c                CAN1_TX_IRQHandler
                0x0000000008000a5c                FMPI2C1_ER_IRQHandler
                0x0000000008000a5c                EXTI4_IRQHandler
                0x0000000008000a5c                OTG_HS_EP1_OUT_IRQHandler
                0x0000000008000a5c                WWDG_IRQHandler
                0x0000000008000a5c                TIM2_IRQHandler
                0x0000000008000a5c                OTG_FS_WKUP_IRQHandler
                0x0000000008000a5c                TIM1_TRG_COM_TIM11_IRQHandler
                0x0000000008000a5c                OTG_HS_IRQHandler
                0x0000000008000a5c                EXTI1_IRQHandler
                0x0000000008000a5c                USART2_IRQHandler
                0x0000000008000a5c                I2C2_ER_IRQHandler
                0x0000000008000a5c                DMA2_Stream1_IRQHandler
                0x0000000008000a5c                CAN1_SCE_IRQHandler
                0x0000000008000a5c                FLASH_IRQHandler
                0x0000000008000a5c                DMA2_Stream4_IRQHandler
                0x0000000008000a5c                USART1_IRQHandler
                0x0000000008000a5c                SPI3_IRQHandler
                0x0000000008000a5c                DMA1_Stream4_IRQHandler
                0x0000000008000a5c                I2C1_ER_IRQHandler
                0x0000000008000a5c                FMC_IRQHandler
                0x0000000008000a5c                DMA2_Stream6_IRQHandler
                0x0000000008000a5c                SAI1_IRQHandler
                0x0000000008000a5c                DMA1_Stream3_IRQHandler
 .text.HAL_SAI_TxCpltCallback
                0x0000000008000a5e       0x14 Drivers/BSP/Sound-20D01/Src/audio.o
                0x0000000008000a5e                HAL_SAI_TxCpltCallback
 .text.HAL_SAI_TxHalfCpltCallback
                0x0000000008000a72       0x14 Drivers/BSP/Sound-20D01/Src/audio.o
                0x0000000008000a72                HAL_SAI_TxHalfCpltCallback
 *fill*         0x0000000008000a86        0x2 
 .text.BSP_AUDIO_OUT_Play
                0x0000000008000a88       0x38 Drivers/BSP/Sound-20D01/Src/audio.o
                0x0000000008000a88                BSP_AUDIO_OUT_Play
 .text.BSP_AUDIO_OUT_ChangeBuffer
                0x0000000008000ac0       0x24 Drivers/BSP/Sound-20D01/Src/audio.o
                0x0000000008000ac0                BSP_AUDIO_OUT_ChangeBuffer
 .text.HAL_Init
                0x0000000008000ae4       0x44 Drivers/STM32F4xx_HAL_Driver/Src/stm32f4xx_hal.o
                0x0000000008000ae4                HAL_Init
 .text.HAL_InitTick
                0x0000000008000b28       0x60 Drivers/STM32F4xx_HAL_Driver/Src/stm32f4xx_hal.o
                0x0000000008000b28                HAL_InitTick
 .text.HAL_IncTick
                0x0000000008000b88       0x28 Drivers/STM32F4xx_HAL_Driver/Src/stm32f4xx_hal.o
                0x0000000008000b88                HAL_IncTick
 .text.HAL_GetTick
                0x0000000008000bb0       0x18 Drivers/STM32F4xx_HAL_Driver/Src/stm32f4xx_hal.o
                0x0000000008000bb0                HAL_GetTick
 .text.HAL_Delay
                0x0000000008000bc8       0x48 Drivers/STM32F4xx_HAL_Driver/Src/stm32f4xx_hal.o
                0x0000000008000bc8                HAL_Delay
 .text.__NVIC_SetPriorityGrouping
                0x0000000008000c10       0x48 Drivers/STM32F4xx_HAL_Driver/Src/stm32f4xx_hal_cortex.o
 .text.__NVIC_GetPriorityGrouping
                0x0000000008000c58       0x1c Drivers/STM32F4xx_HAL_Driver/Src/stm32f4xx_hal_cortex.o
 .text.__NVIC_EnableIRQ
                0x0000000008000c74       0x3c Drivers/STM32F4xx_HAL_Driver/Src/stm32f4xx_hal_cortex.o
 .text.__NVIC_SetPriority
                0x0000000008000cb0       0x54 Drivers/STM32F4xx_HAL_Driver/Src/stm32f4xx_hal_cortex.o
 .text.NVIC_EncodePriority
                0x0000000008000d04       0x66 Drivers/STM32F4xx_HAL_Driver/Src/stm32f4xx_hal_cortex.o
 *fill*         0x0000000008000d6a        0x2 
 .text.SysTick_Config
                0x0000000008000d6c       0x44 Drivers/STM32F4xx_HAL_Driver/Src/stm32f4xx_hal_cortex.o
 .text.HAL_NVIC_SetPriorityGrouping
                0x0000000008000db0       0x16 Drivers/STM32F4xx_HAL_Driver/Src/stm32f4xx_hal_cortex.o
                0x0000000008000db0                HAL_NVIC_SetPriorityGrouping
 .text.HAL_NVIC_SetPriority
                0x0000000008000dc6       0x38 Drivers/STM32F4xx_HAL_Driver/Src/stm32f4xx_hal_cortex.o
                0x0000000008000dc6                HAL_NVIC_SetPriority
 .text.HAL_NVIC_EnableIRQ
                0x0000000008000dfe       0x1c Drivers/STM32F4xx_HAL_Driver/Src/stm32f4xx_hal_cortex.o
                0x0000000008000dfe                HAL_NVIC_EnableIRQ
 .text.HAL_SYSTICK_Config
                0x0000000008000e1a       0x18 Drivers/STM32F4xx_HAL_Driver/Src/stm32f4xx_hal_cortex.o
                0x0000000008000e1a                HAL_SYSTICK_Config
 *fill*         0x0000000008000e32        0x2 
 .text.HAL_DMA_Init
                0x0000000008000e34      0x15c Drivers/STM32F4xx_HAL_Driver/Src/stm32f4xx_hal_dma.o
                0x0000000008000e34                HAL_DMA_Init
 .text.HAL_DMA_Start_IT
                0x0000000008000f90       0xb0 Drivers/STM32F4xx_HAL_Driver/Src/stm32f4xx_hal_dma.o
                0x0000000008000f90                HAL_DMA_Start_IT
 .text.HAL_DMA_IRQHandler
                0x0000000008001040      0x314 Drivers/STM32F4xx_HAL_Driver/Src/stm32f4xx_hal_dma.o
                0x0000000008001040                HAL_DMA_IRQHandler
 .text.DMA_SetConfig
                0x0000000008001354       0x5c Drivers/STM32F4xx_HAL_Driver/Src/stm32f4xx_hal_dma.o
 .text.DMA_CalcBaseAndBitshift
                0x00000000080013b0       0x6c Drivers/STM32F4xx_HAL_Driver/Src/stm32f4xx_hal_dma.o
 .text.DMA_CheckFifoParam
                0x000000000800141c       0xf8 Drivers/STM32F4xx_HAL_Driver/Src/stm32f4xx_hal_dma.o
 .text.HAL_GPIO_Init
                0x0000000008001514      0x328 Drivers/STM32F4xx_HAL_Driver/Src/stm32f4xx_hal_gpio.o
                0x0000000008001514                HAL_GPIO_Init
 .text.HAL_PCD_Init
                0x000000000800183c      0x248 Drivers/STM32F4xx_HAL_Driver/Src/stm32f4xx_hal_pcd.o
                0x000000000800183c                HAL_PCD_Init
 .text.HAL_PCD_Start
                0x0000000008001a84       0x66 Drivers/STM32F4xx_HAL_Driver/Src/stm32f4xx_hal_pcd.o
                0x0000000008001a84                HAL_PCD_Start
 .text.HAL_PCD_IRQHandler
                0x0000000008001aea      0x7be Drivers/STM32F4xx_HAL_Driver/Src/stm32f4xx_hal_pcd.o
                0x0000000008001aea                HAL_PCD_IRQHandler
 .text.HAL_PCD_SetAddress
                0x00000000080022a8       0x4a Drivers/STM32F4xx_HAL_Driver/Src/stm32f4xx_hal_pcd.o
                0x00000000080022a8                HAL_PCD_SetAddress
 .text.HAL_PCD_EP_Open
                0x00000000080022f2       0xd0 Drivers/STM32F4xx_HAL_Driver/Src/stm32f4xx_hal_pcd.o
                0x00000000080022f2                HAL_PCD_EP_Open
 .text.HAL_PCD_EP_Close
                0x00000000080023c2       0x94 Drivers/STM32F4xx_HAL_Driver/Src/stm32f4xx_hal_pcd.o
                0x00000000080023c2                HAL_PCD_EP_Close
 .text.HAL_PCD_EP_Receive
                0x0000000008002456       0x96 Drivers/STM32F4xx_HAL_Driver/Src/stm32f4xx_hal_pcd.o
                0x0000000008002456                HAL_PCD_EP_Receive
 .text.HAL_PCD_EP_GetRxCount
                0x00000000080024ec       0x30 Drivers/STM32F4xx_HAL_Driver/Src/stm32f4xx_hal_pcd.o
                0x00000000080024ec                HAL_PCD_EP_GetRxCount
 .text.HAL_PCD_EP_Transmit
                0x000000000800251c       0x94 Drivers/STM32F4xx_HAL_Driver/Src/stm32f4xx_hal_pcd.o
                0x000000000800251c                HAL_PCD_EP_Transmit
 .text.HAL_PCD_EP_SetStall
                0x00000000080025b0       0xc8 Drivers/STM32F4xx_HAL_Driver/Src/stm32f4xx_hal_pcd.o
                0x00000000080025b0                HAL_PCD_EP_SetStall
 .text.HAL_PCD_EP_ClrStall
                0x0000000008002678       0xac Drivers/STM32F4xx_HAL_Driver/Src/stm32f4xx_hal_pcd.o
                0x0000000008002678                HAL_PCD_EP_ClrStall
 .text.PCD_WriteEmptyTxFifo
                0x0000000008002724      0x11a Drivers/STM32F4xx_HAL_Driver/Src/stm32f4xx_hal_pcd.o
 *fill*         0x000000000800283e        0x2 
 .text.PCD_EP_OutXfrComplete_int
                0x0000000008002840      0x218 Drivers/STM32F4xx_HAL_Driver/Src/stm32f4xx_hal_pcd.o
 .text.PCD_EP_OutSetupPacket_int
                0x0000000008002a58       0x8c Drivers/STM32F4xx_HAL_Driver/Src/stm32f4xx_hal_pcd.o
 .text.HAL_PCDEx_SetTxFiFo
                0x0000000008002ae4       0x8e Drivers/STM32F4xx_HAL_Driver/Src/stm32f4xx_hal_pcd_ex.o
                0x0000000008002ae4                HAL_PCDEx_SetTxFiFo
 .text.HAL_PCDEx_SetRxFiFo
                0x0000000008002b72       0x22 Drivers/STM32F4xx_HAL_Driver/Src/stm32f4xx_hal_pcd_ex.o
                0x0000000008002b72                HAL_PCDEx_SetRxFiFo
 .text.HAL_PCDEx_ActivateLPM
                0x0000000008002b94       0x48 Drivers/STM32F4xx_HAL_Driver/Src/stm32f4xx_hal_pcd_ex.o
                0x0000000008002b94                HAL_PCDEx_ActivateLPM
 .text.HAL_PWREx_EnableOverDrive
                0x0000000008002bdc       0xa0 Drivers/STM32F4xx_HAL_Driver/Src/stm32f4xx_hal_pwr_ex.o
                0x0000000008002bdc                HAL_PWREx_EnableOverDrive
 .text.HAL_RCC_ClockConfig
                0x0000000008002c7c      0x1cc Drivers/STM32F4xx_HAL_Driver/Src/stm32f4xx_hal_rcc.o
                0x0000000008002c7c                HAL_RCC_ClockConfig
 .text.HAL_RCC_GetHCLKFreq
                0x0000000008002e48       0x18 Drivers/STM32F4xx_HAL_Driver/Src/stm32f4xx_hal_rcc.o
                0x0000000008002e48                HAL_RCC_GetHCLKFreq
 .text.HAL_RCCEx_PeriphCLKConfig
                0x0000000008002e60      0x654 Drivers/STM32F4xx_HAL_Driver/Src/stm32f4xx_hal_rcc_ex.o
                0x0000000008002e60                HAL_RCCEx_PeriphCLKConfig
 .text.HAL_RCCEx_GetPeriphCLKFreq
                0x00000000080034b4      0x490 Drivers/STM32F4xx_HAL_Driver/Src/stm32f4xx_hal_rcc_ex.o
                0x00000000080034b4                HAL_RCCEx_GetPeriphCLKFreq
 .text.HAL_RCC_GetSysClockFreq
                0x0000000008003944      0x364 Drivers/STM32F4xx_HAL_Driver/Src/stm32f4xx_hal_rcc_ex.o
                0x0000000008003944                HAL_RCC_GetSysClockFreq
 .text.HAL_RCC_OscConfig
                0x0000000008003ca8      0x53c Drivers/STM32F4xx_HAL_Driver/Src/stm32f4xx_hal_rcc_ex.o
                0x0000000008003ca8                HAL_RCC_OscConfig
 .text.HAL_SAI_InitProtocol
                0x00000000080041e4       0x66 Drivers/STM32F4xx_HAL_Driver/Src/stm32f4xx_hal_sai.o
                0x00000000080041e4                HAL_SAI_InitProtocol
 *fill*         0x000000000800424a        0x2 
 .text.HAL_SAI_Init
                0x000000000800424c      0x250 Drivers/STM32F4xx_HAL_Driver/Src/stm32f4xx_hal_sai.o
                0x000000000800424c                HAL_SAI_Init
 .text.HAL_SAI_Transmit_DMA
                0x000000000800449c      0x160 Drivers/STM32F4xx_HAL_Driver/Src/stm32f4xx_hal_sai.o
                0x000000000800449c                HAL_SAI_Transmit_DMA
 .text.HAL_SAI_ErrorCallback
                0x00000000080045fc       0x14 Drivers/STM32F4xx_HAL_Driver/Src/stm32f4xx_hal_sai.o
                0x00000000080045fc                HAL_SAI_ErrorCallback
 .text.SAI_InitI2S
                0x0000000008004610      0x15c Drivers/STM32F4xx_HAL_Driver/Src/stm32f4xx_hal_sai.o
 .text.SAI_InitPCM
                0x000000000800476c      0x100 Drivers/STM32F4xx_HAL_Driver/Src/stm32f4xx_hal_sai.o
 .text.SAI_InterruptFlag
                0x000000000800486c       0x6c Drivers/STM32F4xx_HAL_Driver/Src/stm32f4xx_hal_sai.o
 .text.SAI_Disable
                0x00000000080048d8       0x70 Drivers/STM32F4xx_HAL_Driver/Src/stm32f4xx_hal_sai.o
 .text.SAI_DMATxCplt
                0x0000000008004948       0x60 Drivers/STM32F4xx_HAL_Driver/Src/stm32f4xx_hal_sai.o
 .text.SAI_DMATxHalfCplt
                0x00000000080049a8       0x1c Drivers/STM32F4xx_HAL_Driver/Src/stm32f4xx_hal_sai.o
 .text.SAI_DMAError
                0x00000000080049c4       0x66 Drivers/STM32F4xx_HAL_Driver/Src/stm32f4xx_hal_sai.o
 *fill*         0x0000000008004a2a        0x2 
 .text.SAI_BlockSynchroConfig
                0x0000000008004a2c       0x88 Drivers/STM32F4xx_HAL_Driver/Src/stm32f4xx_hal_sai_ex.o
                0x0000000008004a2c                SAI_BlockSynchroConfig
 .text.SAI_GetInputClock
                0x0000000008004ab4       0x44 Drivers/STM32F4xx_HAL_Driver/Src/stm32f4xx_hal_sai_ex.o
                0x0000000008004ab4                SAI_GetInputClock
 .text.USB_CoreInit
                0x0000000008004af8       0xc2 Drivers/STM32F4xx_HAL_Driver/Src/stm32f4xx_ll_usb.o
                0x0000000008004af8                USB_CoreInit
 *fill*         0x0000000008004bba        0x2 
 .text.USB_SetTurnaroundTime
                0x0000000008004bbc      0x144 Drivers/STM32F4xx_HAL_Driver/Src/stm32f4xx_ll_usb.o
                0x0000000008004bbc                USB_SetTurnaroundTime
 .text.USB_EnableGlobalInt
                0x0000000008004d00       0x22 Drivers/STM32F4xx_HAL_Driver/Src/stm32f4xx_ll_usb.o
                0x0000000008004d00                USB_EnableGlobalInt
 .text.USB_DisableGlobalInt
                0x0000000008004d22       0x22 Drivers/STM32F4xx_HAL_Driver/Src/stm32f4xx_ll_usb.o
                0x0000000008004d22                USB_DisableGlobalInt
 .text.USB_SetCurrentMode
                0x0000000008004d44       0x98 Drivers/STM32F4xx_HAL_Driver/Src/stm32f4xx_ll_usb.o
                0x0000000008004d44                USB_SetCurrentMode
 .text.USB_DevInit
                0x0000000008004ddc      0x2bc Drivers/STM32F4xx_HAL_Driver/Src/stm32f4xx_ll_usb.o
                0x0000000008004ddc                USB_DevInit
 .text.USB_FlushTxFifo
                0x0000000008005098       0x48 Drivers/STM32F4xx_HAL_Driver/Src/stm32f4xx_ll_usb.o
                0x0000000008005098                USB_FlushTxFifo
 .text.USB_FlushRxFifo
                0x00000000080050e0       0x40 Drivers/STM32F4xx_HAL_Driver/Src/stm32f4xx_ll_usb.o
                0x00000000080050e0                USB_FlushRxFifo
 .text.USB_SetDevSpeed
                0x0000000008005120       0x32 Drivers/STM32F4xx_HAL_Driver/Src/stm32f4xx_ll_usb.o
                0x0000000008005120                USB_SetDevSpeed
 .text.USB_GetDevSpeed
                0x0000000008005152       0x4a Drivers/STM32F4xx_HAL_Driver/Src/stm32f4xx_ll_usb.o
                0x0000000008005152                USB_GetDevSpeed
 .text.USB_ActivateEndpoint
                0x000000000800519c      0x10e Drivers/STM32F4xx_HAL_Driver/Src/stm32f4xx_ll_usb.o
                0x000000000800519c                USB_ActivateEndpoint
 *fill*         0x00000000080052aa        0x2 
 .text.USB_DeactivateEndpoint
                0x00000000080052ac      0x1b8 Drivers/STM32F4xx_HAL_Driver/Src/stm32f4xx_ll_usb.o
                0x00000000080052ac                USB_DeactivateEndpoint
 .text.USB_EPStartXfer
                0x0000000008005464      0x488 Drivers/STM32F4xx_HAL_Driver/Src/stm32f4xx_ll_usb.o
                0x0000000008005464                USB_EPStartXfer
 .text.USB_EP0StartXfer
                0x00000000080058ec      0x2a6 Drivers/STM32F4xx_HAL_Driver/Src/stm32f4xx_ll_usb.o
                0x00000000080058ec                USB_EP0StartXfer
 .text.USB_WritePacket
                0x0000000008005b92       0x7c Drivers/STM32F4xx_HAL_Driver/Src/stm32f4xx_ll_usb.o
                0x0000000008005b92                USB_WritePacket
 .text.USB_ReadPacket
                0x0000000008005c0e       0xb0 Drivers/STM32F4xx_HAL_Driver/Src/stm32f4xx_ll_usb.o
                0x0000000008005c0e                USB_ReadPacket
 .text.USB_EPSetStall
                0x0000000008005cbe       0xdc Drivers/STM32F4xx_HAL_Driver/Src/stm32f4xx_ll_usb.o
                0x0000000008005cbe                USB_EPSetStall
 .text.USB_EPClearStall
                0x0000000008005d9a       0xcc Drivers/STM32F4xx_HAL_Driver/Src/stm32f4xx_ll_usb.o
                0x0000000008005d9a                USB_EPClearStall
 .text.USB_SetDevAddress
                0x0000000008005e66       0x4c Drivers/STM32F4xx_HAL_Driver/Src/stm32f4xx_ll_usb.o
                0x0000000008005e66                USB_SetDevAddress
 .text.USB_DevConnect
                0x0000000008005eb2       0x42 Drivers/STM32F4xx_HAL_Driver/Src/stm32f4xx_ll_usb.o
                0x0000000008005eb2                USB_DevConnect
 .text.USB_DevDisconnect
                0x0000000008005ef4       0x42 Drivers/STM32F4xx_HAL_Driver/Src/stm32f4xx_ll_usb.o
                0x0000000008005ef4                USB_DevDisconnect
 .text.USB_ReadInterrupts
                0x0000000008005f36       0x26 Drivers/STM32F4xx_HAL_Driver/Src/stm32f4xx_ll_usb.o
                0x0000000008005f36                USB_ReadInterrupts
 .text.USB_ReadDevAllOutEpInterrupt
                0x0000000008005f5c       0x34 Drivers/STM32F4xx_HAL_Driver/Src/stm32f4xx_ll_usb.o
                0x0000000008005f5c                USB_ReadDevAllOutEpInterrupt
 .text.USB_ReadDevAllInEpInterrupt
                0x0000000008005f90       0x34 Drivers/STM32F4xx_HAL_Driver/Src/stm32f4xx_ll_usb.o
                0x0000000008005f90                USB_ReadDevAllInEpInterrupt
 .text.USB_ReadDevOutEPInterrupt
                0x0000000008005fc4       0x3c Drivers/STM32F4xx_HAL_Driver/Src/stm32f4xx_ll_usb.o
                0x0000000008005fc4                USB_ReadDevOutEPInterrupt
 .text.USB_ReadDevInEPInterrupt
                0x0000000008006000       0x5c Drivers/STM32F4xx_HAL_Driver/Src/stm32f4xx_ll_usb.o
                0x0000000008006000                USB_ReadDevInEPInterrupt
 .text.USB_GetMode
                0x000000000800605c       0x1c Drivers/STM32F4xx_HAL_Driver/Src/stm32f4xx_ll_usb.o
                0x000000000800605c                USB_GetMode
 .text.USB_ActivateSetup
                0x0000000008006078       0x46 Drivers/STM32F4xx_HAL_Driver/Src/stm32f4xx_ll_usb.o
                0x0000000008006078                USB_ActivateSetup
 *fill*         0x00000000080060be        0x2 
 .text.USB_EP0_OutStart
                0x00000000080060c0       0xbc Drivers/STM32F4xx_HAL_Driver/Src/stm32f4xx_ll_usb.o
                0x00000000080060c0                USB_EP0_OutStart
 .text.USB_CoreReset
                0x000000000800617c       0x64 Drivers/STM32F4xx_HAL_Driver/Src/stm32f4xx_ll_usb.o
 .text.USBD_AUDIO_Init
                0x00000000080061e0       0xc8 Middlewares/ST/STM32_USB_Device_Library/Class/AUDIO/Src/usbd_audio.o
 .text.USBD_AUDIO_DeInit
                0x00000000080062a8       0x58 Middlewares/ST/STM32_USB_Device_Library/Class/AUDIO/Src/usbd_audio.o
 .text.USBD_AUDIO_Setup
                0x0000000008006300      0x194 Middlewares/ST/STM32_USB_Device_Library/Class/AUDIO/Src/usbd_audio.o
 .text.USBD_AUDIO_GetCfgDesc
                0x0000000008006494       0x20 Middlewares/ST/STM32_USB_Device_Library/Class/AUDIO/Src/usbd_audio.o
 .text.USBD_AUDIO_DataIn
                0x00000000080064b4       0x1a Middlewares/ST/STM32_USB_Device_Library/Class/AUDIO/Src/usbd_audio.o
 .text.USBD_AUDIO_EP0_RxReady
                0x00000000080064ce       0x6e Middlewares/ST/STM32_USB_Device_Library/Class/AUDIO/Src/usbd_audio.o
 .text.USBD_AUDIO_EP0_TxReady
                0x000000000800653c       0x16 Middlewares/ST/STM32_USB_Device_Library/Class/AUDIO/Src/usbd_audio.o
 .text.USBD_AUDIO_SOF
                0x0000000008006552       0x16 Middlewares/ST/STM32_USB_Device_Library/Class/AUDIO/Src/usbd_audio.o
 .text.USBD_AUDIO_Sync
                0x0000000008006568      0x158 Middlewares/ST/STM32_USB_Device_Library/Class/AUDIO/Src/usbd_audio.o
                0x0000000008006568                USBD_AUDIO_Sync
 .text.USBD_AUDIO_IsoINIncomplete
                0x00000000080066c0       0x1a Middlewares/ST/STM32_USB_Device_Library/Class/AUDIO/Src/usbd_audio.o
 .text.USBD_AUDIO_IsoOutIncomplete
                0x00000000080066da       0x1a Middlewares/ST/STM32_USB_Device_Library/Class/AUDIO/Src/usbd_audio.o
 .text.USBD_AUDIO_DataOut
                0x00000000080066f4      0x108 Middlewares/ST/STM32_USB_Device_Library/Class/AUDIO/Src/usbd_audio.o
 .text.AUDIO_REQ_GetCurrent
                0x00000000080067fc       0x48 Middlewares/ST/STM32_USB_Device_Library/Class/AUDIO/Src/usbd_audio.o
 .text.AUDIO_REQ_SetCurrent
                0x0000000008006844       0x6e Middlewares/ST/STM32_USB_Device_Library/Class/AUDIO/Src/usbd_audio.o
 *fill*         0x00000000080068b2        0x2 
 .text.USBD_AUDIO_GetDeviceQualifierDesc
                0x00000000080068b4       0x20 Middlewares/ST/STM32_USB_Device_Library/Class/AUDIO/Src/usbd_audio.o
 .text.USBD_AUDIO_RegisterInterface
                0x00000000080068d4       0x2a Middlewares/ST/STM32_USB_Device_Library/Class/AUDIO/Src/usbd_audio.o
                0x00000000080068d4                USBD_AUDIO_RegisterInterface
 .text.USBD_Init
                0x00000000080068fe       0x60 Middlewares/ST/STM32_USB_Device_Library/Core/Src/usbd_core.o
                0x00000000080068fe                USBD_Init
 .text.USBD_RegisterClass
                0x000000000800695e       0x4e Middlewares/ST/STM32_USB_Device_Library/Core/Src/usbd_core.o
                0x000000000800695e                USBD_RegisterClass
 .text.USBD_Start
                0x00000000080069ac       0x18 Middlewares/ST/STM32_USB_Device_Library/Core/Src/usbd_core.o
                0x00000000080069ac                USBD_Start
 .text.USBD_RunTestMode
                0x00000000080069c4       0x16 Middlewares/ST/STM32_USB_Device_Library/Core/Src/usbd_core.o
                0x00000000080069c4                USBD_RunTestMode
 .text.USBD_SetClassConfig
                0x00000000080069da       0x38 Middlewares/ST/STM32_USB_Device_Library/Core/Src/usbd_core.o
                0x00000000080069da                USBD_SetClassConfig
 .text.USBD_ClrClassConfig
                0x0000000008006a12       0x30 Middlewares/ST/STM32_USB_Device_Library/Core/Src/usbd_core.o
                0x0000000008006a12                USBD_ClrClassConfig
 .text.USBD_LL_SetupStage
                0x0000000008006a42       0xaa Middlewares/ST/STM32_USB_Device_Library/Core/Src/usbd_core.o
                0x0000000008006a42                USBD_LL_SetupStage
 .text.USBD_LL_DataOutStage
                0x0000000008006aec       0xc6 Middlewares/ST/STM32_USB_Device_Library/Core/Src/usbd_core.o
                0x0000000008006aec                USBD_LL_DataOutStage
 .text.USBD_LL_DataInStage
                0x0000000008006bb2      0x12c Middlewares/ST/STM32_USB_Device_Library/Core/Src/usbd_core.o
                0x0000000008006bb2                USBD_LL_DataInStage
 .text.USBD_LL_Reset
                0x0000000008006cde       0x9c Middlewares/ST/STM32_USB_Device_Library/Core/Src/usbd_core.o
                0x0000000008006cde                USBD_LL_Reset
 .text.USBD_LL_SetSpeed
                0x0000000008006d7a       0x20 Middlewares/ST/STM32_USB_Device_Library/Core/Src/usbd_core.o
                0x0000000008006d7a                USBD_LL_SetSpeed
 .text.USBD_LL_Suspend
                0x0000000008006d9a       0x2c Middlewares/ST/STM32_USB_Device_Library/Core/Src/usbd_core.o
                0x0000000008006d9a                USBD_LL_Suspend
 .text.USBD_LL_Resume
                0x0000000008006dc6       0x30 Middlewares/ST/STM32_USB_Device_Library/Core/Src/usbd_core.o
                0x0000000008006dc6                USBD_LL_Resume
 .text.USBD_LL_SOF
                0x0000000008006df6       0x44 Middlewares/ST/STM32_USB_Device_Library/Core/Src/usbd_core.o
                0x0000000008006df6                USBD_LL_SOF
 .text.USBD_LL_IsoINIncomplete
                0x0000000008006e3a       0x4c Middlewares/ST/STM32_USB_Device_Library/Core/Src/usbd_core.o
                0x0000000008006e3a                USBD_LL_IsoINIncomplete
 .text.USBD_LL_IsoOUTIncomplete
                0x0000000008006e86       0x4c Middlewares/ST/STM32_USB_Device_Library/Core/Src/usbd_core.o
                0x0000000008006e86                USBD_LL_IsoOUTIncomplete
 .text.USBD_LL_DevConnected
                0x0000000008006ed2       0x16 Middlewares/ST/STM32_USB_Device_Library/Core/Src/usbd_core.o
                0x0000000008006ed2                USBD_LL_DevConnected
 .text.USBD_LL_DevDisconnected
                0x0000000008006ee8       0x38 Middlewares/ST/STM32_USB_Device_Library/Core/Src/usbd_core.o
                0x0000000008006ee8                USBD_LL_DevDisconnected
 .text.SWAPBYTE
                0x0000000008006f20       0x3c Middlewares/ST/STM32_USB_Device_Library/Core/Src/usbd_ctlreq.o
 .text.USBD_StdDevReq
                0x0000000008006f5c       0xdc Middlewares/ST/STM32_USB_Device_Library/Core/Src/usbd_ctlreq.o
                0x0000000008006f5c                USBD_StdDevReq
 .text.USBD_StdItfReq
                0x0000000008007038       0x92 Middlewares/ST/STM32_USB_Device_Library/Core/Src/usbd_ctlreq.o
                0x0000000008007038                USBD_StdItfReq
 .text.USBD_StdEPReq
                0x00000000080070ca      0x2c4 Middlewares/ST/STM32_USB_Device_Library/Core/Src/usbd_ctlreq.o
                0x00000000080070ca                USBD_StdEPReq
 *fill*         0x000000000800738e        0x2 
 .text.USBD_GetDescriptor
                0x0000000008007390      0x328 Middlewares/ST/STM32_USB_Device_Library/Core/Src/usbd_ctlreq.o
 .text.USBD_SetAddress
                0x00000000080076b8       0x88 Middlewares/ST/STM32_USB_Device_Library/Core/Src/usbd_ctlreq.o
 .text.USBD_SetConfig
                0x0000000008007740      0x14c Middlewares/ST/STM32_USB_Device_Library/Core/Src/usbd_ctlreq.o
 .text.USBD_GetConfig
                0x000000000800788c       0x6c Middlewares/ST/STM32_USB_Device_Library/Core/Src/usbd_ctlreq.o
 .text.USBD_GetStatus
                0x00000000080078f8       0x68 Middlewares/ST/STM32_USB_Device_Library/Core/Src/usbd_ctlreq.o
 .text.USBD_SetFeature
                0x0000000008007960       0x28 Middlewares/ST/STM32_USB_Device_Library/Core/Src/usbd_ctlreq.o
 .text.USBD_ClrFeature
                0x0000000008007988       0x44 Middlewares/ST/STM32_USB_Device_Library/Core/Src/usbd_ctlreq.o
 .text.USBD_ParseSetupRequest
                0x00000000080079cc       0x74 Middlewares/ST/STM32_USB_Device_Library/Core/Src/usbd_ctlreq.o
                0x00000000080079cc                USBD_ParseSetupRequest
 .text.USBD_CtlError
                0x0000000008007a40       0x22 Middlewares/ST/STM32_USB_Device_Library/Core/Src/usbd_ctlreq.o
                0x0000000008007a40                USBD_CtlError
 .text.USBD_GetString
                0x0000000008007a62       0x8c Middlewares/ST/STM32_USB_Device_Library/Core/Src/usbd_ctlreq.o
                0x0000000008007a62                USBD_GetString
 .text.USBD_GetLen
                0x0000000008007aee       0x34 Middlewares/ST/STM32_USB_Device_Library/Core/Src/usbd_ctlreq.o
 .text.USBD_CtlSendData
                0x0000000008007b22       0x36 Middlewares/ST/STM32_USB_Device_Library/Core/Src/usbd_ioreq.o
                0x0000000008007b22                USBD_CtlSendData
 .text.USBD_CtlContinueSendData
                0x0000000008007b58       0x22 Middlewares/ST/STM32_USB_Device_Library/Core/Src/usbd_ioreq.o
                0x0000000008007b58                USBD_CtlContinueSendData
 .text.USBD_CtlPrepareRx
                0x0000000008007b7a       0x3a Middlewares/ST/STM32_USB_Device_Library/Core/Src/usbd_ioreq.o
                0x0000000008007b7a                USBD_CtlPrepareRx
 .text.USBD_CtlContinueRx
                0x0000000008007bb4       0x22 Middlewares/ST/STM32_USB_Device_Library/Core/Src/usbd_ioreq.o
                0x0000000008007bb4                USBD_CtlContinueRx
 .text.USBD_CtlSendStatus
                0x0000000008007bd6       0x26 Middlewares/ST/STM32_USB_Device_Library/Core/Src/usbd_ioreq.o
                0x0000000008007bd6                USBD_CtlSendStatus
 .text.USBD_CtlReceiveStatus
                0x0000000008007bfc       0x26 Middlewares/ST/STM32_USB_Device_Library/Core/Src/usbd_ioreq.o
                0x0000000008007bfc                USBD_CtlReceiveStatus
 *fill*         0x0000000008007c22        0x2 
 .text.MX_USB_DEVICE_Init
                0x0000000008007c24       0x60 USB_DEVICE/App/usb_device.o
                0x0000000008007c24                MX_USB_DEVICE_Init
 .text.AUDIO_Init_FS
                0x0000000008007c84       0x1a USB_DEVICE/App/usbd_audio_if.o
 .text.AUDIO_DeInit_FS
                0x0000000008007c9e       0x16 USB_DEVICE/App/usbd_audio_if.o
 .text.AUDIO_AudioCmd_FS
                0x0000000008007cb4       0x38 USB_DEVICE/App/usbd_audio_if.o
 .text.AUDIO_VolumeCtl_FS
                0x0000000008007cec       0x18 USB_DEVICE/App/usbd_audio_if.o
 .text.AUDIO_MuteCtl_FS
                0x0000000008007d04       0x18 USB_DEVICE/App/usbd_audio_if.o
 .text.AUDIO_PeriodicTC_FS
                0x0000000008007d1c       0x1c USB_DEVICE/App/usbd_audio_if.o
 .text.AUDIO_GetState_FS
                0x0000000008007d38       0x10 USB_DEVICE/App/usbd_audio_if.o
 .text.TransferComplete_CallBack_FS
                0x0000000008007d48       0x14 USB_DEVICE/App/usbd_audio_if.o
                0x0000000008007d48                TransferComplete_CallBack_FS
 .text.HalfTransfer_CallBack_FS
                0x0000000008007d5c       0x14 USB_DEVICE/App/usbd_audio_if.o
                0x0000000008007d5c                HalfTransfer_CallBack_FS
 .text.USBD_FS_DeviceDescriptor
                0x0000000008007d70       0x24 USB_DEVICE/App/usbd_desc.o
                0x0000000008007d70                USBD_FS_DeviceDescriptor
 .text.USBD_FS_LangIDStrDescriptor
                0x0000000008007d94       0x24 USB_DEVICE/App/usbd_desc.o
                0x0000000008007d94                USBD_FS_LangIDStrDescriptor
 .text.USBD_FS_ProductStrDescriptor
                0x0000000008007db8       0x3c USB_DEVICE/App/usbd_desc.o
                0x0000000008007db8                USBD_FS_ProductStrDescriptor
 .text.USBD_FS_ManufacturerStrDescriptor
                0x0000000008007df4       0x28 USB_DEVICE/App/usbd_desc.o
                0x0000000008007df4                USBD_FS_ManufacturerStrDescriptor
 .text.USBD_FS_SerialStrDescriptor
                0x0000000008007e1c       0x24 USB_DEVICE/App/usbd_desc.o
                0x0000000008007e1c                USBD_FS_SerialStrDescriptor
 .text.USBD_FS_ConfigStrDescriptor
                0x0000000008007e40       0x3c USB_DEVICE/App/usbd_desc.o
                0x0000000008007e40                USBD_FS_ConfigStrDescriptor
 .text.USBD_FS_InterfaceStrDescriptor
                0x0000000008007e7c       0x3c USB_DEVICE/App/usbd_desc.o
                0x0000000008007e7c                USBD_FS_InterfaceStrDescriptor
 .text.USBD_FS_USR_BOSDescriptor
                0x0000000008007eb8       0x24 USB_DEVICE/App/usbd_desc.o
                0x0000000008007eb8                USBD_FS_USR_BOSDescriptor
 .text.Get_SerialNum
                0x0000000008007edc       0x58 USB_DEVICE/App/usbd_desc.o
 .text.IntToUnicode
                0x0000000008007f34       0x7e USB_DEVICE/App/usbd_desc.o
 *fill*         0x0000000008007fb2        0x2 
 .text.HAL_PCD_MspInit
                0x0000000008007fb4       0xa8 USB_DEVICE/Target/usbd_conf.o
                0x0000000008007fb4                HAL_PCD_MspInit
 .text.HAL_PCD_SetupStageCallback
                0x000000000800805c       0x24 USB_DEVICE/Target/usbd_conf.o
                0x000000000800805c                HAL_PCD_SetupStageCallback
 .text.HAL_PCD_DataOutStageCallback
                0x0000000008008080       0x36 USB_DEVICE/Target/usbd_conf.o
                0x0000000008008080                HAL_PCD_DataOutStageCallback
 .text.HAL_PCD_DataInStageCallback
                0x00000000080080b6       0x34 USB_DEVICE/Target/usbd_conf.o
                0x00000000080080b6                HAL_PCD_DataInStageCallback
 .text.HAL_PCD_SOFCallback
                0x00000000080080ea       0x1c USB_DEVICE/Target/usbd_conf.o
                0x00000000080080ea                HAL_PCD_SOFCallback
 .text.HAL_PCD_ResetCallback
                0x0000000008008106       0x50 USB_DEVICE/Target/usbd_conf.o
                0x0000000008008106                HAL_PCD_ResetCallback
 *fill*         0x0000000008008156        0x2 
 .text.HAL_PCD_SuspendCallback
                0x0000000008008158       0x4c USB_DEVICE/Target/usbd_conf.o
                0x0000000008008158                HAL_PCD_SuspendCallback
 .text.HAL_PCD_ResumeCallback
                0x00000000080081a4       0x1c USB_DEVICE/Target/usbd_conf.o
                0x00000000080081a4                HAL_PCD_ResumeCallback
 .text.HAL_PCD_ISOOUTIncompleteCallback
                0x00000000080081c0       0x24 USB_DEVICE/Target/usbd_conf.o
                0x00000000080081c0                HAL_PCD_ISOOUTIncompleteCallback
 .text.HAL_PCD_ISOINIncompleteCallback
                0x00000000080081e4       0x24 USB_DEVICE/Target/usbd_conf.o
                0x00000000080081e4                HAL_PCD_ISOINIncompleteCallback
 .text.HAL_PCD_ConnectCallback
                0x0000000008008208       0x1c USB_DEVICE/Target/usbd_conf.o
                0x0000000008008208                HAL_PCD_ConnectCallback
 .text.HAL_PCD_DisconnectCallback
                0x0000000008008224       0x1c USB_DEVICE/Target/usbd_conf.o
                0x0000000008008224                HAL_PCD_DisconnectCallback
 .text.USBD_LL_Init
                0x0000000008008240       0x98 USB_DEVICE/Target/usbd_conf.o
                0x0000000008008240                USBD_LL_Init
 .text.USBD_LL_Start
                0x00000000080082d8       0x36 USB_DEVICE/Target/usbd_conf.o
                0x00000000080082d8                USBD_LL_Start
 .text.USBD_LL_OpenEP
                0x000000000800830e       0x4c USB_DEVICE/Target/usbd_conf.o
                0x000000000800830e                USBD_LL_OpenEP
 .text.USBD_LL_CloseEP
                0x000000000800835a       0x3e USB_DEVICE/Target/usbd_conf.o
                0x000000000800835a                USBD_LL_CloseEP
 .text.USBD_LL_StallEP
                0x0000000008008398       0x3e USB_DEVICE/Target/usbd_conf.o
                0x0000000008008398                USBD_LL_StallEP
 .text.USBD_LL_ClearStallEP
                0x00000000080083d6       0x3e USB_DEVICE/Target/usbd_conf.o
                0x00000000080083d6                USBD_LL_ClearStallEP
 .text.USBD_LL_IsStallEP
                0x0000000008008414       0x58 USB_DEVICE/Target/usbd_conf.o
                0x0000000008008414                USBD_LL_IsStallEP
 .text.USBD_LL_SetUSBAddress
                0x000000000800846c       0x3e USB_DEVICE/Target/usbd_conf.o
                0x000000000800846c                USBD_LL_SetUSBAddress
 .text.USBD_LL_Transmit
                0x00000000080084aa       0x42 USB_DEVICE/Target/usbd_conf.o
                0x00000000080084aa                USBD_LL_Transmit
 .text.USBD_LL_PrepareReceive
                0x00000000080084ec       0x42 USB_DEVICE/Target/usbd_conf.o
                0x00000000080084ec                USBD_LL_PrepareReceive
 .text.USBD_LL_GetRxDataSize
                0x000000000800852e       0x26 USB_DEVICE/Target/usbd_conf.o
                0x000000000800852e                USBD_LL_GetRxDataSize
 .text.HAL_PCDEx_LPM_Callback
                0x0000000008008554       0x9c USB_DEVICE/Target/usbd_conf.o
                0x0000000008008554                HAL_PCDEx_LPM_Callback
 .text.USBD_static_malloc
                0x00000000080085f0       0x1c USB_DEVICE/Target/usbd_conf.o
                0x00000000080085f0                USBD_static_malloc
 .text.USBD_static_free
                0x000000000800860c       0x14 USB_DEVICE/Target/usbd_conf.o
                0x000000000800860c                USBD_static_free
 .text.USBD_Get_USB_Status
                0x0000000008008620       0x58 USB_DEVICE/Target/usbd_conf.o
                0x0000000008008620                USBD_Get_USB_Status
 .text.__libc_init_array
                0x0000000008008678       0x48 /opt/st/stm32cubeide_1.6.1/plugins/com.st.stm32cube.ide.mcu.externaltools.gnu-tools-for-stm32.9-2020-q2-update.linux64_1.5.0.202011040924/tools/bin/../lib/gcc/arm-none-eabi/9.3.1/../../../../arm-none-eabi/lib/thumb/v7e-m+fp/hard/libc_nano.a(lib_a-init.o)
                0x0000000008008678                __libc_init_array
 .text.memset   0x00000000080086c0       0x10 /opt/st/stm32cubeide_1.6.1/plugins/com.st.stm32cube.ide.mcu.externaltools.gnu-tools-for-stm32.9-2020-q2-update.linux64_1.5.0.202011040924/tools/bin/../lib/gcc/arm-none-eabi/9.3.1/../../../../arm-none-eabi/lib/thumb/v7e-m+fp/hard/libc_nano.a(lib_a-memset.o)
                0x00000000080086c0                memset
 *(.glue_7)
 .glue_7        0x00000000080086d0        0x0 linker stubs
 *(.glue_7t)
 .glue_7t       0x00000000080086d0        0x0 linker stubs
 *(.eh_frame)
 .eh_frame      0x00000000080086d0        0x0 /opt/st/stm32cubeide_1.6.1/plugins/com.st.stm32cube.ide.mcu.externaltools.gnu-tools-for-stm32.9-2020-q2-update.linux64_1.5.0.202011040924/tools/bin/../lib/gcc/arm-none-eabi/9.3.1/thumb/v7e-m+fp/hard/crtbegin.o
 *(.init)
 .init          0x00000000080086d0        0x4 /opt/st/stm32cubeide_1.6.1/plugins/com.st.stm32cube.ide.mcu.externaltools.gnu-tools-for-stm32.9-2020-q2-update.linux64_1.5.0.202011040924/tools/bin/../lib/gcc/arm-none-eabi/9.3.1/thumb/v7e-m+fp/hard/crti.o
                0x00000000080086d0                _init
 .init          0x00000000080086d4        0x8 /opt/st/stm32cubeide_1.6.1/plugins/com.st.stm32cube.ide.mcu.externaltools.gnu-tools-for-stm32.9-2020-q2-update.linux64_1.5.0.202011040924/tools/bin/../lib/gcc/arm-none-eabi/9.3.1/thumb/v7e-m+fp/hard/crtn.o
 *(.fini)
 .fini          0x00000000080086dc        0x4 /opt/st/stm32cubeide_1.6.1/plugins/com.st.stm32cube.ide.mcu.externaltools.gnu-tools-for-stm32.9-2020-q2-update.linux64_1.5.0.202011040924/tools/bin/../lib/gcc/arm-none-eabi/9.3.1/thumb/v7e-m+fp/hard/crti.o
                0x00000000080086dc                _fini
 .fini          0x00000000080086e0        0x8 /opt/st/stm32cubeide_1.6.1/plugins/com.st.stm32cube.ide.mcu.externaltools.gnu-tools-for-stm32.9-2020-q2-update.linux64_1.5.0.202011040924/tools/bin/../lib/gcc/arm-none-eabi/9.3.1/thumb/v7e-m+fp/hard/crtn.o
                0x00000000080086e8                . = ALIGN (0x4)
                0x00000000080086e8                _etext = .

.vfp11_veneer   0x00000000080086e8        0x0
 .vfp11_veneer  0x00000000080086e8        0x0 linker stubs

.v4_bx          0x00000000080086e8        0x0
 .v4_bx         0x00000000080086e8        0x0 linker stubs

.iplt           0x00000000080086e8        0x0
 .iplt          0x00000000080086e8        0x0 /opt/st/stm32cubeide_1.6.1/plugins/com.st.stm32cube.ide.mcu.externaltools.gnu-tools-for-stm32.9-2020-q2-update.linux64_1.5.0.202011040924/tools/bin/../lib/gcc/arm-none-eabi/9.3.1/thumb/v7e-m+fp/hard/crtbegin.o

.rodata         0x00000000080086e8       0x58
                0x00000000080086e8                . = ALIGN (0x4)
 *(.rodata)
 .rodata        0x00000000080086e8       0x40 USB_DEVICE/App/usbd_desc.o
 *(.rodata*)
 .rodata.AHBPrescTable
                0x0000000008008728       0x10 Core/Src/system_stm32f4xx.o
                0x0000000008008728                AHBPrescTable
 .rodata.flagBitshiftOffset.8176
                0x0000000008008738        0x8 Drivers/STM32F4xx_HAL_Driver/Src/stm32f4xx_hal_dma.o
                0x0000000008008740                . = ALIGN (0x4)

.ARM.extab      0x0000000008008740        0x0
                0x0000000008008740                . = ALIGN (0x4)
 *(.ARM.extab* .gnu.linkonce.armextab.*)
                0x0000000008008740                . = ALIGN (0x4)

.ARM            0x0000000008008740        0x8
                0x0000000008008740                . = ALIGN (0x4)
                0x0000000008008740                __exidx_start = .
 *(.ARM.exidx*)
 .ARM.exidx     0x0000000008008740        0x8 /opt/st/stm32cubeide_1.6.1/plugins/com.st.stm32cube.ide.mcu.externaltools.gnu-tools-for-stm32.9-2020-q2-update.linux64_1.5.0.202011040924/tools/bin/../lib/gcc/arm-none-eabi/9.3.1/thumb/v7e-m+fp/hard/libgcc.a(_udivmoddi4.o)
                0x0000000008008748                __exidx_end = .
                0x0000000008008748                . = ALIGN (0x4)

.rel.dyn        0x0000000008008748        0x0
 .rel.iplt      0x0000000008008748        0x0 /opt/st/stm32cubeide_1.6.1/plugins/com.st.stm32cube.ide.mcu.externaltools.gnu-tools-for-stm32.9-2020-q2-update.linux64_1.5.0.202011040924/tools/bin/../lib/gcc/arm-none-eabi/9.3.1/thumb/v7e-m+fp/hard/crtbegin.o

.preinit_array  0x0000000008008748        0x0
                0x0000000008008748                . = ALIGN (0x4)
                0x0000000008008748                PROVIDE (__preinit_array_start = .)
 *(.preinit_array*)
                0x0000000008008748                PROVIDE (__preinit_array_end = .)
                0x0000000008008748                . = ALIGN (0x4)

.init_array     0x0000000008008748        0x4
                0x0000000008008748                . = ALIGN (0x4)
                0x0000000008008748                PROVIDE (__init_array_start = .)
 *(SORT_BY_NAME(.init_array.*))
 *(.init_array*)
 .init_array    0x0000000008008748        0x4 /opt/st/stm32cubeide_1.6.1/plugins/com.st.stm32cube.ide.mcu.externaltools.gnu-tools-for-stm32.9-2020-q2-update.linux64_1.5.0.202011040924/tools/bin/../lib/gcc/arm-none-eabi/9.3.1/thumb/v7e-m+fp/hard/crtbegin.o
                0x000000000800874c                PROVIDE (__init_array_end = .)
                0x000000000800874c                . = ALIGN (0x4)

.fini_array     0x000000000800874c        0x4
                0x000000000800874c                . = ALIGN (0x4)
                [!provide]                        PROVIDE (__fini_array_start = .)
 *(SORT_BY_NAME(.fini_array.*))
 *(.fini_array*)
 .fini_array    0x000000000800874c        0x4 /opt/st/stm32cubeide_1.6.1/plugins/com.st.stm32cube.ide.mcu.externaltools.gnu-tools-for-stm32.9-2020-q2-update.linux64_1.5.0.202011040924/tools/bin/../lib/gcc/arm-none-eabi/9.3.1/thumb/v7e-m+fp/hard/crtbegin.o
                [!provide]                        PROVIDE (__fini_array_end = .)
                0x0000000008008750                . = ALIGN (0x4)
                0x0000000008008750                _sidata = LOADADDR (.data)

.data           0x0000000020000000      0x13c load address 0x0000000008008750
                0x0000000020000000                . = ALIGN (0x4)
                0x0000000020000000                _sdata = .
 *(.data)
 *(.data*)
 .data.SystemCoreClock
                0x0000000020000000        0x4 Core/Src/system_stm32f4xx.o
                0x0000000020000000                SystemCoreClock
 .data.uwTickPrio
                0x0000000020000004        0x4 Drivers/STM32F4xx_HAL_Driver/Src/stm32f4xx_hal.o
                0x0000000020000004                uwTickPrio
 .data.uwTickFreq
                0x0000000020000008        0x1 Drivers/STM32F4xx_HAL_Driver/Src/stm32f4xx_hal.o
                0x0000000020000008                uwTickFreq
 *fill*         0x0000000020000009        0x3 
 .data.USBD_AUDIO
                0x000000002000000c       0x38 Middlewares/ST/STM32_USB_Device_Library/Class/AUDIO/Src/usbd_audio.o
                0x000000002000000c                USBD_AUDIO
 .data.USBD_AUDIO_CfgDesc
                0x0000000020000044       0x6d Middlewares/ST/STM32_USB_Device_Library/Class/AUDIO/Src/usbd_audio.o
 *fill*         0x00000000200000b1        0x3 
 .data.USBD_AUDIO_DeviceQualifierDesc
                0x00000000200000b4        0xa Middlewares/ST/STM32_USB_Device_Library/Class/AUDIO/Src/usbd_audio.o
 *fill*         0x00000000200000be        0x2 
 .data.USBD_AUDIO_fops_FS
                0x00000000200000c0       0x1c USB_DEVICE/App/usbd_audio_if.o
                0x00000000200000c0                USBD_AUDIO_fops_FS
 .data.FS_Desc  0x00000000200000dc       0x20 USB_DEVICE/App/usbd_desc.o
                0x00000000200000dc                FS_Desc
 .data.USBD_FS_DeviceDesc
                0x00000000200000fc       0x12 USB_DEVICE/App/usbd_desc.o
                0x00000000200000fc                USBD_FS_DeviceDesc
 *fill*         0x000000002000010e        0x2 
 .data.USBD_FS_BOSDesc
                0x0000000020000110        0xc USB_DEVICE/App/usbd_desc.o
                0x0000000020000110                USBD_FS_BOSDesc
 .data.USBD_LangIDDesc
                0x000000002000011c        0x4 USB_DEVICE/App/usbd_desc.o
                0x000000002000011c                USBD_LangIDDesc
 .data.USBD_StringSerial
                0x0000000020000120       0x1a USB_DEVICE/App/usbd_desc.o
                0x0000000020000120                USBD_StringSerial
 *(.RamFunc)
 *(.RamFunc*)
                0x000000002000013c                . = ALIGN (0x4)
 *fill*         0x000000002000013a        0x2 
                0x000000002000013c                _edata = .

.igot.plt       0x000000002000013c        0x0 load address 0x000000000800888c
 .igot.plt      0x000000002000013c        0x0 /opt/st/stm32cubeide_1.6.1/plugins/com.st.stm32cube.ide.mcu.externaltools.gnu-tools-for-stm32.9-2020-q2-update.linux64_1.5.0.202011040924/tools/bin/../lib/gcc/arm-none-eabi/9.3.1/thumb/v7e-m+fp/hard/crtbegin.o
                0x000000002000013c                . = ALIGN (0x4)

.bss            0x000000002000013c     0x463c load address 0x000000000800888c
                0x000000002000013c                _sbss = .
                0x000000002000013c                __bss_start__ = _sbss
 *(.bss)
 .bss           0x000000002000013c       0x1c /opt/st/stm32cubeide_1.6.1/plugins/com.st.stm32cube.ide.mcu.externaltools.gnu-tools-for-stm32.9-2020-q2-update.linux64_1.5.0.202011040924/tools/bin/../lib/gcc/arm-none-eabi/9.3.1/thumb/v7e-m+fp/hard/crtbegin.o
 *(.bss*)
 .bss.SAI1_client
                0x0000000020000158        0x4 Core/Src/stm32f4xx_hal_msp.o
 .bss.cfgidx.10117
                0x000000002000015c        0x1 Middlewares/ST/STM32_USB_Device_Library/Core/Src/usbd_ctlreq.o
 *fill*         0x000000002000015d        0x3 
 .bss.mem.10198
                0x0000000020000160     0x3c54 USB_DEVICE/Target/usbd_conf.o
 *(COMMON)
 COMMON         0x0000000020003db4       0xe8 Core/Src/main.o
                0x0000000020003db4                hsai_BlockB1
                0x0000000020003e3c                hdma_sai1_b
 COMMON         0x0000000020003e9c        0x4 Drivers/STM32F4xx_HAL_Driver/Src/stm32f4xx_hal.o
                0x0000000020003e9c                uwTick
 COMMON         0x0000000020003ea0      0x2d0 USB_DEVICE/App/usb_device.o
                0x0000000020003ea0                hUsbDeviceFS
 COMMON         0x0000000020004170      0x200 USB_DEVICE/App/usbd_desc.o
                0x0000000020004170                USBD_StrDesc
 COMMON         0x0000000020004370      0x408 USB_DEVICE/Target/usbd_conf.o
                0x0000000020004370                hpcd_USB_OTG_FS
                0x0000000020004778                . = ALIGN (0x4)
                0x0000000020004778                _ebss = .
                0x0000000020004778                __bss_end__ = _ebss

._user_heap_stack
                0x0000000020004778      0x600 load address 0x000000000800888c
                0x0000000020004778                . = ALIGN (0x8)
                [!provide]                        PROVIDE (end = .)
                0x0000000020004778                PROVIDE (_end = .)
                0x0000000020004978                . = (. + _Min_Heap_Size)
 *fill*         0x0000000020004778      0x200 
                0x0000000020004d78                . = (. + _Min_Stack_Size)
 *fill*         0x0000000020004978      0x400 
                0x0000000020004d78                . = ALIGN (0x8)

/DISCARD/
 libc.a(*)
 libm.a(*)
 libgcc.a(*)

.ARM.attributes
                0x0000000000000000       0x30
 *(.ARM.attributes)
 .ARM.attributes
                0x0000000000000000       0x1e /opt/st/stm32cubeide_1.6.1/plugins/com.st.stm32cube.ide.mcu.externaltools.gnu-tools-for-stm32.9-2020-q2-update.linux64_1.5.0.202011040924/tools/bin/../lib/gcc/arm-none-eabi/9.3.1/thumb/v7e-m+fp/hard/crti.o
 .ARM.attributes
                0x000000000000001e       0x34 /opt/st/stm32cubeide_1.6.1/plugins/com.st.stm32cube.ide.mcu.externaltools.gnu-tools-for-stm32.9-2020-q2-update.linux64_1.5.0.202011040924/tools/bin/../lib/gcc/arm-none-eabi/9.3.1/thumb/v7e-m+fp/hard/crtbegin.o
 .ARM.attributes
                0x0000000000000052       0x34 Core/Src/main.o
 .ARM.attributes
                0x0000000000000086       0x34 Core/Src/stm32f4xx_hal_msp.o
 .ARM.attributes
                0x00000000000000ba       0x34 Core/Src/stm32f4xx_it.o
 .ARM.attributes
                0x00000000000000ee       0x34 Core/Src/system_stm32f4xx.o
 .ARM.attributes
                0x0000000000000122       0x21 Core/Startup/startup_stm32f446rctx.o
 .ARM.attributes
                0x0000000000000143       0x34 Drivers/BSP/Sound-20D01/Src/audio.o
 .ARM.attributes
                0x0000000000000177       0x34 Drivers/STM32F4xx_HAL_Driver/Src/stm32f4xx_hal.o
 .ARM.attributes
                0x00000000000001ab       0x34 Drivers/STM32F4xx_HAL_Driver/Src/stm32f4xx_hal_cortex.o
 .ARM.attributes
                0x00000000000001df       0x34 Drivers/STM32F4xx_HAL_Driver/Src/stm32f4xx_hal_dma.o
 .ARM.attributes
                0x0000000000000213       0x34 Drivers/STM32F4xx_HAL_Driver/Src/stm32f4xx_hal_gpio.o
 .ARM.attributes
                0x0000000000000247       0x34 Drivers/STM32F4xx_HAL_Driver/Src/stm32f4xx_hal_pcd.o
 .ARM.attributes
                0x000000000000027b       0x34 Drivers/STM32F4xx_HAL_Driver/Src/stm32f4xx_hal_pcd_ex.o
 .ARM.attributes
                0x00000000000002af       0x34 Drivers/STM32F4xx_HAL_Driver/Src/stm32f4xx_hal_pwr_ex.o
 .ARM.attributes
                0x00000000000002e3       0x34 Drivers/STM32F4xx_HAL_Driver/Src/stm32f4xx_hal_rcc.o
 .ARM.attributes
                0x0000000000000317       0x34 Drivers/STM32F4xx_HAL_Driver/Src/stm32f4xx_hal_rcc_ex.o
 .ARM.attributes
                0x000000000000034b       0x34 Drivers/STM32F4xx_HAL_Driver/Src/stm32f4xx_hal_sai.o
 .ARM.attributes
                0x000000000000037f       0x34 Drivers/STM32F4xx_HAL_Driver/Src/stm32f4xx_hal_sai_ex.o
 .ARM.attributes
                0x00000000000003b3       0x34 Drivers/STM32F4xx_HAL_Driver/Src/stm32f4xx_ll_usb.o
 .ARM.attributes
                0x00000000000003e7       0x34 Middlewares/ST/STM32_USB_Device_Library/Class/AUDIO/Src/usbd_audio.o
 .ARM.attributes
                0x000000000000041b       0x34 Middlewares/ST/STM32_USB_Device_Library/Core/Src/usbd_core.o
 .ARM.attributes
                0x000000000000044f       0x34 Middlewares/ST/STM32_USB_Device_Library/Core/Src/usbd_ctlreq.o
 .ARM.attributes
                0x0000000000000483       0x34 Middlewares/ST/STM32_USB_Device_Library/Core/Src/usbd_ioreq.o
 .ARM.attributes
                0x00000000000004b7       0x34 USB_DEVICE/App/usb_device.o
 .ARM.attributes
                0x00000000000004eb       0x34 USB_DEVICE/App/usbd_audio_if.o
 .ARM.attributes
                0x000000000000051f       0x34 USB_DEVICE/App/usbd_desc.o
 .ARM.attributes
                0x0000000000000553       0x34 USB_DEVICE/Target/usbd_conf.o
 .ARM.attributes
                0x0000000000000587       0x34 /opt/st/stm32cubeide_1.6.1/plugins/com.st.stm32cube.ide.mcu.externaltools.gnu-tools-for-stm32.9-2020-q2-update.linux64_1.5.0.202011040924/tools/bin/../lib/gcc/arm-none-eabi/9.3.1/../../../../arm-none-eabi/lib/thumb/v7e-m+fp/hard/libc_nano.a(lib_a-init.o)
 .ARM.attributes
                0x00000000000005bb       0x34 /opt/st/stm32cubeide_1.6.1/plugins/com.st.stm32cube.ide.mcu.externaltools.gnu-tools-for-stm32.9-2020-q2-update.linux64_1.5.0.202011040924/tools/bin/../lib/gcc/arm-none-eabi/9.3.1/../../../../arm-none-eabi/lib/thumb/v7e-m+fp/hard/libc_nano.a(lib_a-memset.o)
 .ARM.attributes
                0x00000000000005ef       0x1e /opt/st/stm32cubeide_1.6.1/plugins/com.st.stm32cube.ide.mcu.externaltools.gnu-tools-for-stm32.9-2020-q2-update.linux64_1.5.0.202011040924/tools/bin/../lib/gcc/arm-none-eabi/9.3.1/thumb/v7e-m+fp/hard/libgcc.a(_aeabi_uldivmod.o)
 .ARM.attributes
                0x000000000000060d       0x34 /opt/st/stm32cubeide_1.6.1/plugins/com.st.stm32cube.ide.mcu.externaltools.gnu-tools-for-stm32.9-2020-q2-update.linux64_1.5.0.202011040924/tools/bin/../lib/gcc/arm-none-eabi/9.3.1/thumb/v7e-m+fp/hard/libgcc.a(_udivmoddi4.o)
 .ARM.attributes
                0x0000000000000641       0x1e /opt/st/stm32cubeide_1.6.1/plugins/com.st.stm32cube.ide.mcu.externaltools.gnu-tools-for-stm32.9-2020-q2-update.linux64_1.5.0.202011040924/tools/bin/../lib/gcc/arm-none-eabi/9.3.1/thumb/v7e-m+fp/hard/libgcc.a(_dvmd_tls.o)
 .ARM.attributes
                0x000000000000065f       0x1e /opt/st/stm32cubeide_1.6.1/plugins/com.st.stm32cube.ide.mcu.externaltools.gnu-tools-for-stm32.9-2020-q2-update.linux64_1.5.0.202011040924/tools/bin/../lib/gcc/arm-none-eabi/9.3.1/thumb/v7e-m+fp/hard/crtn.o
OUTPUT(Sound-20D01MB_MCU.elf elf32-littlearm)
LOAD linker stubs
LOAD /opt/st/stm32cubeide_1.6.1/plugins/com.st.stm32cube.ide.mcu.externaltools.gnu-tools-for-stm32.9-2020-q2-update.linux64_1.5.0.202011040924/tools/bin/../lib/gcc/arm-none-eabi/9.3.1/../../../../arm-none-eabi/lib/thumb/v7e-m+fp/hard/libc.a
LOAD /opt/st/stm32cubeide_1.6.1/plugins/com.st.stm32cube.ide.mcu.externaltools.gnu-tools-for-stm32.9-2020-q2-update.linux64_1.5.0.202011040924/tools/bin/../lib/gcc/arm-none-eabi/9.3.1/../../../../arm-none-eabi/lib/thumb/v7e-m+fp/hard/libm.a
LOAD /opt/st/stm32cubeide_1.6.1/plugins/com.st.stm32cube.ide.mcu.externaltools.gnu-tools-for-stm32.9-2020-q2-update.linux64_1.5.0.202011040924/tools/bin/../lib/gcc/arm-none-eabi/9.3.1/thumb/v7e-m+fp/hard/libgcc.a

.debug_info     0x0000000000000000    0x17871
 .debug_info    0x0000000000000000     0x1a3b Core/Src/main.o
 .debug_info    0x0000000000001a3b      0xb7f Core/Src/stm32f4xx_hal_msp.o
 .debug_info    0x00000000000025ba      0x9ab Core/Src/stm32f4xx_it.o
 .debug_info    0x0000000000002f65      0x5dc Core/Src/system_stm32f4xx.o
 .debug_info    0x0000000000003541       0x22 Core/Startup/startup_stm32f446rctx.o
 .debug_info    0x0000000000003563      0x83a Drivers/BSP/Sound-20D01/Src/audio.o
 .debug_info    0x0000000000003d9d      0xa08 Drivers/STM32F4xx_HAL_Driver/Src/stm32f4xx_hal.o
 .debug_info    0x00000000000047a5      0xef5 Drivers/STM32F4xx_HAL_Driver/Src/stm32f4xx_hal_cortex.o
 .debug_info    0x000000000000569a      0x9f1 Drivers/STM32F4xx_HAL_Driver/Src/stm32f4xx_hal_dma.o
 .debug_info    0x000000000000608b      0x892 Drivers/STM32F4xx_HAL_Driver/Src/stm32f4xx_hal_gpio.o
 .debug_info    0x000000000000691d     0x1341 Drivers/STM32F4xx_HAL_Driver/Src/stm32f4xx_hal_pcd.o
 .debug_info    0x0000000000007c5e      0x89f Drivers/STM32F4xx_HAL_Driver/Src/stm32f4xx_hal_pcd_ex.o
 .debug_info    0x00000000000084fd      0x7ca Drivers/STM32F4xx_HAL_Driver/Src/stm32f4xx_hal_pwr_ex.o
 .debug_info    0x0000000000008cc7      0x9db Drivers/STM32F4xx_HAL_Driver/Src/stm32f4xx_hal_rcc.o
 .debug_info    0x00000000000096a2      0xa86 Drivers/STM32F4xx_HAL_Driver/Src/stm32f4xx_hal_rcc_ex.o
 .debug_info    0x000000000000a128     0x123f Drivers/STM32F4xx_HAL_Driver/Src/stm32f4xx_hal_sai.o
 .debug_info    0x000000000000b367      0x808 Drivers/STM32F4xx_HAL_Driver/Src/stm32f4xx_hal_sai_ex.o
 .debug_info    0x000000000000bb6f     0x1b18 Drivers/STM32F4xx_HAL_Driver/Src/stm32f4xx_ll_usb.o
 .debug_info    0x000000000000d687     0x15c9 Middlewares/ST/STM32_USB_Device_Library/Class/AUDIO/Src/usbd_audio.o
 .debug_info    0x000000000000ec50     0x13b5 Middlewares/ST/STM32_USB_Device_Library/Core/Src/usbd_core.o
 .debug_info    0x0000000000010005     0x1381 Middlewares/ST/STM32_USB_Device_Library/Core/Src/usbd_ctlreq.o
 .debug_info    0x0000000000011386     0x10a3 Middlewares/ST/STM32_USB_Device_Library/Core/Src/usbd_ioreq.o
 .debug_info    0x0000000000012429     0x102c USB_DEVICE/App/usb_device.o
 .debug_info    0x0000000000013455     0x11ec USB_DEVICE/App/usbd_audio_if.o
 .debug_info    0x0000000000014641      0xe67 USB_DEVICE/App/usbd_desc.o
 .debug_info    0x00000000000154a8     0x23c9 USB_DEVICE/Target/usbd_conf.o

.debug_abbrev   0x0000000000000000     0x391b
 .debug_abbrev  0x0000000000000000      0x295 Core/Src/main.o
 .debug_abbrev  0x0000000000000295      0x1b3 Core/Src/stm32f4xx_hal_msp.o
 .debug_abbrev  0x0000000000000448      0x1b4 Core/Src/stm32f4xx_it.o
 .debug_abbrev  0x00000000000005fc      0x145 Core/Src/system_stm32f4xx.o
 .debug_abbrev  0x0000000000000741       0x12 Core/Startup/startup_stm32f446rctx.o
 .debug_abbrev  0x0000000000000753      0x19b Drivers/BSP/Sound-20D01/Src/audio.o
 .debug_abbrev  0x00000000000008ee      0x1ed Drivers/STM32F4xx_HAL_Driver/Src/stm32f4xx_hal.o
 .debug_abbrev  0x0000000000000adb      0x33c Drivers/STM32F4xx_HAL_Driver/Src/stm32f4xx_hal_cortex.o
 .debug_abbrev  0x0000000000000e17      0x259 Drivers/STM32F4xx_HAL_Driver/Src/stm32f4xx_hal_dma.o
 .debug_abbrev  0x0000000000001070      0x1f1 Drivers/STM32F4xx_HAL_Driver/Src/stm32f4xx_hal_gpio.o
 .debug_abbrev  0x0000000000001261      0x2a0 Drivers/STM32F4xx_HAL_Driver/Src/stm32f4xx_hal_pcd.o
 .debug_abbrev  0x0000000000001501      0x1fb Drivers/STM32F4xx_HAL_Driver/Src/stm32f4xx_hal_pcd_ex.o
 .debug_abbrev  0x00000000000016fc      0x1da Drivers/STM32F4xx_HAL_Driver/Src/stm32f4xx_hal_pwr_ex.o
 .debug_abbrev  0x00000000000018d6      0x275 Drivers/STM32F4xx_HAL_Driver/Src/stm32f4xx_hal_rcc.o
 .debug_abbrev  0x0000000000001b4b      0x1e2 Drivers/STM32F4xx_HAL_Driver/Src/stm32f4xx_hal_rcc_ex.o
 .debug_abbrev  0x0000000000001d2d      0x259 Drivers/STM32F4xx_HAL_Driver/Src/stm32f4xx_hal_sai.o
 .debug_abbrev  0x0000000000001f86      0x190 Drivers/STM32F4xx_HAL_Driver/Src/stm32f4xx_hal_sai_ex.o
 .debug_abbrev  0x0000000000002116      0x2a7 Drivers/STM32F4xx_HAL_Driver/Src/stm32f4xx_ll_usb.o
 .debug_abbrev  0x00000000000023bd      0x310 Middlewares/ST/STM32_USB_Device_Library/Class/AUDIO/Src/usbd_audio.o
 .debug_abbrev  0x00000000000026cd      0x2b7 Middlewares/ST/STM32_USB_Device_Library/Core/Src/usbd_core.o
 .debug_abbrev  0x0000000000002984      0x2fc Middlewares/ST/STM32_USB_Device_Library/Core/Src/usbd_ctlreq.o
 .debug_abbrev  0x0000000000002c80      0x22a Middlewares/ST/STM32_USB_Device_Library/Core/Src/usbd_ioreq.o
 .debug_abbrev  0x0000000000002eaa      0x204 USB_DEVICE/App/usb_device.o
 .debug_abbrev  0x00000000000030ae      0x28e USB_DEVICE/App/usbd_audio_if.o
 .debug_abbrev  0x000000000000333c      0x2aa USB_DEVICE/App/usbd_desc.o
 .debug_abbrev  0x00000000000035e6      0x335 USB_DEVICE/Target/usbd_conf.o

.debug_aranges  0x0000000000000000      0xea8
 .debug_aranges
                0x0000000000000000       0x48 Core/Src/main.o
 .debug_aranges
                0x0000000000000048       0x30 Core/Src/stm32f4xx_hal_msp.o
 .debug_aranges
                0x0000000000000078       0x70 Core/Src/stm32f4xx_it.o
 .debug_aranges
                0x00000000000000e8       0x28 Core/Src/system_stm32f4xx.o
 .debug_aranges
                0x0000000000000110       0x28 Core/Startup/startup_stm32f446rctx.o
 .debug_aranges
                0x0000000000000138       0x38 Drivers/BSP/Sound-20D01/Src/audio.o
 .debug_aranges
                0x0000000000000170       0xf0 Drivers/STM32F4xx_HAL_Driver/Src/stm32f4xx_hal.o
 .debug_aranges
                0x0000000000000260      0x118 Drivers/STM32F4xx_HAL_Driver/Src/stm32f4xx_hal_cortex.o
 .debug_aranges
                0x0000000000000378       0x90 Drivers/STM32F4xx_HAL_Driver/Src/stm32f4xx_hal_dma.o
 .debug_aranges
                0x0000000000000408       0x58 Drivers/STM32F4xx_HAL_Driver/Src/stm32f4xx_hal_gpio.o
 .debug_aranges
                0x0000000000000460      0x138 Drivers/STM32F4xx_HAL_Driver/Src/stm32f4xx_hal_pcd.o
 .debug_aranges
                0x0000000000000598       0x48 Drivers/STM32F4xx_HAL_Driver/Src/stm32f4xx_hal_pcd_ex.o
 .debug_aranges
                0x00000000000005e0       0x60 Drivers/STM32F4xx_HAL_Driver/Src/stm32f4xx_hal_pwr_ex.o
 .debug_aranges
                0x0000000000000640       0x88 Drivers/STM32F4xx_HAL_Driver/Src/stm32f4xx_hal_rcc.o
 .debug_aranges
                0x00000000000006c8       0x78 Drivers/STM32F4xx_HAL_Driver/Src/stm32f4xx_hal_rcc_ex.o
 .debug_aranges
                0x0000000000000740      0x178 Drivers/STM32F4xx_HAL_Driver/Src/stm32f4xx_hal_sai.o
 .debug_aranges
                0x00000000000008b8       0x28 Drivers/STM32F4xx_HAL_Driver/Src/stm32f4xx_hal_sai_ex.o
 .debug_aranges
                0x00000000000008e0      0x198 Drivers/STM32F4xx_HAL_Driver/Src/stm32f4xx_ll_usb.o
 .debug_aranges
                0x0000000000000a78       0x98 Middlewares/ST/STM32_USB_Device_Library/Class/AUDIO/Src/usbd_audio.o
 .debug_aranges
                0x0000000000000b10       0xb8 Middlewares/ST/STM32_USB_Device_Library/Core/Src/usbd_core.o
 .debug_aranges
                0x0000000000000bc8       0x90 Middlewares/ST/STM32_USB_Device_Library/Core/Src/usbd_ctlreq.o
 .debug_aranges
                0x0000000000000c58       0x50 Middlewares/ST/STM32_USB_Device_Library/Core/Src/usbd_ioreq.o
 .debug_aranges
                0x0000000000000ca8       0x20 USB_DEVICE/App/usb_device.o
 .debug_aranges
                0x0000000000000cc8       0x60 USB_DEVICE/App/usbd_audio_if.o
 .debug_aranges
                0x0000000000000d28       0x68 USB_DEVICE/App/usbd_desc.o
 .debug_aranges
                0x0000000000000d90      0x118 USB_DEVICE/Target/usbd_conf.o

.debug_ranges   0x0000000000000000      0xd28
 .debug_ranges  0x0000000000000000       0x38 Core/Src/main.o
 .debug_ranges  0x0000000000000038       0x20 Core/Src/stm32f4xx_hal_msp.o
 .debug_ranges  0x0000000000000058       0x60 Core/Src/stm32f4xx_it.o
 .debug_ranges  0x00000000000000b8       0x18 Core/Src/system_stm32f4xx.o
 .debug_ranges  0x00000000000000d0       0x20 Core/Startup/startup_stm32f446rctx.o
 .debug_ranges  0x00000000000000f0       0x28 Drivers/BSP/Sound-20D01/Src/audio.o
 .debug_ranges  0x0000000000000118       0xe0 Drivers/STM32F4xx_HAL_Driver/Src/stm32f4xx_hal.o
 .debug_ranges  0x00000000000001f8      0x108 Drivers/STM32F4xx_HAL_Driver/Src/stm32f4xx_hal_cortex.o
 .debug_ranges  0x0000000000000300       0x80 Drivers/STM32F4xx_HAL_Driver/Src/stm32f4xx_hal_dma.o
 .debug_ranges  0x0000000000000380       0x48 Drivers/STM32F4xx_HAL_Driver/Src/stm32f4xx_hal_gpio.o
 .debug_ranges  0x00000000000003c8      0x128 Drivers/STM32F4xx_HAL_Driver/Src/stm32f4xx_hal_pcd.o
 .debug_ranges  0x00000000000004f0       0x38 Drivers/STM32F4xx_HAL_Driver/Src/stm32f4xx_hal_pcd_ex.o
 .debug_ranges  0x0000000000000528       0x50 Drivers/STM32F4xx_HAL_Driver/Src/stm32f4xx_hal_pwr_ex.o
 .debug_ranges  0x0000000000000578       0x78 Drivers/STM32F4xx_HAL_Driver/Src/stm32f4xx_hal_rcc.o
 .debug_ranges  0x00000000000005f0       0x68 Drivers/STM32F4xx_HAL_Driver/Src/stm32f4xx_hal_rcc_ex.o
 .debug_ranges  0x0000000000000658      0x180 Drivers/STM32F4xx_HAL_Driver/Src/stm32f4xx_hal_sai.o
 .debug_ranges  0x00000000000007d8       0x18 Drivers/STM32F4xx_HAL_Driver/Src/stm32f4xx_hal_sai_ex.o
 .debug_ranges  0x00000000000007f0      0x188 Drivers/STM32F4xx_HAL_Driver/Src/stm32f4xx_ll_usb.o
 .debug_ranges  0x0000000000000978       0x88 Middlewares/ST/STM32_USB_Device_Library/Class/AUDIO/Src/usbd_audio.o
 .debug_ranges  0x0000000000000a00       0xa8 Middlewares/ST/STM32_USB_Device_Library/Core/Src/usbd_core.o
 .debug_ranges  0x0000000000000aa8       0x80 Middlewares/ST/STM32_USB_Device_Library/Core/Src/usbd_ctlreq.o
 .debug_ranges  0x0000000000000b28       0x40 Middlewares/ST/STM32_USB_Device_Library/Core/Src/usbd_ioreq.o
 .debug_ranges  0x0000000000000b68       0x10 USB_DEVICE/App/usb_device.o
 .debug_ranges  0x0000000000000b78       0x50 USB_DEVICE/App/usbd_audio_if.o
 .debug_ranges  0x0000000000000bc8       0x58 USB_DEVICE/App/usbd_desc.o
 .debug_ranges  0x0000000000000c20      0x108 USB_DEVICE/Target/usbd_conf.o

.debug_macro    0x0000000000000000    0x24b49
 .debug_macro   0x0000000000000000      0x3e2 Core/Src/main.o
 .debug_macro   0x00000000000003e2      0xaa8 Core/Src/main.o
 .debug_macro   0x0000000000000e8a      0x29b Core/Src/main.o
 .debug_macro   0x0000000000001125       0x2e Core/Src/main.o
 .debug_macro   0x0000000000001153       0x28 Core/Src/main.o
 .debug_macro   0x000000000000117b       0x22 Core/Src/main.o
 .debug_macro   0x000000000000119d       0x8e Core/Src/main.o
 .debug_macro   0x000000000000122b       0x51 Core/Src/main.o
 .debug_macro   0x000000000000127c      0x103 Core/Src/main.o
 .debug_macro   0x000000000000137f       0x6a Core/Src/main.o
 .debug_macro   0x00000000000013e9      0x1df Core/Src/main.o
 .debug_macro   0x00000000000015c8       0x1c Core/Src/main.o
 .debug_macro   0x00000000000015e4       0x22 Core/Src/main.o
 .debug_macro   0x0000000000001606       0xdf Core/Src/main.o
 .debug_macro   0x00000000000016e5     0x102d Core/Src/main.o
 .debug_macro   0x0000000000002712      0x11f Core/Src/main.o
 .debug_macro   0x0000000000002831    0x16749 Core/Src/main.o
 .debug_macro   0x0000000000018f7a       0x6d Core/Src/main.o
 .debug_macro   0x0000000000018fe7     0x3666 Core/Src/main.o
 .debug_macro   0x000000000001c64d      0x174 Core/Src/main.o
 .debug_macro   0x000000000001c7c1       0x5c Core/Src/main.o
 .debug_macro   0x000000000001c81d      0xc90 Core/Src/main.o
 .debug_macro   0x000000000001d4ad      0x9fe Core/Src/main.o
 .debug_macro   0x000000000001deab      0x116 Core/Src/main.o
 .debug_macro   0x000000000001dfc1      0x1a0 Core/Src/main.o
 .debug_macro   0x000000000001e161       0xa5 Core/Src/main.o
 .debug_macro   0x000000000001e206      0x16d Core/Src/main.o
 .debug_macro   0x000000000001e373      0x287 Core/Src/main.o
 .debug_macro   0x000000000001e5fa       0x5f Core/Src/main.o
 .debug_macro   0x000000000001e659      0x236 Core/Src/main.o
 .debug_macro   0x000000000001e88f      0x132 Core/Src/main.o
 .debug_macro   0x000000000001e9c1      0x29c Core/Src/main.o
 .debug_macro   0x000000000001ec5d       0x2e Core/Src/main.o
 .debug_macro   0x000000000001ec8b      0x11a Core/Src/main.o
 .debug_macro   0x000000000001eda5       0xe8 Core/Src/main.o
 .debug_macro   0x000000000001ee8d       0x89 Core/Src/main.o
 .debug_macro   0x000000000001ef16      0x383 Core/Src/main.o
 .debug_macro   0x000000000001f299       0x28 Core/Src/main.o
 .debug_macro   0x000000000001f2c1       0xc8 Core/Src/main.o
 .debug_macro   0x000000000001f389      0x21e Core/Src/main.o
 .debug_macro   0x000000000001f5a7       0xba Core/Src/main.o
 .debug_macro   0x000000000001f661      0x126 Core/Src/main.o
 .debug_macro   0x000000000001f787       0x52 Core/Src/main.o
 .debug_macro   0x000000000001f7d9       0x18 Core/Src/main.o
 .debug_macro   0x000000000001f7f1       0x3c Core/Src/main.o
 .debug_macro   0x000000000001f82d       0x34 Core/Src/main.o
 .debug_macro   0x000000000001f861       0x16 Core/Src/main.o
 .debug_macro   0x000000000001f877       0x35 Core/Src/main.o
 .debug_macro   0x000000000001f8ac      0x333 Core/Src/main.o
 .debug_macro   0x000000000001fbdf       0x10 Core/Src/main.o
 .debug_macro   0x000000000001fbef       0x16 Core/Src/main.o
 .debug_macro   0x000000000001fc05       0x43 Core/Src/main.o
 .debug_macro   0x000000000001fc48       0x34 Core/Src/main.o
 .debug_macro   0x000000000001fc7c       0x10 Core/Src/main.o
 .debug_macro   0x000000000001fc8c       0x58 Core/Src/main.o
 .debug_macro   0x000000000001fce4       0x71 Core/Src/main.o
 .debug_macro   0x000000000001fd55       0x1c Core/Src/main.o
 .debug_macro   0x000000000001fd71      0x12a Core/Src/main.o
 .debug_macro   0x000000000001fe9b       0x10 Core/Src/main.o
 .debug_macro   0x000000000001feab       0x1c Core/Src/main.o
 .debug_macro   0x000000000001fec7       0x52 Core/Src/main.o
 .debug_macro   0x000000000001ff19       0x22 Core/Src/main.o
 .debug_macro   0x000000000001ff3b       0x10 Core/Src/main.o
 .debug_macro   0x000000000001ff4b       0x40 Core/Src/main.o
 .debug_macro   0x000000000001ff8b       0xd5 Core/Src/main.o
 .debug_macro   0x0000000000020060       0x1c Core/Src/main.o
 .debug_macro   0x000000000002007c       0x3d Core/Src/main.o
 .debug_macro   0x00000000000200b9       0x16 Core/Src/main.o
 .debug_macro   0x00000000000200cf      0x145 Core/Src/main.o
 .debug_macro   0x0000000000020214       0x16 Core/Src/main.o
 .debug_macro   0x000000000002022a       0x16 Core/Src/main.o
 .debug_macro   0x0000000000020240       0x29 Core/Src/main.o
 .debug_macro   0x0000000000020269       0x16 Core/Src/main.o
 .debug_macro   0x000000000002027f       0x20 Core/Src/main.o
 .debug_macro   0x000000000002029f       0x6b Core/Src/main.o
 .debug_macro   0x000000000002030a      0x1ef Core/Src/main.o
 .debug_macro   0x00000000000204f9      0x1f7 Core/Src/stm32f4xx_hal_msp.o
 .debug_macro   0x00000000000206f0      0x201 Core/Src/stm32f4xx_it.o
 .debug_macro   0x00000000000208f1      0x1ed Core/Src/system_stm32f4xx.o
 .debug_macro   0x0000000000020ade      0x209 Drivers/BSP/Sound-20D01/Src/audio.o
 .debug_macro   0x0000000000020ce7      0x24d Drivers/STM32F4xx_HAL_Driver/Src/stm32f4xx_hal.o
 .debug_macro   0x0000000000020f34      0x1ed Drivers/STM32F4xx_HAL_Driver/Src/stm32f4xx_hal_cortex.o
 .debug_macro   0x0000000000021121      0x1f3 Drivers/STM32F4xx_HAL_Driver/Src/stm32f4xx_hal_dma.o
 .debug_macro   0x0000000000021314      0x1f3 Drivers/STM32F4xx_HAL_Driver/Src/stm32f4xx_hal_gpio.o
 .debug_macro   0x0000000000021507      0x1f9 Drivers/STM32F4xx_HAL_Driver/Src/stm32f4xx_hal_pcd.o
 .debug_macro   0x0000000000021700      0x1ed Drivers/STM32F4xx_HAL_Driver/Src/stm32f4xx_hal_pcd_ex.o
 .debug_macro   0x00000000000218ed      0x205 Drivers/STM32F4xx_HAL_Driver/Src/stm32f4xx_hal_pwr_ex.o
 .debug_macro   0x0000000000021af2      0x211 Drivers/STM32F4xx_HAL_Driver/Src/stm32f4xx_hal_rcc.o
 .debug_macro   0x0000000000021d03      0x1ed Drivers/STM32F4xx_HAL_Driver/Src/stm32f4xx_hal_rcc_ex.o
 .debug_macro   0x0000000000021ef0      0x1fc Drivers/STM32F4xx_HAL_Driver/Src/stm32f4xx_hal_sai.o
 .debug_macro   0x00000000000220ec      0x1ed Drivers/STM32F4xx_HAL_Driver/Src/stm32f4xx_hal_sai_ex.o
 .debug_macro   0x00000000000222d9      0x1ed Drivers/STM32F4xx_HAL_Driver/Src/stm32f4xx_ll_usb.o
 .debug_macro   0x00000000000224c6      0x419 Middlewares/ST/STM32_USB_Device_Library/Class/AUDIO/Src/usbd_audio.o
 .debug_macro   0x00000000000228df       0x97 Middlewares/ST/STM32_USB_Device_Library/Class/AUDIO/Src/usbd_audio.o
 .debug_macro   0x0000000000022976       0xfd Middlewares/ST/STM32_USB_Device_Library/Class/AUDIO/Src/usbd_audio.o
 .debug_macro   0x0000000000022a73       0xd9 Middlewares/ST/STM32_USB_Device_Library/Class/AUDIO/Src/usbd_audio.o
 .debug_macro   0x0000000000022b4c       0x56 Middlewares/ST/STM32_USB_Device_Library/Class/AUDIO/Src/usbd_audio.o
 .debug_macro   0x0000000000022ba2       0xe9 Middlewares/ST/STM32_USB_Device_Library/Class/AUDIO/Src/usbd_audio.o
 .debug_macro   0x0000000000022c8b      0x3f4 Middlewares/ST/STM32_USB_Device_Library/Core/Src/usbd_core.o
 .debug_macro   0x000000000002307f      0x1f5 Middlewares/ST/STM32_USB_Device_Library/Core/Src/usbd_core.o
 .debug_macro   0x0000000000023274      0x3fe Middlewares/ST/STM32_USB_Device_Library/Core/Src/usbd_ctlreq.o
 .debug_macro   0x0000000000023672      0x3fa Middlewares/ST/STM32_USB_Device_Library/Core/Src/usbd_ioreq.o
 .debug_macro   0x0000000000023a6c      0x434 USB_DEVICE/App/usb_device.o
 .debug_macro   0x0000000000023ea0       0x22 USB_DEVICE/App/usb_device.o
 .debug_macro   0x0000000000023ec2      0x41d USB_DEVICE/App/usbd_audio_if.o
 .debug_macro   0x00000000000242df      0x437 USB_DEVICE/App/usbd_desc.o
 .debug_macro   0x0000000000024716       0x1c USB_DEVICE/App/usbd_desc.o
 .debug_macro   0x0000000000024732      0x417 USB_DEVICE/Target/usbd_conf.o

.debug_line     0x0000000000000000    0x13d93
 .debug_line    0x0000000000000000      0xaac Core/Src/main.o
 .debug_line    0x0000000000000aac      0x789 Core/Src/stm32f4xx_hal_msp.o
 .debug_line    0x0000000000001235      0x7c4 Core/Src/stm32f4xx_it.o
 .debug_line    0x00000000000019f9      0x753 Core/Src/system_stm32f4xx.o
 .debug_line    0x000000000000214c       0x88 Core/Startup/startup_stm32f446rctx.o
 .debug_line    0x00000000000021d4      0x741 Drivers/BSP/Sound-20D01/Src/audio.o
 .debug_line    0x0000000000002915      0x9b9 Drivers/STM32F4xx_HAL_Driver/Src/stm32f4xx_hal.o
 .debug_line    0x00000000000032ce      0xc68 Drivers/STM32F4xx_HAL_Driver/Src/stm32f4xx_hal_cortex.o
 .debug_line    0x0000000000003f36      0xf1e Drivers/STM32F4xx_HAL_Driver/Src/stm32f4xx_hal_dma.o
 .debug_line    0x0000000000004e54      0xb1b Drivers/STM32F4xx_HAL_Driver/Src/stm32f4xx_hal_gpio.o
 .debug_line    0x000000000000596f     0x132d Drivers/STM32F4xx_HAL_Driver/Src/stm32f4xx_hal_pcd.o
 .debug_line    0x0000000000006c9c      0x7e3 Drivers/STM32F4xx_HAL_Driver/Src/stm32f4xx_hal_pcd_ex.o
 .debug_line    0x000000000000747f      0x8e8 Drivers/STM32F4xx_HAL_Driver/Src/stm32f4xx_hal_pwr_ex.o
 .debug_line    0x0000000000007d67      0xd41 Drivers/STM32F4xx_HAL_Driver/Src/stm32f4xx_hal_rcc.o
 .debug_line    0x0000000000008aa8     0x13c7 Drivers/STM32F4xx_HAL_Driver/Src/stm32f4xx_hal_rcc_ex.o
 .debug_line    0x0000000000009e6f     0x18de Drivers/STM32F4xx_HAL_Driver/Src/stm32f4xx_hal_sai.o
 .debug_line    0x000000000000b74d      0x761 Drivers/STM32F4xx_HAL_Driver/Src/stm32f4xx_hal_sai_ex.o
 .debug_line    0x000000000000beae     0x1949 Drivers/STM32F4xx_HAL_Driver/Src/stm32f4xx_ll_usb.o
 .debug_line    0x000000000000d7f7      0xdcf Middlewares/ST/STM32_USB_Device_Library/Class/AUDIO/Src/usbd_audio.o
 .debug_line    0x000000000000e5c6      0xe19 Middlewares/ST/STM32_USB_Device_Library/Core/Src/usbd_core.o
 .debug_line    0x000000000000f3df     0x10b6 Middlewares/ST/STM32_USB_Device_Library/Core/Src/usbd_ctlreq.o
 .debug_line    0x0000000000010495      0xa70 Middlewares/ST/STM32_USB_Device_Library/Core/Src/usbd_ioreq.o
 .debug_line    0x0000000000010f05      0xa32 USB_DEVICE/App/usb_device.o
 .debug_line    0x0000000000011937      0xaee USB_DEVICE/App/usbd_audio_if.o
 .debug_line    0x0000000000012425      0xb10 USB_DEVICE/App/usbd_desc.o
 .debug_line    0x0000000000012f35      0xe5e USB_DEVICE/Target/usbd_conf.o

.debug_str      0x0000000000000000    0xcd256
 .debug_str     0x0000000000000000    0xc90ed Core/Src/main.o
                                      0xc9528 (size before relaxing)
 .debug_str     0x00000000000c90ed       0x5f Core/Src/stm32f4xx_hal_msp.o
                                      0xc40e9 (size before relaxing)
 .debug_str     0x00000000000c914c      0x44b Core/Src/stm32f4xx_it.o
                                      0xc408e (size before relaxing)
 .debug_str     0x00000000000c9597       0xaf Core/Src/system_stm32f4xx.o
                                      0xc3b86 (size before relaxing)
 .debug_str     0x00000000000c9646       0x36 Core/Startup/startup_stm32f446rctx.o
                                         0x7c (size before relaxing)
 .debug_str     0x00000000000c967c       0xe3 Drivers/BSP/Sound-20D01/Src/audio.o
                                      0xc3fc2 (size before relaxing)
 .debug_str     0x00000000000c975f      0x583 Drivers/STM32F4xx_HAL_Driver/Src/stm32f4xx_hal.o
                                      0xc46a9 (size before relaxing)
 .debug_str     0x00000000000c9ce2      0x392 Drivers/STM32F4xx_HAL_Driver/Src/stm32f4xx_hal_cortex.o
                                      0xc4473 (size before relaxing)
 .debug_str     0x00000000000ca074      0x32a Drivers/STM32F4xx_HAL_Driver/Src/stm32f4xx_hal_dma.o
                                      0xc3f8b (size before relaxing)
 .debug_str     0x00000000000ca39e      0x17b Drivers/STM32F4xx_HAL_Driver/Src/stm32f4xx_hal_gpio.o
                                      0xc3d2d (size before relaxing)
 .debug_str     0x00000000000ca519      0x56f Drivers/STM32F4xx_HAL_Driver/Src/stm32f4xx_hal_pcd.o
                                      0xc438d (size before relaxing)
 .debug_str     0x00000000000caa88      0x16d Drivers/STM32F4xx_HAL_Driver/Src/stm32f4xx_hal_pcd_ex.o
                                      0xc3f80 (size before relaxing)
 .debug_str     0x00000000000cabf5      0x135 Drivers/STM32F4xx_HAL_Driver/Src/stm32f4xx_hal_pwr_ex.o
                                      0xc3d7e (size before relaxing)
 .debug_str     0x00000000000cad2a      0x259 Drivers/STM32F4xx_HAL_Driver/Src/stm32f4xx_hal_rcc.o
                                      0xc3f8d (size before relaxing)
 .debug_str     0x00000000000caf83      0x1af Drivers/STM32F4xx_HAL_Driver/Src/stm32f4xx_hal_rcc_ex.o
                                      0xc3fea (size before relaxing)
 .debug_str     0x00000000000cb132      0x3cd Drivers/STM32F4xx_HAL_Driver/Src/stm32f4xx_hal_sai.o
                                      0xc4364 (size before relaxing)
 .debug_str     0x00000000000cb4ff       0x70 Drivers/STM32F4xx_HAL_Driver/Src/stm32f4xx_hal_sai_ex.o
                                      0xc3f51 (size before relaxing)
 .debug_str     0x00000000000cb56f      0x69a Drivers/STM32F4xx_HAL_Driver/Src/stm32f4xx_ll_usb.o
                                      0xc44bb (size before relaxing)
 .debug_str     0x00000000000cbc09      0xcbc Middlewares/ST/STM32_USB_Device_Library/Class/AUDIO/Src/usbd_audio.o
                                      0xc9349 (size before relaxing)
 .debug_str     0x00000000000cc8c5      0x1a2 Middlewares/ST/STM32_USB_Device_Library/Core/Src/usbd_core.o
                                      0xc8bea (size before relaxing)
 .debug_str     0x00000000000cca67      0x14d Middlewares/ST/STM32_USB_Device_Library/Core/Src/usbd_ctlreq.o
                                      0xc8ba8 (size before relaxing)
 .debug_str     0x00000000000ccbb4       0xc9 Middlewares/ST/STM32_USB_Device_Library/Core/Src/usbd_ioreq.o
                                      0xc8af8 (size before relaxing)
 .debug_str     0x00000000000ccc7d       0xea USB_DEVICE/App/usb_device.o
                                      0xc9047 (size before relaxing)
 .debug_str     0x00000000000ccd67      0x109 USB_DEVICE/App/usbd_audio_if.o
                                      0xc9109 (size before relaxing)
 .debug_str     0x00000000000cce70      0x292 USB_DEVICE/App/usbd_desc.o
                                      0xc8a6e (size before relaxing)
 .debug_str     0x00000000000cd102      0x154 USB_DEVICE/Target/usbd_conf.o
                                      0xc9d5b (size before relaxing)

.comment        0x0000000000000000       0x53
 .comment       0x0000000000000000       0x53 Core/Src/main.o
                                         0x54 (size before relaxing)
 .comment       0x0000000000000053       0x54 Core/Src/stm32f4xx_hal_msp.o
 .comment       0x0000000000000053       0x54 Core/Src/stm32f4xx_it.o
 .comment       0x0000000000000053       0x54 Core/Src/system_stm32f4xx.o
 .comment       0x0000000000000053       0x54 Drivers/BSP/Sound-20D01/Src/audio.o
 .comment       0x0000000000000053       0x54 Drivers/STM32F4xx_HAL_Driver/Src/stm32f4xx_hal.o
 .comment       0x0000000000000053       0x54 Drivers/STM32F4xx_HAL_Driver/Src/stm32f4xx_hal_cortex.o
 .comment       0x0000000000000053       0x54 Drivers/STM32F4xx_HAL_Driver/Src/stm32f4xx_hal_dma.o
 .comment       0x0000000000000053       0x54 Drivers/STM32F4xx_HAL_Driver/Src/stm32f4xx_hal_gpio.o
 .comment       0x0000000000000053       0x54 Drivers/STM32F4xx_HAL_Driver/Src/stm32f4xx_hal_pcd.o
 .comment       0x0000000000000053       0x54 Drivers/STM32F4xx_HAL_Driver/Src/stm32f4xx_hal_pcd_ex.o