Archive member included to satisfy reference by file (symbol)

/opt/st/stm32cubeide_1.6.1/plugins/com.st.stm32cube.ide.mcu.externaltools.gnu-tools-for-stm32.9-2020-q2-update.linux64_1.5.0.202011040924/tools/bin/../lib/gcc/arm-none-eabi/9.3.1/../../../../arm-none-eabi/lib/thumb/v7e-m+fp/hard/libc_nano.a(lib_a-errno.o)
                              Core/Src/syscalls.o (__errno)
/opt/st/stm32cubeide_1.6.1/plugins/com.st.stm32cube.ide.mcu.externaltools.gnu-tools-for-stm32.9-2020-q2-update.linux64_1.5.0.202011040924/tools/bin/../lib/gcc/arm-none-eabi/9.3.1/../../../../arm-none-eabi/lib/thumb/v7e-m+fp/hard/libc_nano.a(lib_a-exit.o)
                              /opt/st/stm32cubeide_1.6.1/plugins/com.st.stm32cube.ide.mcu.externaltools.gnu-tools-for-stm32.9-2020-q2-update.linux64_1.5.0.202011040924/tools/bin/../lib/gcc/arm-none-eabi/9.3.1/../../../../arm-none-eabi/lib/thumb/v7e-m+fp/hard/crt0.o (exit)
/opt/st/stm32cubeide_1.6.1/plugins/com.st.stm32cube.ide.mcu.externaltools.gnu-tools-for-stm32.9-2020-q2-update.linux64_1.5.0.202011040924/tools/bin/../lib/gcc/arm-none-eabi/9.3.1/../../../../arm-none-eabi/lib/thumb/v7e-m+fp/hard/libc_nano.a(lib_a-impure.o)
                              /opt/st/stm32cubeide_1.6.1/plugins/com.st.stm32cube.ide.mcu.externaltools.gnu-tools-for-stm32.9-2020-q2-update.linux64_1.5.0.202011040924/tools/bin/../lib/gcc/arm-none-eabi/9.3.1/../../../../arm-none-eabi/lib/thumb/v7e-m+fp/hard/libc_nano.a(lib_a-exit.o) (_global_impure_ptr)
/opt/st/stm32cubeide_1.6.1/plugins/com.st.stm32cube.ide.mcu.externaltools.gnu-tools-for-stm32.9-2020-q2-update.linux64_1.5.0.202011040924/tools/bin/../lib/gcc/arm-none-eabi/9.3.1/../../../../arm-none-eabi/lib/thumb/v7e-m+fp/hard/libc_nano.a(lib_a-init.o)
                              /opt/st/stm32cubeide_1.6.1/plugins/com.st.stm32cube.ide.mcu.externaltools.gnu-tools-for-stm32.9-2020-q2-update.linux64_1.5.0.202011040924/tools/bin/../lib/gcc/arm-none-eabi/9.3.1/../../../../arm-none-eabi/lib/thumb/v7e-m+fp/hard/crt0.o (__libc_init_array)
/opt/st/stm32cubeide_1.6.1/plugins/com.st.stm32cube.ide.mcu.externaltools.gnu-tools-for-stm32.9-2020-q2-update.linux64_1.5.0.202011040924/tools/bin/../lib/gcc/arm-none-eabi/9.3.1/../../../../arm-none-eabi/lib/thumb/v7e-m+fp/hard/libc_nano.a(lib_a-memset.o)
                              /opt/st/stm32cubeide_1.6.1/plugins/com.st.stm32cube.ide.mcu.externaltools.gnu-tools-for-stm32.9-2020-q2-update.linux64_1.5.0.202011040924/tools/bin/../lib/gcc/arm-none-eabi/9.3.1/../../../../arm-none-eabi/lib/thumb/v7e-m+fp/hard/crt0.o (memset)
/opt/st/stm32cubeide_1.6.1/plugins/com.st.stm32cube.ide.mcu.externaltools.gnu-tools-for-stm32.9-2020-q2-update.linux64_1.5.0.202011040924/tools/bin/../lib/gcc/arm-none-eabi/9.3.1/thumb/v7e-m+fp/hard/libgcc.a(_aeabi_uldivmod.o)
                              Drivers/STM32F4xx_HAL_Driver/Src/stm32f4xx_hal_rcc.o (__aeabi_uldivmod)
/opt/st/stm32cubeide_1.6.1/plugins/com.st.stm32cube.ide.mcu.externaltools.gnu-tools-for-stm32.9-2020-q2-update.linux64_1.5.0.202011040924/tools/bin/../lib/gcc/arm-none-eabi/9.3.1/thumb/v7e-m+fp/hard/libgcc.a(_udivmoddi4.o)
                              /opt/st/stm32cubeide_1.6.1/plugins/com.st.stm32cube.ide.mcu.externaltools.gnu-tools-for-stm32.9-2020-q2-update.linux64_1.5.0.202011040924/tools/bin/../lib/gcc/arm-none-eabi/9.3.1/thumb/v7e-m+fp/hard/libgcc.a(_aeabi_uldivmod.o) (__udivmoddi4)
/opt/st/stm32cubeide_1.6.1/plugins/com.st.stm32cube.ide.mcu.externaltools.gnu-tools-for-stm32.9-2020-q2-update.linux64_1.5.0.202011040924/tools/bin/../lib/gcc/arm-none-eabi/9.3.1/thumb/v7e-m+fp/hard/libgcc.a(_dvmd_tls.o)
                              /opt/st/stm32cubeide_1.6.1/plugins/com.st.stm32cube.ide.mcu.externaltools.gnu-tools-for-stm32.9-2020-q2-update.linux64_1.5.0.202011040924/tools/bin/../lib/gcc/arm-none-eabi/9.3.1/thumb/v7e-m+fp/hard/libgcc.a(_aeabi_uldivmod.o) (__aeabi_ldiv0)

Allocating common symbols
Common symbol       size              file

hUsbDeviceFS        0x2d0             USB_DEVICE/App/usb_device.o
hpcd_USB_OTG_FS     0x408             USB_DEVICE/Target/usbd_conf.o
uwTick              0x4               Drivers/STM32F4xx_HAL_Driver/Src/stm32f4xx_hal.o
pFlash              0x20              Drivers/STM32F4xx_HAL_Driver/Src/stm32f4xx_hal_flash.o
hsai_BlockB1        0x88              Core/Src/main.o
hdma_sai1_b         0x60              Core/Src/main.o
hspi1               0x58              Core/Src/main.o
USBD_StrDesc        0x200             USB_DEVICE/App/usbd_desc.o

Discarded input sections

 .text          0x0000000000000000        0x0 /opt/st/stm32cubeide_1.6.1/plugins/com.st.stm32cube.ide.mcu.externaltools.gnu-tools-for-stm32.9-2020-q2-update.linux64_1.5.0.202011040924/tools/bin/../lib/gcc/arm-none-eabi/9.3.1/thumb/v7e-m+fp/hard/crti.o
[...]
Memory Configuration

Name             Origin             Length             Attributes
RAM              0x0000000020000000 0x0000000000020000 xrw
FLASH            0x0000000008000000 0x0000000000040000 xr
*default*        0x0000000000000000 0xffffffffffffffff

Linker script and memory map

LOAD /opt/st/stm32cubeide_1.6.1/plugins/com.st.stm32cube.ide.mcu.externaltools.gnu-tools-for-stm32.9-2020-q2-update.linux64_1.5.0.202011040924/tools/bin/../lib/gcc/arm-none-eabi/9.3.1/thumb/v7e-m+fp/hard/crti.o
LOAD /opt/st/stm32cubeide_1.6.1/plugins/com.st.stm32cube.ide.mcu.externaltools.gnu-tools-for-stm32.9-2020-q2-update.linux64_1.5.0.202011040924/tools/bin/../lib/gcc/arm-none-eabi/9.3.1/thumb/v7e-m+fp/hard/crtbegin.o
LOAD /opt/st/stm32cubeide_1.6.1/plugins/com.st.stm32cube.ide.mcu.externaltools.gnu-tools-for-stm32.9-2020-q2-update.linux64_1.5.0.202011040924/tools/bin/../lib/gcc/arm-none-eabi/9.3.1/../../../../arm-none-eabi/lib/thumb/v7e-m+fp/hard/crt0.o
LOAD Core/Src/main.o
LOAD Core/Src/stm32f4xx_hal_msp.o
LOAD Core/Src/stm32f4xx_it.o
LOAD Core/Src/syscalls.o
LOAD Core/Src/sysmem.o
LOAD Core/Src/system_stm32f4xx.o
LOAD Core/Startup/startup_stm32f446rctx.o
LOAD Drivers/BSP/Sound-20D01/Src/audio.o
LOAD Drivers/STM32F4xx_HAL_Driver/Src/stm32f4xx_hal.o
LOAD Drivers/STM32F4xx_HAL_Driver/Src/stm32f4xx_hal_cortex.o
LOAD Drivers/STM32F4xx_HAL_Driver/Src/stm32f4xx_hal_dma.o
LOAD Drivers/STM32F4xx_HAL_Driver/Src/stm32f4xx_hal_dma_ex.o
LOAD Drivers/STM32F4xx_HAL_Driver/Src/stm32f4xx_hal_exti.o
LOAD Drivers/STM32F4xx_HAL_Driver/Src/stm32f4xx_hal_flash.o
LOAD Drivers/STM32F4xx_HAL_Driver/Src/stm32f4xx_hal_flash_ex.o
LOAD Drivers/STM32F4xx_HAL_Driver/Src/stm32f4xx_hal_flash_ramfunc.o
LOAD Drivers/STM32F4xx_HAL_Driver/Src/stm32f4xx_hal_gpio.o
LOAD Drivers/STM32F4xx_HAL_Driver/Src/stm32f4xx_hal_pcd.o
LOAD Drivers/STM32F4xx_HAL_Driver/Src/stm32f4xx_hal_pcd_ex.o
LOAD Drivers/STM32F4xx_HAL_Driver/Src/stm32f4xx_hal_pwr.o
LOAD Drivers/STM32F4xx_HAL_Driver/Src/stm32f4xx_hal_pwr_ex.o
LOAD Drivers/STM32F4xx_HAL_Driver/Src/stm32f4xx_hal_rcc.o
LOAD Drivers/STM32F4xx_HAL_Driver/Src/stm32f4xx_hal_rcc_ex.o
LOAD Drivers/STM32F4xx_HAL_Driver/Src/stm32f4xx_hal_sai.o
LOAD Drivers/STM32F4xx_HAL_Driver/Src/stm32f4xx_hal_sai_ex.o
LOAD Drivers/STM32F4xx_HAL_Driver/Src/stm32f4xx_hal_spi.o
LOAD Drivers/STM32F4xx_HAL_Driver/Src/stm32f4xx_hal_tim.o
LOAD Drivers/STM32F4xx_HAL_Driver/Src/stm32f4xx_hal_tim_ex.o
LOAD Drivers/STM32F4xx_HAL_Driver/Src/stm32f4xx_ll_usb.o
LOAD Middlewares/ST/STM32_USB_Device_Library/Class/AUDIO/Src/usbd_audio.o
LOAD Middlewares/ST/STM32_USB_Device_Library/Core/Src/usbd_core.o
LOAD Middlewares/ST/STM32_USB_Device_Library/Core/Src/usbd_ctlreq.o
LOAD Middlewares/ST/STM32_USB_Device_Library/Core/Src/usbd_ioreq.o
LOAD USB_DEVICE/App/usb_device.o
LOAD USB_DEVICE/App/usbd_audio_if.o
LOAD USB_DEVICE/App/usbd_desc.o
LOAD USB_DEVICE/Target/usbd_conf.o
START GROUP
LOAD /opt/st/stm32cubeide_1.6.1/plugins/com.st.stm32cube.ide.mcu.externaltools.gnu-tools-for-stm32.9-2020-q2-update.linux64_1.5.0.202011040924/tools/bin/../lib/gcc/arm-none-eabi/9.3.1/../../../../arm-none-eabi/lib/thumb/v7e-m+fp/hard/libc_nano.a
LOAD /opt/st/stm32cubeide_1.6.1/plugins/com.st.stm32cube.ide.mcu.externaltools.gnu-tools-for-stm32.9-2020-q2-update.linux64_1.5.0.202011040924/tools/bin/../lib/gcc/arm-none-eabi/9.3.1/../../../../arm-none-eabi/lib/thumb/v7e-m+fp/hard/libm.a
END GROUP
START GROUP
LOAD /opt/st/stm32cubeide_1.6.1/plugins/com.st.stm32cube.ide.mcu.externaltools.gnu-tools-for-stm32.9-2020-q2-update.linux64_1.5.0.202011040924/tools/bin/../lib/gcc/arm-none-eabi/9.3.1/thumb/v7e-m+fp/hard/libgcc.a
LOAD /opt/st/stm32cubeide_1.6.1/plugins/com.st.stm32cube.ide.mcu.externaltools.gnu-tools-for-stm32.9-2020-q2-update.linux64_1.5.0.202011040924/tools/bin/../lib/gcc/arm-none-eabi/9.3.1/../../../../arm-none-eabi/lib/thumb/v7e-m+fp/hard/libc_nano.a
END GROUP
START GROUP
LOAD /opt/st/stm32cubeide_1.6.1/plugins/com.st.stm32cube.ide.mcu.externaltools.gnu-tools-for-stm32.9-2020-q2-update.linux64_1.5.0.202011040924/tools/bin/../lib/gcc/arm-none-eabi/9.3.1/thumb/v7e-m+fp/hard/libgcc.a
LOAD /opt/st/stm32cubeide_1.6.1/plugins/com.st.stm32cube.ide.mcu.externaltools.gnu-tools-for-stm32.9-2020-q2-update.linux64_1.5.0.202011040924/tools/bin/../lib/gcc/arm-none-eabi/9.3.1/../../../../arm-none-eabi/lib/thumb/v7e-m+fp/hard/libc_nano.a
LOAD /opt/st/stm32cubeide_1.6.1/plugins/com.st.stm32cube.ide.mcu.externaltools.gnu-tools-for-stm32.9-2020-q2-update.linux64_1.5.0.202011040924/tools/bin/../lib/gcc/arm-none-eabi/9.3.1/../../../../arm-none-eabi/lib/thumb/v7e-m+fp/hard/libnosys.a
END GROUP
START GROUP
LOAD /opt/st/stm32cubeide_1.6.1/plugins/com.st.stm32cube.ide.mcu.externaltools.gnu-tools-for-stm32.9-2020-q2-update.linux64_1.5.0.202011040924/tools/bin/../lib/gcc/arm-none-eabi/9.3.1/thumb/v7e-m+fp/hard/libgcc.a
LOAD /opt/st/stm32cubeide_1.6.1/plugins/com.st.stm32cube.ide.mcu.externaltools.gnu-tools-for-stm32.9-2020-q2-update.linux64_1.5.0.202011040924/tools/bin/../lib/gcc/arm-none-eabi/9.3.1/../../../../arm-none-eabi/lib/thumb/v7e-m+fp/hard/libc_nano.a
LOAD /opt/st/stm32cubeide_1.6.1/plugins/com.st.stm32cube.ide.mcu.externaltools.gnu-tools-for-stm32.9-2020-q2-update.linux64_1.5.0.202011040924/tools/bin/../lib/gcc/arm-none-eabi/9.3.1/../../../../arm-none-eabi/lib/thumb/v7e-m+fp/hard/libnosys.a
END GROUP
LOAD /opt/st/stm32cubeide_1.6.1/plugins/com.st.stm32cube.ide.mcu.externaltools.gnu-tools-for-stm32.9-2020-q2-update.linux64_1.5.0.202011040924/tools/bin/../lib/gcc/arm-none-eabi/9.3.1/thumb/v7e-m+fp/hard/crtend.o
LOAD /opt/st/stm32cubeide_1.6.1/plugins/com.st.stm32cube.ide.mcu.externaltools.gnu-tools-for-stm32.9-2020-q2-update.linux64_1.5.0.202011040924/tools/bin/../lib/gcc/arm-none-eabi/9.3.1/thumb/v7e-m+fp/hard/crtn.o
                0x0000000020020000                _estack = (ORIGIN (RAM) + LENGTH (RAM))
                0x0000000000000200                _Min_Heap_Size = 0x200
                0x0000000000000400                _Min_Stack_Size = 0x400

.isr_vector     0x0000000008000000      0x1c4
                0x0000000008000000                . = ALIGN (0x4)
 *(.isr_vector)
 .isr_vector    0x0000000008000000      0x1c4 Core/Startup/startup_stm32f446rctx.o
                0x0000000008000000                g_pfnVectors
                0x00000000080001c4                . = ALIGN (0x4)

.text           0x00000000080001c4     0x8c30
                0x00000000080001c4                . = ALIGN (0x4)
 *(.text)
 .text          0x00000000080001c4       0x40 /opt/st/stm32cubeide_1.6.1/plugins/com.st.stm32cube.ide.mcu.externaltools.gnu-tools-for-stm32.9-2020-q2-update.linux64_1.5.0.202011040924/tools/bin/../lib/gcc/arm-none-eabi/9.3.1/thumb/v7e-m+fp/hard/crtbegin.o
 .text          0x0000000008000204       0x30 /opt/st/stm32cubeide_1.6.1/plugins/com.st.stm32cube.ide.mcu.externaltools.gnu-tools-for-stm32.9-2020-q2-update.linux64_1.5.0.202011040924/tools/bin/../lib/gcc/arm-none-eabi/9.3.1/thumb/v7e-m+fp/hard/libgcc.a(_aeabi_uldivmod.o)
                0x0000000008000204                __aeabi_uldivmod
 .text          0x0000000008000234      0x2c4 /opt/st/stm32cubeide_1.6.1/plugins/com.st.stm32cube.ide.mcu.externaltools.gnu-tools-for-stm32.9-2020-q2-update.linux64_1.5.0.202011040924/tools/bin/../lib/gcc/arm-none-eabi/9.3.1/thumb/v7e-m+fp/hard/libgcc.a(_udivmoddi4.o)
                0x0000000008000234                __udivmoddi4
 .text          0x00000000080004f8        0x4 /opt/st/stm32cubeide_1.6.1/plugins/com.st.stm32cube.ide.mcu.externaltools.gnu-tools-for-stm32.9-2020-q2-update.linux64_1.5.0.202011040924/tools/bin/../lib/gcc/arm-none-eabi/9.3.1/thumb/v7e-m+fp/hard/libgcc.a(_dvmd_tls.o)
                0x00000000080004f8                __aeabi_ldiv0
                0x00000000080004f8                __aeabi_idiv0
 *(.text*)
 .text.main     0x00000000080004fc       0x22 Core/Src/main.o
                0x00000000080004fc                main
 *fill*         0x000000000800051e        0x2 
 .text.SystemClock_Config
                0x0000000008000520      0x13c Core/Src/main.o
                0x0000000008000520                SystemClock_Config
 .text.MX_SAI1_Init
                0x000000000800065c       0x74 Core/Src/main.o
 .text.MX_SPI1_Init
                0x00000000080006d0       0x6c Core/Src/main.o
 .text.MX_DMA_Init
                0x000000000800073c       0x40 Core/Src/main.o
 .text.MX_GPIO_Init
                0x000000000800077c       0xe4 Core/Src/main.o
 .text.Error_Handler
                0x0000000008000860        0xa Core/Src/main.o
                0x0000000008000860                Error_Handler
 *fill*         0x000000000800086a        0x2 
 .text.HAL_MspInit
                0x000000000800086c       0x50 Core/Src/stm32f4xx_hal_msp.o
                0x000000000800086c                HAL_MspInit
 .text.HAL_SPI_MspInit
                0x00000000080008bc       0x90 Core/Src/stm32f4xx_hal_msp.o
                0x00000000080008bc                HAL_SPI_MspInit
 .text.HAL_SAI_MspInit
                0x000000000800094c      0x14c Core/Src/stm32f4xx_hal_msp.o
                0x000000000800094c                HAL_SAI_MspInit
 .text.NMI_Handler
                0x0000000008000a98        0x6 Core/Src/stm32f4xx_it.o
                0x0000000008000a98                NMI_Handler
 .text.HardFault_Handler
                0x0000000008000a9e        0x6 Core/Src/stm32f4xx_it.o
                0x0000000008000a9e                HardFault_Handler
 .text.MemManage_Handler
                0x0000000008000aa4        0x6 Core/Src/stm32f4xx_it.o
                0x0000000008000aa4                MemManage_Handler
 .text.BusFault_Handler
                0x0000000008000aaa        0x6 Core/Src/stm32f4xx_it.o
                0x0000000008000aaa                BusFault_Handler
 .text.UsageFault_Handler
                0x0000000008000ab0        0x6 Core/Src/stm32f4xx_it.o
                0x0000000008000ab0                UsageFault_Handler
 .text.SVC_Handler
                0x0000000008000ab6        0xe Core/Src/stm32f4xx_it.o
                0x0000000008000ab6                SVC_Handler
 .text.DebugMon_Handler
                0x0000000008000ac4        0xe Core/Src/stm32f4xx_it.o
                0x0000000008000ac4                DebugMon_Handler
 .text.PendSV_Handler
                0x0000000008000ad2        0xe Core/Src/stm32f4xx_it.o
                0x0000000008000ad2                PendSV_Handler
 .text.SysTick_Handler
                0x0000000008000ae0        0xc Core/Src/stm32f4xx_it.o
                0x0000000008000ae0                SysTick_Handler
 .text.OTG_FS_IRQHandler
                0x0000000008000aec       0x14 Core/Src/stm32f4xx_it.o
                0x0000000008000aec                OTG_FS_IRQHandler
 .text.DMA2_Stream5_IRQHandler
                0x0000000008000b00       0x14 Core/Src/stm32f4xx_it.o
                0x0000000008000b00                DMA2_Stream5_IRQHandler
 .text.SystemInit
                0x0000000008000b14       0x24 Core/Src/system_stm32f4xx.o
                0x0000000008000b14                SystemInit
 .text.Reset_Handler
                0x0000000008000b38       0x50 Core/Startup/startup_stm32f446rctx.o
                0x0000000008000b38                Reset_Handler
 .text.Default_Handler
                0x0000000008000b88        0x2 Core/Startup/startup_stm32f446rctx.o
                0x0000000008000b88                RTC_Alarm_IRQHandler
                0x0000000008000b88                EXTI2_IRQHandler
                0x0000000008000b88                TIM8_CC_IRQHandler
                0x0000000008000b88                FMPI2C1_EV_IRQHandler
                0x0000000008000b88                SPI4_IRQHandler
                0x0000000008000b88                TIM1_CC_IRQHandler
                0x0000000008000b88                DMA1_Stream5_IRQHandler
                0x0000000008000b88                PVD_IRQHandler
                0x0000000008000b88                SDIO_IRQHandler
                0x0000000008000b88                TAMP_STAMP_IRQHandler
                0x0000000008000b88                CAN2_RX1_IRQHandler
                0x0000000008000b88                EXTI3_IRQHandler
                0x0000000008000b88                TIM8_TRG_COM_TIM14_IRQHandler
                0x0000000008000b88                TIM1_UP_TIM10_IRQHandler
                0x0000000008000b88                TIM8_UP_TIM13_IRQHandler
                0x0000000008000b88                I2C3_ER_IRQHandler
                0x0000000008000b88                EXTI0_IRQHandler
                0x0000000008000b88                I2C2_EV_IRQHandler
                0x0000000008000b88                DMA1_Stream2_IRQHandler
                0x0000000008000b88                CAN1_RX0_IRQHandler
                0x0000000008000b88                FPU_IRQHandler
                0x0000000008000b88                OTG_HS_WKUP_IRQHandler
                0x0000000008000b88                CAN2_SCE_IRQHandler
                0x0000000008000b88                DMA2_Stream2_IRQHandler
                0x0000000008000b88                SPI1_IRQHandler
                0x0000000008000b88                TIM6_DAC_IRQHandler
                0x0000000008000b88                TIM1_BRK_TIM9_IRQHandler
                0x0000000008000b88                DCMI_IRQHandler
                0x0000000008000b88                CAN2_RX0_IRQHandler
                0x0000000008000b88                DMA2_Stream3_IRQHandler
                0x0000000008000b88                SAI2_IRQHandler
                0x0000000008000b88                USART6_IRQHandler
                0x0000000008000b88                USART3_IRQHandler
                0x0000000008000b88                CAN1_RX1_IRQHandler
                0x0000000008000b88                UART5_IRQHandler
                0x0000000008000b88                DMA2_Stream0_IRQHandler
                0x0000000008000b88                TIM4_IRQHandler
                0x0000000008000b88                QUADSPI_IRQHandler
                0x0000000008000b88                I2C1_EV_IRQHandler
                0x0000000008000b88                DMA1_Stream6_IRQHandler
                0x0000000008000b88                DMA1_Stream1_IRQHandler
                0x0000000008000b88                UART4_IRQHandler
                0x0000000008000b88                TIM3_IRQHandler
                0x0000000008000b88                RCC_IRQHandler
                0x0000000008000b88                TIM8_BRK_TIM12_IRQHandler
                0x0000000008000b88                Default_Handler
                0x0000000008000b88                CEC_IRQHandler
                0x0000000008000b88                EXTI15_10_IRQHandler
                0x0000000008000b88                ADC_IRQHandler
                0x0000000008000b88                DMA1_Stream7_IRQHandler
                0x0000000008000b88                TIM7_IRQHandler
                0x0000000008000b88                CAN2_TX_IRQHandler
                0x0000000008000b88                TIM5_IRQHandler
                0x0000000008000b88                DMA2_Stream7_IRQHandler
                0x0000000008000b88                I2C3_EV_IRQHandler
                0x0000000008000b88                EXTI9_5_IRQHandler
                0x0000000008000b88                RTC_WKUP_IRQHandler
                0x0000000008000b88                SPDIF_RX_IRQHandler
                0x0000000008000b88                SPI2_IRQHandler
                0x0000000008000b88                OTG_HS_EP1_IN_IRQHandler
                0x0000000008000b88                DMA1_Stream0_IRQHandler
                0x0000000008000b88                CAN1_TX_IRQHandler
                0x0000000008000b88                FMPI2C1_ER_IRQHandler
                0x0000000008000b88                EXTI4_IRQHandler
                0x0000000008000b88                OTG_HS_EP1_OUT_IRQHandler
                0x0000000008000b88                WWDG_IRQHandler
                0x0000000008000b88                TIM2_IRQHandler
                0x0000000008000b88                OTG_FS_WKUP_IRQHandler
                0x0000000008000b88                TIM1_TRG_COM_TIM11_IRQHandler
                0x0000000008000b88                OTG_HS_IRQHandler
                0x0000000008000b88                EXTI1_IRQHandler
                0x0000000008000b88                USART2_IRQHandler
                0x0000000008000b88                I2C2_ER_IRQHandler
                0x0000000008000b88                DMA2_Stream1_IRQHandler
                0x0000000008000b88                CAN1_SCE_IRQHandler
                0x0000000008000b88                FLASH_IRQHandler
                0x0000000008000b88                DMA2_Stream4_IRQHandler
                0x0000000008000b88                USART1_IRQHandler
                0x0000000008000b88                SPI3_IRQHandler
                0x0000000008000b88                DMA1_Stream4_IRQHandler
                0x0000000008000b88                I2C1_ER_IRQHandler
                0x0000000008000b88                FMC_IRQHandler
                0x0000000008000b88                DMA2_Stream6_IRQHandler
                0x0000000008000b88                SAI1_IRQHandler
                0x0000000008000b88                DMA1_Stream3_IRQHandler
 .text.HAL_SAI_TxCpltCallback
                0x0000000008000b8a       0x14 Drivers/BSP/Sound-20D01/Src/audio.o
                0x0000000008000b8a                HAL_SAI_TxCpltCallback
 .text.HAL_SAI_TxHalfCpltCallback
                0x0000000008000b9e       0x14 Drivers/BSP/Sound-20D01/Src/audio.o
                0x0000000008000b9e                HAL_SAI_TxHalfCpltCallback
 *fill*         0x0000000008000bb2        0x2 
 .text.AD1938_SPI_Write
                0x0000000008000bb4       0x50 Drivers/BSP/Sound-20D01/Src/audio.o
                0x0000000008000bb4                AD1938_SPI_Write
 .text.BSP_AUDIO_Init
                0x0000000008000c04       0x16 Drivers/BSP/Sound-20D01/Src/audio.o
                0x0000000008000c04                BSP_AUDIO_Init
 *fill*         0x0000000008000c1a        0x2 
 .text.BSP_AUDIO_OUT_Play
                0x0000000008000c1c       0x38 Drivers/BSP/Sound-20D01/Src/audio.o
                0x0000000008000c1c                BSP_AUDIO_OUT_Play
 .text.BSP_AUDIO_OUT_ChangeBuffer
                0x0000000008000c54       0x24 Drivers/BSP/Sound-20D01/Src/audio.o
                0x0000000008000c54                BSP_AUDIO_OUT_ChangeBuffer
 .text.BSP_AUDIO_OUT_SetVolume
                0x0000000008000c78       0x26 Drivers/BSP/Sound-20D01/Src/audio.o
                0x0000000008000c78                BSP_AUDIO_OUT_SetVolume
 *fill*         0x0000000008000c9e        0x2 
 .text.HAL_Init
                0x0000000008000ca0       0x44 Drivers/STM32F4xx_HAL_Driver/Src/stm32f4xx_hal.o
                0x0000000008000ca0                HAL_Init
 .text.HAL_InitTick
                0x0000000008000ce4       0x60 Drivers/STM32F4xx_HAL_Driver/Src/stm32f4xx_hal.o
                0x0000000008000ce4                HAL_InitTick
 .text.HAL_IncTick
                0x0000000008000d44       0x28 Drivers/STM32F4xx_HAL_Driver/Src/stm32f4xx_hal.o
                0x0000000008000d44                HAL_IncTick
 .text.HAL_GetTick
                0x0000000008000d6c       0x18 Drivers/STM32F4xx_HAL_Driver/Src/stm32f4xx_hal.o
                0x0000000008000d6c                HAL_GetTick
 .text.HAL_Delay
                0x0000000008000d84       0x48 Drivers/STM32F4xx_HAL_Driver/Src/stm32f4xx_hal.o
                0x0000000008000d84                HAL_Delay
 .text.__NVIC_SetPriorityGrouping
                0x0000000008000dcc       0x48 Drivers/STM32F4xx_HAL_Driver/Src/stm32f4xx_hal_cortex.o
 .text.__NVIC_GetPriorityGrouping
                0x0000000008000e14       0x1c Drivers/STM32F4xx_HAL_Driver/Src/stm32f4xx_hal_cortex.o
 .text.__NVIC_EnableIRQ
                0x0000000008000e30       0x3c Drivers/STM32F4xx_HAL_Driver/Src/stm32f4xx_hal_cortex.o
 .text.__NVIC_SetPriority
                0x0000000008000e6c       0x54 Drivers/STM32F4xx_HAL_Driver/Src/stm32f4xx_hal_cortex.o
 .text.NVIC_EncodePriority
                0x0000000008000ec0       0x66 Drivers/STM32F4xx_HAL_Driver/Src/stm32f4xx_hal_cortex.o
 *fill*         0x0000000008000f26        0x2 
 .text.SysTick_Config
                0x0000000008000f28       0x44 Drivers/STM32F4xx_HAL_Driver/Src/stm32f4xx_hal_cortex.o
 .text.HAL_NVIC_SetPriorityGrouping
                0x0000000008000f6c       0x16 Drivers/STM32F4xx_HAL_Driver/Src/stm32f4xx_hal_cortex.o
                0x0000000008000f6c                HAL_NVIC_SetPriorityGrouping
 .text.HAL_NVIC_SetPriority
                0x0000000008000f82       0x38 Drivers/STM32F4xx_HAL_Driver/Src/stm32f4xx_hal_cortex.o
                0x0000000008000f82                HAL_NVIC_SetPriority
 .text.HAL_NVIC_EnableIRQ
                0x0000000008000fba       0x1c Drivers/STM32F4xx_HAL_Driver/Src/stm32f4xx_hal_cortex.o
                0x0000000008000fba                HAL_NVIC_EnableIRQ
 .text.HAL_SYSTICK_Config
                0x0000000008000fd6       0x18 Drivers/STM32F4xx_HAL_Driver/Src/stm32f4xx_hal_cortex.o
                0x0000000008000fd6                HAL_SYSTICK_Config
 *fill*         0x0000000008000fee        0x2 
 .text.HAL_DMA_Init
                0x0000000008000ff0      0x15c Drivers/STM32F4xx_HAL_Driver/Src/stm32f4xx_hal_dma.o
                0x0000000008000ff0                HAL_DMA_Init
 .text.HAL_DMA_Start_IT
                0x000000000800114c       0xb0 Drivers/STM32F4xx_HAL_Driver/Src/stm32f4xx_hal_dma.o
                0x000000000800114c                HAL_DMA_Start_IT
 .text.HAL_DMA_IRQHandler
                0x00000000080011fc      0x314 Drivers/STM32F4xx_HAL_Driver/Src/stm32f4xx_hal_dma.o
                0x00000000080011fc                HAL_DMA_IRQHandler
 .text.DMA_SetConfig
                0x0000000008001510       0x5c Drivers/STM32F4xx_HAL_Driver/Src/stm32f4xx_hal_dma.o
 .text.DMA_CalcBaseAndBitshift
                0x000000000800156c       0x6c Drivers/STM32F4xx_HAL_Driver/Src/stm32f4xx_hal_dma.o
 .text.DMA_CheckFifoParam
                0x00000000080015d8       0xf8 Drivers/STM32F4xx_HAL_Driver/Src/stm32f4xx_hal_dma.o
 .text.HAL_GPIO_Init
                0x00000000080016d0      0x328 Drivers/STM32F4xx_HAL_Driver/Src/stm32f4xx_hal_gpio.o
                0x00000000080016d0                HAL_GPIO_Init
 .text.HAL_GPIO_WritePin
                0x00000000080019f8       0x32 Drivers/STM32F4xx_HAL_Driver/Src/stm32f4xx_hal_gpio.o
                0x00000000080019f8                HAL_GPIO_WritePin
 .text.HAL_PCD_Init
                0x0000000008001a2a      0x248 Drivers/STM32F4xx_HAL_Driver/Src/stm32f4xx_hal_pcd.o
                0x0000000008001a2a                HAL_PCD_Init
 .text.HAL_PCD_Start
                0x0000000008001c72       0x66 Drivers/STM32F4xx_HAL_Driver/Src/stm32f4xx_hal_pcd.o
                0x0000000008001c72                HAL_PCD_Start
 .text.HAL_PCD_IRQHandler
                0x0000000008001cd8      0x7be Drivers/STM32F4xx_HAL_Driver/Src/stm32f4xx_hal_pcd.o
                0x0000000008001cd8                HAL_PCD_IRQHandler
 .text.HAL_PCD_SetAddress
                0x0000000008002496       0x4a Drivers/STM32F4xx_HAL_Driver/Src/stm32f4xx_hal_pcd.o
                0x0000000008002496                HAL_PCD_SetAddress
 .text.HAL_PCD_EP_Open
                0x00000000080024e0       0xd0 Drivers/STM32F4xx_HAL_Driver/Src/stm32f4xx_hal_pcd.o
                0x00000000080024e0                HAL_PCD_EP_Open
 .text.HAL_PCD_EP_Close
                0x00000000080025b0       0x94 Drivers/STM32F4xx_HAL_Driver/Src/stm32f4xx_hal_pcd.o
                0x00000000080025b0                HAL_PCD_EP_Close
 .text.HAL_PCD_EP_Receive
                0x0000000008002644       0x96 Drivers/STM32F4xx_HAL_Driver/Src/stm32f4xx_hal_pcd.o
                0x0000000008002644                HAL_PCD_EP_Receive
 .text.HAL_PCD_EP_GetRxCount
                0x00000000080026da       0x30 Drivers/STM32F4xx_HAL_Driver/Src/stm32f4xx_hal_pcd.o
                0x00000000080026da                HAL_PCD_EP_GetRxCount
 .text.HAL_PCD_EP_Transmit
                0x000000000800270a       0x94 Drivers/STM32F4xx_HAL_Driver/Src/stm32f4xx_hal_pcd.o
                0x000000000800270a                HAL_PCD_EP_Transmit
 .text.HAL_PCD_EP_SetStall
                0x000000000800279e       0xc8 Drivers/STM32F4xx_HAL_Driver/Src/stm32f4xx_hal_pcd.o
                0x000000000800279e                HAL_PCD_EP_SetStall
 .text.HAL_PCD_EP_ClrStall
                0x0000000008002866       0xac Drivers/STM32F4xx_HAL_Driver/Src/stm32f4xx_hal_pcd.o
                0x0000000008002866                HAL_PCD_EP_ClrStall
 .text.PCD_WriteEmptyTxFifo
                0x0000000008002912      0x11a Drivers/STM32F4xx_HAL_Driver/Src/stm32f4xx_hal_pcd.o
 .text.PCD_EP_OutXfrComplete_int
                0x0000000008002a2c      0x218 Drivers/STM32F4xx_HAL_Driver/Src/stm32f4xx_hal_pcd.o
 .text.PCD_EP_OutSetupPacket_int
                0x0000000008002c44       0x8c Drivers/STM32F4xx_HAL_Driver/Src/stm32f4xx_hal_pcd.o
 .text.HAL_PCDEx_SetTxFiFo
                0x0000000008002cd0       0x8e Drivers/STM32F4xx_HAL_Driver/Src/stm32f4xx_hal_pcd_ex.o
                0x0000000008002cd0                HAL_PCDEx_SetTxFiFo
 .text.HAL_PCDEx_SetRxFiFo
                0x0000000008002d5e       0x22 Drivers/STM32F4xx_HAL_Driver/Src/stm32f4xx_hal_pcd_ex.o
                0x0000000008002d5e                HAL_PCDEx_SetRxFiFo
 .text.HAL_PCDEx_ActivateLPM
                0x0000000008002d80       0x48 Drivers/STM32F4xx_HAL_Driver/Src/stm32f4xx_hal_pcd_ex.o
                0x0000000008002d80                HAL_PCDEx_ActivateLPM
 .text.HAL_PWREx_EnableOverDrive
                0x0000000008002dc8       0xa0 Drivers/STM32F4xx_HAL_Driver/Src/stm32f4xx_hal_pwr_ex.o
                0x0000000008002dc8                HAL_PWREx_EnableOverDrive
 .text.HAL_RCC_ClockConfig
                0x0000000008002e68      0x1cc Drivers/STM32F4xx_HAL_Driver/Src/stm32f4xx_hal_rcc.o
                0x0000000008002e68                HAL_RCC_ClockConfig
 .text.HAL_RCC_GetHCLKFreq
                0x0000000008003034       0x18 Drivers/STM32F4xx_HAL_Driver/Src/stm32f4xx_hal_rcc.o
                0x0000000008003034                HAL_RCC_GetHCLKFreq
 .text.HAL_RCCEx_PeriphCLKConfig
                0x000000000800304c      0x654 Drivers/STM32F4xx_HAL_Driver/Src/stm32f4xx_hal_rcc_ex.o
                0x000000000800304c                HAL_RCCEx_PeriphCLKConfig
 .text.HAL_RCCEx_GetPeriphCLKFreq
                0x00000000080036a0      0x490 Drivers/STM32F4xx_HAL_Driver/Src/stm32f4xx_hal_rcc_ex.o
                0x00000000080036a0                HAL_RCCEx_GetPeriphCLKFreq
 .text.HAL_RCC_GetSysClockFreq
                0x0000000008003b30      0x364 Drivers/STM32F4xx_HAL_Driver/Src/stm32f4xx_hal_rcc_ex.o
                0x0000000008003b30                HAL_RCC_GetSysClockFreq
 .text.HAL_RCC_OscConfig
                0x0000000008003e94      0x53c Drivers/STM32F4xx_HAL_Driver/Src/stm32f4xx_hal_rcc_ex.o
                0x0000000008003e94                HAL_RCC_OscConfig
 .text.HAL_SAI_InitProtocol
                0x00000000080043d0       0x66 Drivers/STM32F4xx_HAL_Driver/Src/stm32f4xx_hal_sai.o
                0x00000000080043d0                HAL_SAI_InitProtocol
 *fill*         0x0000000008004436        0x2 
 .text.HAL_SAI_Init
                0x0000000008004438      0x250 Drivers/STM32F4xx_HAL_Driver/Src/stm32f4xx_hal_sai.o
                0x0000000008004438                HAL_SAI_Init
 .text.HAL_SAI_Transmit_DMA
                0x0000000008004688      0x160 Drivers/STM32F4xx_HAL_Driver/Src/stm32f4xx_hal_sai.o
                0x0000000008004688                HAL_SAI_Transmit_DMA
 .text.HAL_SAI_ErrorCallback
                0x00000000080047e8       0x14 Drivers/STM32F4xx_HAL_Driver/Src/stm32f4xx_hal_sai.o
                0x00000000080047e8                HAL_SAI_ErrorCallback
 .text.SAI_InitI2S
                0x00000000080047fc      0x15c Drivers/STM32F4xx_HAL_Driver/Src/stm32f4xx_hal_sai.o
 .text.SAI_InitPCM
                0x0000000008004958      0x100 Drivers/STM32F4xx_HAL_Driver/Src/stm32f4xx_hal_sai.o
 .text.SAI_InterruptFlag
                0x0000000008004a58       0x6c Drivers/STM32F4xx_HAL_Driver/Src/stm32f4xx_hal_sai.o
 .text.SAI_Disable
                0x0000000008004ac4       0x70 Drivers/STM32F4xx_HAL_Driver/Src/stm32f4xx_hal_sai.o
 .text.SAI_DMATxCplt
                0x0000000008004b34       0x60 Drivers/STM32F4xx_HAL_Driver/Src/stm32f4xx_hal_sai.o
 .text.SAI_DMATxHalfCplt
                0x0000000008004b94       0x1c Drivers/STM32F4xx_HAL_Driver/Src/stm32f4xx_hal_sai.o
 .text.SAI_DMAError
                0x0000000008004bb0       0x66 Drivers/STM32F4xx_HAL_Driver/Src/stm32f4xx_hal_sai.o
 *fill*         0x0000000008004c16        0x2 
 .text.SAI_BlockSynchroConfig
                0x0000000008004c18       0x88 Drivers/STM32F4xx_HAL_Driver/Src/stm32f4xx_hal_sai_ex.o
                0x0000000008004c18                SAI_BlockSynchroConfig
 .text.SAI_GetInputClock
                0x0000000008004ca0       0x44 Drivers/STM32F4xx_HAL_Driver/Src/stm32f4xx_hal_sai_ex.o
                0x0000000008004ca0                SAI_GetInputClock
 .text.HAL_SPI_Init
                0x0000000008004ce4      0x112 Drivers/STM32F4xx_HAL_Driver/Src/stm32f4xx_hal_spi.o
                0x0000000008004ce4                HAL_SPI_Init
 .text.HAL_SPI_Transmit
                0x0000000008004df6      0x278 Drivers/STM32F4xx_HAL_Driver/Src/stm32f4xx_hal_spi.o
                0x0000000008004df6                HAL_SPI_Transmit
 *fill*         0x000000000800506e        0x2 
 .text.SPI_WaitFlagStateUntilTimeout
                0x0000000008005070      0x110 Drivers/STM32F4xx_HAL_Driver/Src/stm32f4xx_hal_spi.o
 .text.SPI_EndRxTxTransaction
                0x0000000008005180       0x84 Drivers/STM32F4xx_HAL_Driver/Src/stm32f4xx_hal_spi.o
 .text.USB_CoreInit
                0x0000000008005204       0xc2 Drivers/STM32F4xx_HAL_Driver/Src/stm32f4xx_ll_usb.o
                0x0000000008005204                USB_CoreInit
 *fill*         0x00000000080052c6        0x2 
 .text.USB_SetTurnaroundTime
                0x00000000080052c8      0x144 Drivers/STM32F4xx_HAL_Driver/Src/stm32f4xx_ll_usb.o
                0x00000000080052c8                USB_SetTurnaroundTime
 .text.USB_EnableGlobalInt
                0x000000000800540c       0x22 Drivers/STM32F4xx_HAL_Driver/Src/stm32f4xx_ll_usb.o
                0x000000000800540c                USB_EnableGlobalInt
 .text.USB_DisableGlobalInt
                0x000000000800542e       0x22 Drivers/STM32F4xx_HAL_Driver/Src/stm32f4xx_ll_usb.o
                0x000000000800542e                USB_DisableGlobalInt
 .text.USB_SetCurrentMode
                0x0000000008005450       0x98 Drivers/STM32F4xx_HAL_Driver/Src/stm32f4xx_ll_usb.o
                0x0000000008005450                USB_SetCurrentMode
 .text.USB_DevInit
                0x00000000080054e8      0x2bc Drivers/STM32F4xx_HAL_Driver/Src/stm32f4xx_ll_usb.o
                0x00000000080054e8                USB_DevInit
 .text.USB_FlushTxFifo
                0x00000000080057a4       0x48 Drivers/STM32F4xx_HAL_Driver/Src/stm32f4xx_ll_usb.o
                0x00000000080057a4                USB_FlushTxFifo
 .text.USB_FlushRxFifo
                0x00000000080057ec       0x40 Drivers/STM32F4xx_HAL_Driver/Src/stm32f4xx_ll_usb.o
                0x00000000080057ec                USB_FlushRxFifo
 .text.USB_SetDevSpeed
                0x000000000800582c       0x32 Drivers/STM32F4xx_HAL_Driver/Src/stm32f4xx_ll_usb.o
                0x000000000800582c                USB_SetDevSpeed
 .text.USB_GetDevSpeed
                0x000000000800585e       0x4a Drivers/STM32F4xx_HAL_Driver/Src/stm32f4xx_ll_usb.o
                0x000000000800585e                USB_GetDevSpeed
 .text.USB_ActivateEndpoint
                0x00000000080058a8      0x10e Drivers/STM32F4xx_HAL_Driver/Src/stm32f4xx_ll_usb.o
                0x00000000080058a8                USB_ActivateEndpoint
 *fill*         0x00000000080059b6        0x2 
 .text.USB_DeactivateEndpoint
                0x00000000080059b8      0x1b8 Drivers/STM32F4xx_HAL_Driver/Src/stm32f4xx_ll_usb.o
                0x00000000080059b8                USB_DeactivateEndpoint
 .text.USB_EPStartXfer
                0x0000000008005b70      0x488 Drivers/STM32F4xx_HAL_Driver/Src/stm32f4xx_ll_usb.o
                0x0000000008005b70                USB_EPStartXfer
 .text.USB_EP0StartXfer
                0x0000000008005ff8      0x2a6 Drivers/STM32F4xx_HAL_Driver/Src/stm32f4xx_ll_usb.o
                0x0000000008005ff8                USB_EP0StartXfer
 .text.USB_WritePacket
                0x000000000800629e       0x7c Drivers/STM32F4xx_HAL_Driver/Src/stm32f4xx_ll_usb.o
                0x000000000800629e                USB_WritePacket
 .text.USB_ReadPacket
                0x000000000800631a       0xb0 Drivers/STM32F4xx_HAL_Driver/Src/stm32f4xx_ll_usb.o
                0x000000000800631a                USB_ReadPacket
 .text.USB_EPSetStall
                0x00000000080063ca       0xdc Drivers/STM32F4xx_HAL_Driver/Src/stm32f4xx_ll_usb.o
                0x00000000080063ca                USB_EPSetStall
 .text.USB_EPClearStall
                0x00000000080064a6       0xcc Drivers/STM32F4xx_HAL_Driver/Src/stm32f4xx_ll_usb.o
                0x00000000080064a6                USB_EPClearStall
 .text.USB_SetDevAddress
                0x0000000008006572       0x4c Drivers/STM32F4xx_HAL_Driver/Src/stm32f4xx_ll_usb.o
                0x0000000008006572                USB_SetDevAddress
 .text.USB_DevConnect
                0x00000000080065be       0x42 Drivers/STM32F4xx_HAL_Driver/Src/stm32f4xx_ll_usb.o
                0x00000000080065be                USB_DevConnect
 .text.USB_DevDisconnect
                0x0000000008006600       0x42 Drivers/STM32F4xx_HAL_Driver/Src/stm32f4xx_ll_usb.o
                0x0000000008006600                USB_DevDisconnect
 .text.USB_ReadInterrupts
                0x0000000008006642       0x26 Drivers/STM32F4xx_HAL_Driver/Src/stm32f4xx_ll_usb.o
                0x0000000008006642                USB_ReadInterrupts
 .text.USB_ReadDevAllOutEpInterrupt
                0x0000000008006668       0x34 Drivers/STM32F4xx_HAL_Driver/Src/stm32f4xx_ll_usb.o
                0x0000000008006668                USB_ReadDevAllOutEpInterrupt
 .text.USB_ReadDevAllInEpInterrupt
                0x000000000800669c       0x34 Drivers/STM32F4xx_HAL_Driver/Src/stm32f4xx_ll_usb.o
                0x000000000800669c                USB_ReadDevAllInEpInterrupt
 .text.USB_ReadDevOutEPInterrupt
                0x00000000080066d0       0x3c Drivers/STM32F4xx_HAL_Driver/Src/stm32f4xx_ll_usb.o
                0x00000000080066d0                USB_ReadDevOutEPInterrupt
 .text.USB_ReadDevInEPInterrupt
                0x000000000800670c       0x5c Drivers/STM32F4xx_HAL_Driver/Src/stm32f4xx_ll_usb.o
                0x000000000800670c                USB_ReadDevInEPInterrupt
 .text.USB_GetMode
                0x0000000008006768       0x1c Drivers/STM32F4xx_HAL_Driver/Src/stm32f4xx_ll_usb.o
                0x0000000008006768                USB_GetMode
 .text.USB_ActivateSetup
                0x0000000008006784       0x46 Drivers/STM32F4xx_HAL_Driver/Src/stm32f4xx_ll_usb.o
                0x0000000008006784                USB_ActivateSetup
 *fill*         0x00000000080067ca        0x2 
 .text.USB_EP0_OutStart
                0x00000000080067cc       0xbc Drivers/STM32F4xx_HAL_Driver/Src/stm32f4xx_ll_usb.o
                0x00000000080067cc                USB_EP0_OutStart
 .text.USB_CoreReset
                0x0000000008006888       0x64 Drivers/STM32F4xx_HAL_Driver/Src/stm32f4xx_ll_usb.o
 .text.USBD_AUDIO_Init
                0x00000000080068ec       0xc8 Middlewares/ST/STM32_USB_Device_Library/Class/AUDIO/Src/usbd_audio.o
 .text.USBD_AUDIO_DeInit
                0x00000000080069b4       0x58 Middlewares/ST/STM32_USB_Device_Library/Class/AUDIO/Src/usbd_audio.o
 .text.USBD_AUDIO_Setup
                0x0000000008006a0c      0x194 Middlewares/ST/STM32_USB_Device_Library/Class/AUDIO/Src/usbd_audio.o
 .text.USBD_AUDIO_GetCfgDesc
                0x0000000008006ba0       0x20 Middlewares/ST/STM32_USB_Device_Library/Class/AUDIO/Src/usbd_audio.o
 .text.USBD_AUDIO_DataIn
                0x0000000008006bc0       0x1a Middlewares/ST/STM32_USB_Device_Library/Class/AUDIO/Src/usbd_audio.o
 .text.USBD_AUDIO_EP0_RxReady
                0x0000000008006bda       0x6e Middlewares/ST/STM32_USB_Device_Library/Class/AUDIO/Src/usbd_audio.o
 .text.USBD_AUDIO_EP0_TxReady
                0x0000000008006c48       0x16 Middlewares/ST/STM32_USB_Device_Library/Class/AUDIO/Src/usbd_audio.o
 .text.USBD_AUDIO_SOF
                0x0000000008006c5e       0x16 Middlewares/ST/STM32_USB_Device_Library/Class/AUDIO/Src/usbd_audio.o
 .text.USBD_AUDIO_Sync
                0x0000000008006c74      0x158 Middlewares/ST/STM32_USB_Device_Library/Class/AUDIO/Src/usbd_audio.o
                0x0000000008006c74                USBD_AUDIO_Sync
 .text.USBD_AUDIO_IsoINIncomplete
                0x0000000008006dcc       0x1a Middlewares/ST/STM32_USB_Device_Library/Class/AUDIO/Src/usbd_audio.o
 .text.USBD_AUDIO_IsoOutIncomplete
                0x0000000008006de6       0x1a Middlewares/ST/STM32_USB_Device_Library/Class/AUDIO/Src/usbd_audio.o
 .text.USBD_AUDIO_DataOut
                0x0000000008006e00      0x108 Middlewares/ST/STM32_USB_Device_Library/Class/AUDIO/Src/usbd_audio.o
 .text.AUDIO_REQ_GetCurrent
                0x0000000008006f08       0x48 Middlewares/ST/STM32_USB_Device_Library/Class/AUDIO/Src/usbd_audio.o
 .text.AUDIO_REQ_SetCurrent
                0x0000000008006f50       0x6e Middlewares/ST/STM32_USB_Device_Library/Class/AUDIO/Src/usbd_audio.o
 *fill*         0x0000000008006fbe        0x2 
 .text.USBD_AUDIO_GetDeviceQualifierDesc
                0x0000000008006fc0       0x20 Middlewares/ST/STM32_USB_Device_Library/Class/AUDIO/Src/usbd_audio.o
 .text.USBD_AUDIO_RegisterInterface
                0x0000000008006fe0       0x2a Middlewares/ST/STM32_USB_Device_Library/Class/AUDIO/Src/usbd_audio.o
                0x0000000008006fe0                USBD_AUDIO_RegisterInterface
 .text.USBD_Init
                0x000000000800700a       0x60 Middlewares/ST/STM32_USB_Device_Library/Core/Src/usbd_core.o
                0x000000000800700a                USBD_Init
 .text.USBD_RegisterClass
                0x000000000800706a       0x4e Middlewares/ST/STM32_USB_Device_Library/Core/Src/usbd_core.o
                0x000000000800706a                USBD_RegisterClass
 .text.USBD_Start
                0x00000000080070b8       0x18 Middlewares/ST/STM32_USB_Device_Library/Core/Src/usbd_core.o
                0x00000000080070b8                USBD_Start
 .text.USBD_RunTestMode
                0x00000000080070d0       0x16 Middlewares/ST/STM32_USB_Device_Library/Core/Src/usbd_core.o
                0x00000000080070d0                USBD_RunTestMode
 .text.USBD_SetClassConfig
                0x00000000080070e6       0x38 Middlewares/ST/STM32_USB_Device_Library/Core/Src/usbd_core.o
                0x00000000080070e6                USBD_SetClassConfig
 .text.USBD_ClrClassConfig
                0x000000000800711e       0x30 Middlewares/ST/STM32_USB_Device_Library/Core/Src/usbd_core.o
                0x000000000800711e                USBD_ClrClassConfig
 .text.USBD_LL_SetupStage
                0x000000000800714e       0xaa Middlewares/ST/STM32_USB_Device_Library/Core/Src/usbd_core.o
                0x000000000800714e                USBD_LL_SetupStage
 .text.USBD_LL_DataOutStage
                0x00000000080071f8       0xc6 Middlewares/ST/STM32_USB_Device_Library/Core/Src/usbd_core.o
                0x00000000080071f8                USBD_LL_DataOutStage
 .text.USBD_LL_DataInStage
                0x00000000080072be      0x12c Middlewares/ST/STM32_USB_Device_Library/Core/Src/usbd_core.o
                0x00000000080072be                USBD_LL_DataInStage
 .text.USBD_LL_Reset
                0x00000000080073ea       0x9c Middlewares/ST/STM32_USB_Device_Library/Core/Src/usbd_core.o
                0x00000000080073ea                USBD_LL_Reset
 .text.USBD_LL_SetSpeed
                0x0000000008007486       0x20 Middlewares/ST/STM32_USB_Device_Library/Core/Src/usbd_core.o
                0x0000000008007486                USBD_LL_SetSpeed
 .text.USBD_LL_Suspend
                0x00000000080074a6       0x2c Middlewares/ST/STM32_USB_Device_Library/Core/Src/usbd_core.o
                0x00000000080074a6                USBD_LL_Suspend
 .text.USBD_LL_Resume
                0x00000000080074d2       0x30 Middlewares/ST/STM32_USB_Device_Library/Core/Src/usbd_core.o
                0x00000000080074d2                USBD_LL_Resume
 .text.USBD_LL_SOF
                0x0000000008007502       0x44 Middlewares/ST/STM32_USB_Device_Library/Core/Src/usbd_core.o
                0x0000000008007502                USBD_LL_SOF
 .text.USBD_LL_IsoINIncomplete
                0x0000000008007546       0x4c Middlewares/ST/STM32_USB_Device_Library/Core/Src/usbd_core.o
                0x0000000008007546                USBD_LL_IsoINIncomplete
 .text.USBD_LL_IsoOUTIncomplete
                0x0000000008007592       0x4c Middlewares/ST/STM32_USB_Device_Library/Core/Src/usbd_core.o
                0x0000000008007592                USBD_LL_IsoOUTIncomplete
 .text.USBD_LL_DevConnected
                0x00000000080075de       0x16 Middlewares/ST/STM32_USB_Device_Library/Core/Src/usbd_core.o
                0x00000000080075de                USBD_LL_DevConnected
 .text.USBD_LL_DevDisconnected
                0x00000000080075f4       0x38 Middlewares/ST/STM32_USB_Device_Library/Core/Src/usbd_core.o
                0x00000000080075f4                USBD_LL_DevDisconnected
 .text.SWAPBYTE
                0x000000000800762c       0x3c Middlewares/ST/STM32_USB_Device_Library/Core/Src/usbd_ctlreq.o
 .text.USBD_StdDevReq
                0x0000000008007668       0xdc Middlewares/ST/STM32_USB_Device_Library/Core/Src/usbd_ctlreq.o
                0x0000000008007668                USBD_StdDevReq
 .text.USBD_StdItfReq
                0x0000000008007744       0x92 Middlewares/ST/STM32_USB_Device_Library/Core/Src/usbd_ctlreq.o
                0x0000000008007744                USBD_StdItfReq
 .text.USBD_StdEPReq
                0x00000000080077d6      0x2c4 Middlewares/ST/STM32_USB_Device_Library/Core/Src/usbd_ctlreq.o
                0x00000000080077d6                USBD_StdEPReq
 *fill*         0x0000000008007a9a        0x2 
 .text.USBD_GetDescriptor
                0x0000000008007a9c      0x328 Middlewares/ST/STM32_USB_Device_Library/Core/Src/usbd_ctlreq.o
 .text.USBD_SetAddress
                0x0000000008007dc4       0x88 Middlewares/ST/STM32_USB_Device_Library/Core/Src/usbd_ctlreq.o
 .text.USBD_SetConfig
                0x0000000008007e4c      0x14c Middlewares/ST/STM32_USB_Device_Library/Core/Src/usbd_ctlreq.o
 .text.USBD_GetConfig
                0x0000000008007f98       0x6c Middlewares/ST/STM32_USB_Device_Library/Core/Src/usbd_ctlreq.o
 .text.USBD_GetStatus
                0x0000000008008004       0x68 Middlewares/ST/STM32_USB_Device_Library/Core/Src/usbd_ctlreq.o
 .text.USBD_SetFeature
                0x000000000800806c       0x28 Middlewares/ST/STM32_USB_Device_Library/Core/Src/usbd_ctlreq.o
 .text.USBD_ClrFeature
                0x0000000008008094       0x44 Middlewares/ST/STM32_USB_Device_Library/Core/Src/usbd_ctlreq.o
 .text.USBD_ParseSetupRequest
                0x00000000080080d8       0x74 Middlewares/ST/STM32_USB_Device_Library/Core/Src/usbd_ctlreq.o
                0x00000000080080d8                USBD_ParseSetupRequest
 .text.USBD_CtlError
                0x000000000800814c       0x22 Middlewares/ST/STM32_USB_Device_Library/Core/Src/usbd_ctlreq.o
                0x000000000800814c                USBD_CtlError
 .text.USBD_GetString
                0x000000000800816e       0x8c Middlewares/ST/STM32_USB_Device_Library/Core/Src/usbd_ctlreq.o
                0x000000000800816e                USBD_GetString
 .text.USBD_GetLen
                0x00000000080081fa       0x34 Middlewares/ST/STM32_USB_Device_Library/Core/Src/usbd_ctlreq.o
 .text.USBD_CtlSendData
                0x000000000800822e       0x36 Middlewares/ST/STM32_USB_Device_Library/Core/Src/usbd_ioreq.o
                0x000000000800822e                USBD_CtlSendData
 .text.USBD_CtlContinueSendData
                0x0000000008008264       0x22 Middlewares/ST/STM32_USB_Device_Library/Core/Src/usbd_ioreq.o
                0x0000000008008264                USBD_CtlContinueSendData
 .text.USBD_CtlPrepareRx
                0x0000000008008286       0x3a Middlewares/ST/STM32_USB_Device_Library/Core/Src/usbd_ioreq.o
                0x0000000008008286                USBD_CtlPrepareRx
 .text.USBD_CtlContinueRx
                0x00000000080082c0       0x22 Middlewares/ST/STM32_USB_Device_Library/Core/Src/usbd_ioreq.o
                0x00000000080082c0                USBD_CtlContinueRx
 .text.USBD_CtlSendStatus
                0x00000000080082e2       0x26 Middlewares/ST/STM32_USB_Device_Library/Core/Src/usbd_ioreq.o
                0x00000000080082e2                USBD_CtlSendStatus
 .text.USBD_CtlReceiveStatus
                0x0000000008008308       0x26 Middlewares/ST/STM32_USB_Device_Library/Core/Src/usbd_ioreq.o
                0x0000000008008308                USBD_CtlReceiveStatus
 *fill*         0x000000000800832e        0x2 
 .text.MX_USB_DEVICE_Init
                0x0000000008008330       0x60 USB_DEVICE/App/usb_device.o
                0x0000000008008330                MX_USB_DEVICE_Init
 .text.AUDIO_Init_FS
                0x0000000008008390       0x1a USB_DEVICE/App/usbd_audio_if.o
 .text.AUDIO_DeInit_FS
                0x00000000080083aa       0x16 USB_DEVICE/App/usbd_audio_if.o
 .text.AUDIO_AudioCmd_FS
                0x00000000080083c0       0x38 USB_DEVICE/App/usbd_audio_if.o
 .text.AUDIO_VolumeCtl_FS
                0x00000000080083f8       0x18 USB_DEVICE/App/usbd_audio_if.o
 .text.AUDIO_MuteCtl_FS
                0x0000000008008410       0x18 USB_DEVICE/App/usbd_audio_if.o
 .text.AUDIO_PeriodicTC_FS
                0x0000000008008428       0x1c USB_DEVICE/App/usbd_audio_if.o
 .text.AUDIO_GetState_FS
                0x0000000008008444       0x10 USB_DEVICE/App/usbd_audio_if.o
 .text.TransferComplete_CallBack_FS
                0x0000000008008454       0x14 USB_DEVICE/App/usbd_audio_if.o
                0x0000000008008454                TransferComplete_CallBack_FS
 .text.HalfTransfer_CallBack_FS
                0x0000000008008468       0x14 USB_DEVICE/App/usbd_audio_if.o
                0x0000000008008468                HalfTransfer_CallBack_FS
 .text.USBD_FS_DeviceDescriptor
                0x000000000800847c       0x24 USB_DEVICE/App/usbd_desc.o
                0x000000000800847c                USBD_FS_DeviceDescriptor
 .text.USBD_FS_LangIDStrDescriptor
                0x00000000080084a0       0x24 USB_DEVICE/App/usbd_desc.o
                0x00000000080084a0                USBD_FS_LangIDStrDescriptor
 .text.USBD_FS_ProductStrDescriptor
                0x00000000080084c4       0x3c USB_DEVICE/App/usbd_desc.o
                0x00000000080084c4                USBD_FS_ProductStrDescriptor
 .text.USBD_FS_ManufacturerStrDescriptor
                0x0000000008008500       0x28 USB_DEVICE/App/usbd_desc.o
                0x0000000008008500                USBD_FS_ManufacturerStrDescriptor
 .text.USBD_FS_SerialStrDescriptor
                0x0000000008008528       0x24 USB_DEVICE/App/usbd_desc.o
                0x0000000008008528                USBD_FS_SerialStrDescriptor
 .text.USBD_FS_ConfigStrDescriptor
                0x000000000800854c       0x3c USB_DEVICE/App/usbd_desc.o
                0x000000000800854c                USBD_FS_ConfigStrDescriptor
 .text.USBD_FS_InterfaceStrDescriptor
                0x0000000008008588       0x3c USB_DEVICE/App/usbd_desc.o
                0x0000000008008588                USBD_FS_InterfaceStrDescriptor
 .text.USBD_FS_USR_BOSDescriptor
                0x00000000080085c4       0x24 USB_DEVICE/App/usbd_desc.o
                0x00000000080085c4                USBD_FS_USR_BOSDescriptor
 .text.Get_SerialNum
                0x00000000080085e8       0x58 USB_DEVICE/App/usbd_desc.o
 .text.IntToUnicode
                0x0000000008008640       0x7e USB_DEVICE/App/usbd_desc.o
 *fill*         0x00000000080086be        0x2 
 .text.HAL_PCD_MspInit
                0x00000000080086c0       0xa8 USB_DEVICE/Target/usbd_conf.o
                0x00000000080086c0                HAL_PCD_MspInit
 .text.HAL_PCD_SetupStageCallback
                0x0000000008008768       0x24 USB_DEVICE/Target/usbd_conf.o
                0x0000000008008768                HAL_PCD_SetupStageCallback
 .text.HAL_PCD_DataOutStageCallback
                0x000000000800878c       0x36 USB_DEVICE/Target/usbd_conf.o
                0x000000000800878c                HAL_PCD_DataOutStageCallback
 .text.HAL_PCD_DataInStageCallback
                0x00000000080087c2       0x34 USB_DEVICE/Target/usbd_conf.o
                0x00000000080087c2                HAL_PCD_DataInStageCallback
 .text.HAL_PCD_SOFCallback
                0x00000000080087f6       0x1c USB_DEVICE/Target/usbd_conf.o
                0x00000000080087f6                HAL_PCD_SOFCallback
 .text.HAL_PCD_ResetCallback
                0x0000000008008812       0x50 USB_DEVICE/Target/usbd_conf.o
                0x0000000008008812                HAL_PCD_ResetCallback
 *fill*         0x0000000008008862        0x2 
 .text.HAL_PCD_SuspendCallback
                0x0000000008008864       0x4c USB_DEVICE/Target/usbd_conf.o
                0x0000000008008864                HAL_PCD_SuspendCallback
 .text.HAL_PCD_ResumeCallback
                0x00000000080088b0       0x1c USB_DEVICE/Target/usbd_conf.o
                0x00000000080088b0                HAL_PCD_ResumeCallback
 .text.HAL_PCD_ISOOUTIncompleteCallback
                0x00000000080088cc       0x24 USB_DEVICE/Target/usbd_conf.o
                0x00000000080088cc                HAL_PCD_ISOOUTIncompleteCallback
 .text.HAL_PCD_ISOINIncompleteCallback
                0x00000000080088f0       0x24 USB_DEVICE/Target/usbd_conf.o
                0x00000000080088f0                HAL_PCD_ISOINIncompleteCallback
 .text.HAL_PCD_ConnectCallback
                0x0000000008008914       0x1c USB_DEVICE/Target/usbd_conf.o
                0x0000000008008914                HAL_PCD_ConnectCallback
 .text.HAL_PCD_DisconnectCallback
                0x0000000008008930       0x1c USB_DEVICE/Target/usbd_conf.o
                0x0000000008008930                HAL_PCD_DisconnectCallback
 .text.USBD_LL_Init
                0x000000000800894c       0x98 USB_DEVICE/Target/usbd_conf.o
                0x000000000800894c                USBD_LL_Init
 .text.USBD_LL_Start
                0x00000000080089e4       0x36 USB_DEVICE/Target/usbd_conf.o
                0x00000000080089e4                USBD_LL_Start
 .text.USBD_LL_OpenEP
                0x0000000008008a1a       0x4c USB_DEVICE/Target/usbd_conf.o
                0x0000000008008a1a                USBD_LL_OpenEP
 .text.USBD_LL_CloseEP
                0x0000000008008a66       0x3e USB_DEVICE/Target/usbd_conf.o
                0x0000000008008a66                USBD_LL_CloseEP
 .text.USBD_LL_StallEP
                0x0000000008008aa4       0x3e USB_DEVICE/Target/usbd_conf.o
                0x0000000008008aa4                USBD_LL_StallEP
 .text.USBD_LL_ClearStallEP
                0x0000000008008ae2       0x3e USB_DEVICE/Target/usbd_conf.o
                0x0000000008008ae2                USBD_LL_ClearStallEP
 .text.USBD_LL_IsStallEP
                0x0000000008008b20       0x58 USB_DEVICE/Target/usbd_conf.o
                0x0000000008008b20                USBD_LL_IsStallEP
 .text.USBD_LL_SetUSBAddress
                0x0000000008008b78       0x3e USB_DEVICE/Target/usbd_conf.o
                0x0000000008008b78                USBD_LL_SetUSBAddress
 .text.USBD_LL_Transmit
                0x0000000008008bb6       0x42 USB_DEVICE/Target/usbd_conf.o
                0x0000000008008bb6                USBD_LL_Transmit
 .text.USBD_LL_PrepareReceive
                0x0000000008008bf8       0x42 USB_DEVICE/Target/usbd_conf.o
                0x0000000008008bf8                USBD_LL_PrepareReceive
 .text.USBD_LL_GetRxDataSize
                0x0000000008008c3a       0x26 USB_DEVICE/Target/usbd_conf.o
                0x0000000008008c3a                USBD_LL_GetRxDataSize
 .text.HAL_PCDEx_LPM_Callback
                0x0000000008008c60       0x9c USB_DEVICE/Target/usbd_conf.o
                0x0000000008008c60                HAL_PCDEx_LPM_Callback
 .text.USBD_static_malloc
                0x0000000008008cfc       0x1c USB_DEVICE/Target/usbd_conf.o
                0x0000000008008cfc                USBD_static_malloc
 .text.USBD_static_free
                0x0000000008008d18       0x14 USB_DEVICE/Target/usbd_conf.o
                0x0000000008008d18                USBD_static_free
 .text.USBD_Get_USB_Status
                0x0000000008008d2c       0x58 USB_DEVICE/Target/usbd_conf.o
                0x0000000008008d2c                USBD_Get_USB_Status
 .text.__libc_init_array
                0x0000000008008d84       0x48 /opt/st/stm32cubeide_1.6.1/plugins/com.st.stm32cube.ide.mcu.externaltools.gnu-tools-for-stm32.9-2020-q2-update.linux64_1.5.0.202011040924/tools/bin/../lib/gcc/arm-none-eabi/9.3.1/../../../../arm-none-eabi/lib/thumb/v7e-m+fp/hard/libc_nano.a(lib_a-init.o)
                0x0000000008008d84                __libc_init_array
 .text.memset   0x0000000008008dcc       0x10 /opt/st/stm32cubeide_1.6.1/plugins/com.st.stm32cube.ide.mcu.externaltools.gnu-tools-for-stm32.9-2020-q2-update.linux64_1.5.0.202011040924/tools/bin/../lib/gcc/arm-none-eabi/9.3.1/../../../../arm-none-eabi/lib/thumb/v7e-m+fp/hard/libc_nano.a(lib_a-memset.o)
                0x0000000008008dcc                memset
 *(.glue_7)
 .glue_7        0x0000000008008ddc        0x0 linker stubs
 *(.glue_7t)
 .glue_7t       0x0000000008008ddc        0x0 linker stubs
 *(.eh_frame)
 .eh_frame      0x0000000008008ddc        0x0 /opt/st/stm32cubeide_1.6.1/plugins/com.st.stm32cube.ide.mcu.externaltools.gnu-tools-for-stm32.9-2020-q2-update.linux64_1.5.0.202011040924/tools/bin/../lib/gcc/arm-none-eabi/9.3.1/thumb/v7e-m+fp/hard/crtbegin.o
 *(.init)
 .init          0x0000000008008ddc        0x4 /opt/st/stm32cubeide_1.6.1/plugins/com.st.stm32cube.ide.mcu.externaltools.gnu-tools-for-stm32.9-2020-q2-update.linux64_1.5.0.202011040924/tools/bin/../lib/gcc/arm-none-eabi/9.3.1/thumb/v7e-m+fp/hard/crti.o
                0x0000000008008ddc                _init
 .init          0x0000000008008de0        0x8 /opt/st/stm32cubeide_1.6.1/plugins/com.st.stm32cube.ide.mcu.externaltools.gnu-tools-for-stm32.9-2020-q2-update.linux64_1.5.0.202011040924/tools/bin/../lib/gcc/arm-none-eabi/9.3.1/thumb/v7e-m+fp/hard/crtn.o
 *(.fini)
 .fini          0x0000000008008de8        0x4 /opt/st/stm32cubeide_1.6.1/plugins/com.st.stm32cube.ide.mcu.externaltools.gnu-tools-for-stm32.9-2020-q2-update.linux64_1.5.0.202011040924/tools/bin/../lib/gcc/arm-none-eabi/9.3.1/thumb/v7e-m+fp/hard/crti.o
                0x0000000008008de8                _fini
 .fini          0x0000000008008dec        0x8 /opt/st/stm32cubeide_1.6.1/plugins/com.st.stm32cube.ide.mcu.externaltools.gnu-tools-for-stm32.9-2020-q2-update.linux64_1.5.0.202011040924/tools/bin/../lib/gcc/arm-none-eabi/9.3.1/thumb/v7e-m+fp/hard/crtn.o
                0x0000000008008df4                . = ALIGN (0x4)
                0x0000000008008df4                _etext = .

.vfp11_veneer   0x0000000008008df4        0x0
 .vfp11_veneer  0x0000000008008df4        0x0 linker stubs

.v4_bx          0x0000000008008df4        0x0
 .v4_bx         0x0000000008008df4        0x0 linker stubs

.iplt           0x0000000008008df4        0x0
 .iplt          0x0000000008008df4        0x0 /opt/st/stm32cubeide_1.6.1/plugins/com.st.stm32cube.ide.mcu.externaltools.gnu-tools-for-stm32.9-2020-q2-update.linux64_1.5.0.202011040924/tools/bin/../lib/gcc/arm-none-eabi/9.3.1/thumb/v7e-m+fp/hard/crtbegin.o

.rodata         0x0000000008008df4       0x58
                0x0000000008008df4                . = ALIGN (0x4)
 *(.rodata)
 .rodata        0x0000000008008df4       0x40 USB_DEVICE/App/usbd_desc.o
 *(.rodata*)
 .rodata.AHBPrescTable
                0x0000000008008e34       0x10 Core/Src/system_stm32f4xx.o
                0x0000000008008e34                AHBPrescTable
 .rodata.flagBitshiftOffset.8300
                0x0000000008008e44        0x8 Drivers/STM32F4xx_HAL_Driver/Src/stm32f4xx_hal_dma.o
                0x0000000008008e4c                . = ALIGN (0x4)

.ARM.extab      0x0000000008008e4c        0x0
                0x0000000008008e4c                . = ALIGN (0x4)
 *(.ARM.extab* .gnu.linkonce.armextab.*)
                0x0000000008008e4c                . = ALIGN (0x4)

.ARM            0x0000000008008e4c        0x8
                0x0000000008008e4c                . = ALIGN (0x4)
                0x0000000008008e4c                __exidx_start = .
 *(.ARM.exidx*)
 .ARM.exidx     0x0000000008008e4c        0x8 /opt/st/stm32cubeide_1.6.1/plugins/com.st.stm32cube.ide.mcu.externaltools.gnu-tools-for-stm32.9-2020-q2-update.linux64_1.5.0.202011040924/tools/bin/../lib/gcc/arm-none-eabi/9.3.1/thumb/v7e-m+fp/hard/libgcc.a(_udivmoddi4.o)
                0x0000000008008e54                __exidx_end = .
                0x0000000008008e54                . = ALIGN (0x4)

.rel.dyn        0x0000000008008e54        0x0
 .rel.iplt      0x0000000008008e54        0x0 /opt/st/stm32cubeide_1.6.1/plugins/com.st.stm32cube.ide.mcu.externaltools.gnu-tools-for-stm32.9-2020-q2-update.linux64_1.5.0.202011040924/tools/bin/../lib/gcc/arm-none-eabi/9.3.1/thumb/v7e-m+fp/hard/crtbegin.o

.preinit_array  0x0000000008008e54        0x0
                0x0000000008008e54                . = ALIGN (0x4)
                0x0000000008008e54                PROVIDE (__preinit_array_start = .)
 *(.preinit_array*)
                0x0000000008008e54                PROVIDE (__preinit_array_end = .)
                0x0000000008008e54                . = ALIGN (0x4)

.init_array     0x0000000008008e54        0x4
                0x0000000008008e54                . = ALIGN (0x4)
                0x0000000008008e54                PROVIDE (__init_array_start = .)
 *(SORT_BY_NAME(.init_array.*))
 *(.init_array*)
 .init_array    0x0000000008008e54        0x4 /opt/st/stm32cubeide_1.6.1/plugins/com.st.stm32cube.ide.mcu.externaltools.gnu-tools-for-stm32.9-2020-q2-update.linux64_1.5.0.202011040924/tools/bin/../lib/gcc/arm-none-eabi/9.3.1/thumb/v7e-m+fp/hard/crtbegin.o
                0x0000000008008e58                PROVIDE (__init_array_end = .)
                0x0000000008008e58                . = ALIGN (0x4)

.fini_array     0x0000000008008e58        0x4
                0x0000000008008e58                . = ALIGN (0x4)
                [!provide]                        PROVIDE (__fini_array_start = .)
 *(SORT_BY_NAME(.fini_array.*))
 *(.fini_array*)
 .fini_array    0x0000000008008e58        0x4 /opt/st/stm32cubeide_1.6.1/plugins/com.st.stm32cube.ide.mcu.externaltools.gnu-tools-for-stm32.9-2020-q2-update.linux64_1.5.0.202011040924/tools/bin/../lib/gcc/arm-none-eabi/9.3.1/thumb/v7e-m+fp/hard/crtbegin.o
                [!provide]                        PROVIDE (__fini_array_end = .)
                0x0000000008008e5c                . = ALIGN (0x4)
                0x0000000008008e5c                _sidata = LOADADDR (.data)

.data           0x0000000020000000      0x13c load address 0x0000000008008e5c
                0x0000000020000000                . = ALIGN (0x4)
                0x0000000020000000                _sdata = .
 *(.data)
 *(.data*)
 .data.SystemCoreClock
                0x0000000020000000        0x4 Core/Src/system_stm32f4xx.o
                0x0000000020000000                SystemCoreClock
 .data.uwTickPrio
                0x0000000020000004        0x4 Drivers/STM32F4xx_HAL_Driver/Src/stm32f4xx_hal.o
                0x0000000020000004                uwTickPrio
 .data.uwTickFreq
                0x0000000020000008        0x1 Drivers/STM32F4xx_HAL_Driver/Src/stm32f4xx_hal.o
                0x0000000020000008                uwTickFreq
 *fill*         0x0000000020000009        0x3 
 .data.USBD_AUDIO
                0x000000002000000c       0x38 Middlewares/ST/STM32_USB_Device_Library/Class/AUDIO/Src/usbd_audio.o
                0x000000002000000c                USBD_AUDIO
 .data.USBD_AUDIO_CfgDesc
                0x0000000020000044       0x6d Middlewares/ST/STM32_USB_Device_Library/Class/AUDIO/Src/usbd_audio.o
 *fill*         0x00000000200000b1        0x3 
 .data.USBD_AUDIO_DeviceQualifierDesc
                0x00000000200000b4        0xa Middlewares/ST/STM32_USB_Device_Library/Class/AUDIO/Src/usbd_audio.o
 *fill*         0x00000000200000be        0x2 
 .data.USBD_AUDIO_fops_FS
                0x00000000200000c0       0x1c USB_DEVICE/App/usbd_audio_if.o
                0x00000000200000c0                USBD_AUDIO_fops_FS
 .data.FS_Desc  0x00000000200000dc       0x20 USB_DEVICE/App/usbd_desc.o
                0x00000000200000dc                FS_Desc
 .data.USBD_FS_DeviceDesc
                0x00000000200000fc       0x12 USB_DEVICE/App/usbd_desc.o
                0x00000000200000fc                USBD_FS_DeviceDesc
 *fill*         0x000000002000010e        0x2 
 .data.USBD_FS_BOSDesc
                0x0000000020000110        0xc USB_DEVICE/App/usbd_desc.o
                0x0000000020000110                USBD_FS_BOSDesc
 .data.USBD_LangIDDesc
                0x000000002000011c        0x4 USB_DEVICE/App/usbd_desc.o
                0x000000002000011c                USBD_LangIDDesc
 .data.USBD_StringSerial
                0x0000000020000120       0x1a USB_DEVICE/App/usbd_desc.o
                0x0000000020000120                USBD_StringSerial
 *(.RamFunc)
 *(.RamFunc*)
                0x000000002000013c                . = ALIGN (0x4)
 *fill*         0x000000002000013a        0x2 
                0x000000002000013c                _edata = .

.igot.plt       0x000000002000013c        0x0 load address 0x0000000008008f98
 .igot.plt      0x000000002000013c        0x0 /opt/st/stm32cubeide_1.6.1/plugins/com.st.stm32cube.ide.mcu.externaltools.gnu-tools-for-stm32.9-2020-q2-update.linux64_1.5.0.202011040924/tools/bin/../lib/gcc/arm-none-eabi/9.3.1/thumb/v7e-m+fp/hard/crtbegin.o
                0x000000002000013c                . = ALIGN (0x4)

.bss            0x000000002000013c     0x4694 load address 0x0000000008008f98
                0x000000002000013c                _sbss = .
                0x000000002000013c                __bss_start__ = _sbss
 *(.bss)
 .bss           0x000000002000013c       0x1c /opt/st/stm32cubeide_1.6.1/plugins/com.st.stm32cube.ide.mcu.externaltools.gnu-tools-for-stm32.9-2020-q2-update.linux64_1.5.0.202011040924/tools/bin/../lib/gcc/arm-none-eabi/9.3.1/thumb/v7e-m+fp/hard/crtbegin.o
 *(.bss*)
 .bss.SAI1_client
                0x0000000020000158        0x4 Core/Src/stm32f4xx_hal_msp.o
 .bss.cfgidx.10241
                0x000000002000015c        0x1 Middlewares/ST/STM32_USB_Device_Library/Core/Src/usbd_ctlreq.o
 *fill*         0x000000002000015d        0x3 
 .bss.mem.10322
                0x0000000020000160     0x3c54 USB_DEVICE/Target/usbd_conf.o
 *(COMMON)
 COMMON         0x0000000020003db4      0x140 Core/Src/main.o
                0x0000000020003db4                hsai_BlockB1
                0x0000000020003e3c                hdma_sai1_b
                0x0000000020003e9c                hspi1
 COMMON         0x0000000020003ef4        0x4 Drivers/STM32F4xx_HAL_Driver/Src/stm32f4xx_hal.o
                0x0000000020003ef4                uwTick
 COMMON         0x0000000020003ef8      0x2d0 USB_DEVICE/App/usb_device.o
                0x0000000020003ef8                hUsbDeviceFS
 COMMON         0x00000000200041c8      0x200 USB_DEVICE/App/usbd_desc.o
                0x00000000200041c8                USBD_StrDesc
 COMMON         0x00000000200043c8      0x408 USB_DEVICE/Target/usbd_conf.o
                0x00000000200043c8                hpcd_USB_OTG_FS
                0x00000000200047d0                . = ALIGN (0x4)
                0x00000000200047d0                _ebss = .
                0x00000000200047d0                __bss_end__ = _ebss

._user_heap_stack
                0x00000000200047d0      0x600 load address 0x0000000008008f98
                0x00000000200047d0                . = ALIGN (0x8)
                [!provide]                        PROVIDE (end = .)
                0x00000000200047d0                PROVIDE (_end = .)
                0x00000000200049d0                . = (. + _Min_Heap_Size)
 *fill*         0x00000000200047d0      0x200 
                0x0000000020004dd0                . = (. + _Min_Stack_Size)
 *fill*         0x00000000200049d0      0x400 
                0x0000000020004dd0                . = ALIGN (0x8)

/DISCARD/
 libc.a(*)
 libm.a(*)
 libgcc.a(*)

.ARM.attributes
                0x0000000000000000       0x30
 *(.ARM.attributes)
 .ARM.attributes
                0x0000000000000000       0x1e /opt/st/stm32cubeide_1.6.1/plugins/com.st.stm32cube.ide.mcu.externaltools.gnu-tools-for-stm32.9-2020-q2-update.linux64_1.5.0.202011040924/tools/bin/../lib/gcc/arm-none-eabi/9.3.1/thumb/v7e-m+fp/hard/crti.o
 .ARM.attributes
                0x000000000000001e       0x34 /opt/st/stm32cubeide_1.6.1/plugins/com.st.stm32cube.ide.mcu.externaltools.gnu-tools-for-stm32.9-2020-q2-update.linux64_1.5.0.202011040924/tools/bin/../lib/gcc/arm-none-eabi/9.3.1/thumb/v7e-m+fp/hard/crtbegin.o
 .ARM.attributes
                0x0000000000000052       0x34 Core/Src/main.o
 .ARM.attributes
                0x0000000000000086       0x34 Core/Src/stm32f4xx_hal_msp.o
 .ARM.attributes
                0x00000000000000ba       0x34 Core/Src/stm32f4xx_it.o
 .ARM.attributes
                0x00000000000000ee       0x34 Core/Src/system_stm32f4xx.o
 .ARM.attributes
                0x0000000000000122       0x21 Core/Startup/startup_stm32f446rctx.o
 .ARM.attributes
                0x0000000000000143       0x34 Drivers/BSP/Sound-20D01/Src/audio.o
 .ARM.attributes
                0x0000000000000177       0x34 Drivers/STM32F4xx_HAL_Driver/Src/stm32f4xx_hal.o
 .ARM.attributes
                0x00000000000001ab       0x34 Drivers/STM32F4xx_HAL_Driver/Src/stm32f4xx_hal_cortex.o
 .ARM.attributes
                0x00000000000001df       0x34 Drivers/STM32F4xx_HAL_Driver/Src/stm32f4xx_hal_dma.o
 .ARM.attributes
                0x0000000000000213       0x34 Drivers/STM32F4xx_HAL_Driver/Src/stm32f4xx_hal_gpio.o
 .ARM.attributes
                0x0000000000000247       0x34 Drivers/STM32F4xx_HAL_Driver/Src/stm32f4xx_hal_pcd.o
 .ARM.attributes
                0x000000000000027b       0x34 Drivers/STM32F4xx_HAL_Driver/Src/stm32f4xx_hal_pcd_ex.o
 .ARM.attributes
                0x00000000000002af       0x34 Drivers/STM32F4xx_HAL_Driver/Src/stm32f4xx_hal_pwr_ex.o
 .ARM.attributes
                0x00000000000002e3       0x34 Drivers/STM32F4xx_HAL_Driver/Src/stm32f4xx_hal_rcc.o
 .ARM.attributes
                0x0000000000000317       0x34 Drivers/STM32F4xx_HAL_Driver/Src/stm32f4xx_hal_rcc_ex.o
 .ARM.attributes
                0x000000000000034b       0x34 Drivers/STM32F4xx_HAL_Driver/Src/stm32f4xx_hal_sai.o
 .ARM.attributes
                0x000000000000037f       0x34 Drivers/STM32F4xx_HAL_Driver/Src/stm32f4xx_hal_sai_ex.o
 .ARM.attributes
                0x00000000000003b3       0x34 Drivers/STM32F4xx_HAL_Driver/Src/stm32f4xx_hal_spi.o
 .ARM.attributes
                0x00000000000003e7       0x34 Drivers/STM32F4xx_HAL_Driver/Src/stm32f4xx_ll_usb.o
 .ARM.attributes
                0x000000000000041b       0x34 Middlewares/ST/STM32_USB_Device_Library/Class/AUDIO/Src/usbd_audio.o
 .ARM.attributes
                0x000000000000044f       0x34 Middlewares/ST/STM32_USB_Device_Library/Core/Src/usbd_core.o
 .ARM.attributes
                0x0000000000000483       0x34 Middlewares/ST/STM32_USB_Device_Library/Core/Src/usbd_ctlreq.o
 .ARM.attributes
                0x00000000000004b7       0x34 Middlewares/ST/STM32_USB_Device_Library/Core/Src/usbd_ioreq.o
 .ARM.attributes
                0x00000000000004eb       0x34 USB_DEVICE/App/usb_device.o
 .ARM.attributes
                0x000000000000051f       0x34 USB_DEVICE/App/usbd_audio_if.o
 .ARM.attributes
                0x0000000000000553       0x34 USB_DEVICE/App/usbd_desc.o
 .ARM.attributes
                0x0000000000000587       0x34 USB_DEVICE/Target/usbd_conf.o
 .ARM.attributes
                0x00000000000005bb       0x34 /opt/st/stm32cubeide_1.6.1/plugins/com.st.stm32cube.ide.mcu.externaltools.gnu-tools-for-stm32.9-2020-q2-update.linux64_1.5.0.202011040924/tools/bin/../lib/gcc/arm-none-eabi/9.3.1/../../../../arm-none-eabi/lib/thumb/v7e-m+fp/hard/libc_nano.a(lib_a-init.o)
 .ARM.attributes
                0x00000000000005ef       0x34 /opt/st/stm32cubeide_1.6.1/plugins/com.st.stm32cube.ide.mcu.externaltools.gnu-tools-for-stm32.9-2020-q2-update.linux64_1.5.0.202011040924/tools/bin/../lib/gcc/arm-none-eabi/9.3.1/../../../../arm-none-eabi/lib/thumb/v7e-m+fp/hard/libc_nano.a(lib_a-memset.o)
 .ARM.attributes
                0x0000000000000623       0x1e /opt/st/stm32cubeide_1.6.1/plugins/com.st.stm32cube.ide.mcu.externaltools.gnu-tools-for-stm32.9-2020-q2-update.linux64_1.5.0.202011040924/tools/bin/../lib/gcc/arm-none-eabi/9.3.1/thumb/v7e-m+fp/hard/libgcc.a(_aeabi_uldivmod.o)
 .ARM.attributes
                0x0000000000000641       0x34 /opt/st/stm32cubeide_1.6.1/plugins/com.st.stm32cube.ide.mcu.externaltools.gnu-tools-for-stm32.9-2020-q2-update.linux64_1.5.0.202011040924/tools/bin/../lib/gcc/arm-none-eabi/9.3.1/thumb/v7e-m+fp/hard/libgcc.a(_udivmoddi4.o)
 .ARM.attributes
                0x0000000000000675       0x1e /opt/st/stm32cubeide_1.6.1/plugins/com.st.stm32cube.ide.mcu.externaltools.gnu-tools-for-stm32.9-2020-q2-update.linux64_1.5.0.202011040924/tools/bin/../lib/gcc/arm-none-eabi/9.3.1/thumb/v7e-m+fp/hard/libgcc.a(_dvmd_tls.o)
 .ARM.attributes
                0x0000000000000693       0x1e /opt/st/stm32cubeide_1.6.1/plugins/com.st.stm32cube.ide.mcu.externaltools.gnu-tools-for-stm32.9-2020-q2-update.linux64_1.5.0.202011040924/tools/bin/../lib/gcc/arm-none-eabi/9.3.1/thumb/v7e-m+fp/hard/crtn.o
OUTPUT(Sound-20D01MB_MCU.elf elf32-littlearm)
LOAD linker stubs
LOAD /opt/st/stm32cubeide_1.6.1/plugins/com.st.stm32cube.ide.mcu.externaltools.gnu-tools-for-stm32.9-2020-q2-update.linux64_1.5.0.202011040924/tools/bin/../lib/gcc/arm-none-eabi/9.3.1/../../../../arm-none-eabi/lib/thumb/v7e-m+fp/hard/libc.a
LOAD /opt/st/stm32cubeide_1.6.1/plugins/com.st.stm32cube.ide.mcu.externaltools.gnu-tools-for-stm32.9-2020-q2-update.linux64_1.5.0.202011040924/tools/bin/../lib/gcc/arm-none-eabi/9.3.1/../../../../arm-none-eabi/lib/thumb/v7e-m+fp/hard/libm.a
LOAD /opt/st/stm32cubeide_1.6.1/plugins/com.st.stm32cube.ide.mcu.externaltools.gnu-tools-for-stm32.9-2020-q2-update.linux64_1.5.0.202011040924/tools/bin/../lib/gcc/arm-none-eabi/9.3.1/thumb/v7e-m+fp/hard/libgcc.a

.debug_info     0x0000000000000000    0x19a04
 .debug_info    0x0000000000000000     0x1d09 Core/Src/main.o
 .debug_info    0x0000000000001d09      0xe9e Core/Src/stm32f4xx_hal_msp.o
 .debug_info    0x0000000000002ba7      0x9ab Core/Src/stm32f4xx_it.o
 .debug_info    0x0000000000003552      0x5dc Core/Src/system_stm32f4xx.o
 .debug_info    0x0000000000003b2e       0x22 Core/Startup/startup_stm32f446rctx.o
 .debug_info    0x0000000000003b50      0xc20 Drivers/BSP/Sound-20D01/Src/audio.o
 .debug_info    0x0000000000004770      0xa08 Drivers/STM32F4xx_HAL_Driver/Src/stm32f4xx_hal.o
 .debug_info    0x0000000000005178      0xef5 Drivers/STM32F4xx_HAL_Driver/Src/stm32f4xx_hal_cortex.o
 .debug_info    0x000000000000606d      0x9f1 Drivers/STM32F4xx_HAL_Driver/Src/stm32f4xx_hal_dma.o
 .debug_info    0x0000000000006a5e      0x892 Drivers/STM32F4xx_HAL_Driver/Src/stm32f4xx_hal_gpio.o
 .debug_info    0x00000000000072f0     0x1341 Drivers/STM32F4xx_HAL_Driver/Src/stm32f4xx_hal_pcd.o
 .debug_info    0x0000000000008631      0x89f Drivers/STM32F4xx_HAL_Driver/Src/stm32f4xx_hal_pcd_ex.o
 .debug_info    0x0000000000008ed0      0x7ca Drivers/STM32F4xx_HAL_Driver/Src/stm32f4xx_hal_pwr_ex.o
 .debug_info    0x000000000000969a      0x9db Drivers/STM32F4xx_HAL_Driver/Src/stm32f4xx_hal_rcc.o
 .debug_info    0x000000000000a075      0xa86 Drivers/STM32F4xx_HAL_Driver/Src/stm32f4xx_hal_rcc_ex.o
 .debug_info    0x000000000000aafb     0x123f Drivers/STM32F4xx_HAL_Driver/Src/stm32f4xx_hal_sai.o
 .debug_info    0x000000000000bd3a      0x808 Drivers/STM32F4xx_HAL_Driver/Src/stm32f4xx_hal_sai_ex.o
 .debug_info    0x000000000000c542     0x17c0 Drivers/STM32F4xx_HAL_Driver/Src/stm32f4xx_hal_spi.o
 .debug_info    0x000000000000dd02     0x1b18 Drivers/STM32F4xx_HAL_Driver/Src/stm32f4xx_ll_usb.o
 .debug_info    0x000000000000f81a     0x15c9 Middlewares/ST/STM32_USB_Device_Library/Class/AUDIO/Src/usbd_audio.o
 .debug_info    0x0000000000010de3     0x13b5 Middlewares/ST/STM32_USB_Device_Library/Core/Src/usbd_core.o
 .debug_info    0x0000000000012198     0x1381 Middlewares/ST/STM32_USB_Device_Library/Core/Src/usbd_ctlreq.o
 .debug_info    0x0000000000013519     0x10a3 Middlewares/ST/STM32_USB_Device_Library/Core/Src/usbd_ioreq.o
 .debug_info    0x00000000000145bc     0x102c USB_DEVICE/App/usb_device.o
 .debug_info    0x00000000000155e8     0x11ec USB_DEVICE/App/usbd_audio_if.o
 .debug_info    0x00000000000167d4      0xe67 USB_DEVICE/App/usbd_desc.o
 .debug_info    0x000000000001763b     0x23c9 USB_DEVICE/Target/usbd_conf.o

.debug_abbrev   0x0000000000000000     0x3bff
 .debug_abbrev  0x0000000000000000      0x2c0 Core/Src/main.o
 .debug_abbrev  0x00000000000002c0      0x1b3 Core/Src/stm32f4xx_hal_msp.o
 .debug_abbrev  0x0000000000000473      0x1b4 Core/Src/stm32f4xx_it.o
 .debug_abbrev  0x0000000000000627      0x145 Core/Src/system_stm32f4xx.o
 .debug_abbrev  0x000000000000076c       0x12 Core/Startup/startup_stm32f446rctx.o
 .debug_abbrev  0x000000000000077e      0x1e6 Drivers/BSP/Sound-20D01/Src/audio.o
 .debug_abbrev  0x0000000000000964      0x1ed Drivers/STM32F4xx_HAL_Driver/Src/stm32f4xx_hal.o
 .debug_abbrev  0x0000000000000b51      0x33c Drivers/STM32F4xx_HAL_Driver/Src/stm32f4xx_hal_cortex.o
 .debug_abbrev  0x0000000000000e8d      0x259 Drivers/STM32F4xx_HAL_Driver/Src/stm32f4xx_hal_dma.o
 .debug_abbrev  0x00000000000010e6      0x1f1 Drivers/STM32F4xx_HAL_Driver/Src/stm32f4xx_hal_gpio.o
 .debug_abbrev  0x00000000000012d7      0x2a0 Drivers/STM32F4xx_HAL_Driver/Src/stm32f4xx_hal_pcd.o
 .debug_abbrev  0x0000000000001577      0x1fb Drivers/STM32F4xx_HAL_Driver/Src/stm32f4xx_hal_pcd_ex.o
 .debug_abbrev  0x0000000000001772      0x1da Drivers/STM32F4xx_HAL_Driver/Src/stm32f4xx_hal_pwr_ex.o
 .debug_abbrev  0x000000000000194c      0x275 Drivers/STM32F4xx_HAL_Driver/Src/stm32f4xx_hal_rcc.o
 .debug_abbrev  0x0000000000001bc1      0x1e2 Drivers/STM32F4xx_HAL_Driver/Src/stm32f4xx_hal_rcc_ex.o
 .debug_abbrev  0x0000000000001da3      0x259 Drivers/STM32F4xx_HAL_Driver/Src/stm32f4xx_hal_sai.o
 .debug_abbrev  0x0000000000001ffc      0x190 Drivers/STM32F4xx_HAL_Driver/Src/stm32f4xx_hal_sai_ex.o
 .debug_abbrev  0x000000000000218c      0x26e Drivers/STM32F4xx_HAL_Driver/Src/stm32f4xx_hal_spi.o
 .debug_abbrev  0x00000000000023fa      0x2a7 Drivers/STM32F4xx_HAL_Driver/Src/stm32f4xx_ll_usb.o
 .debug_abbrev  0x00000000000026a1      0x310 Middlewares/ST/STM32_USB_Device_Library/Class/AUDIO/Src/usbd_audio.o
 .debug_abbrev  0x00000000000029b1      0x2b7 Middlewares/ST/STM32_USB_Device_Library/Core/Src/usbd_core.o
 .debug_abbrev  0x0000000000002c68      0x2fc Middlewares/ST/STM32_USB_Device_Library/Core/Src/usbd_ctlreq.o
 .debug_abbrev  0x0000000000002f64      0x22a Middlewares/ST/STM32_USB_Device_Library/Core/Src/usbd_ioreq.o
 .debug_abbrev  0x000000000000318e      0x204 USB_DEVICE/App/usb_device.o
 .debug_abbrev  0x0000000000003392      0x28e USB_DEVICE/App/usbd_audio_if.o
 .debug_abbrev  0x0000000000003620      0x2aa USB_DEVICE/App/usbd_desc.o
 .debug_abbrev  0x00000000000038ca      0x335 USB_DEVICE/Target/usbd_conf.o

.debug_aranges  0x0000000000000000     0x10a8
 .debug_aranges
                0x0000000000000000       0x50 Core/Src/main.o
 .debug_aranges
                0x0000000000000050       0x40 Core/Src/stm32f4xx_hal_msp.o
 .debug_aranges
                0x0000000000000090       0x70 Core/Src/stm32f4xx_it.o
 .debug_aranges
                0x0000000000000100       0x28 Core/Src/system_stm32f4xx.o
 .debug_aranges
                0x0000000000000128       0x28 Core/Startup/startup_stm32f446rctx.o
 .debug_aranges
                0x0000000000000150       0x50 Drivers/BSP/Sound-20D01/Src/audio.o
 .debug_aranges
                0x00000000000001a0       0xf0 Drivers/STM32F4xx_HAL_Driver/Src/stm32f4xx_hal.o
 .debug_aranges
                0x0000000000000290      0x118 Drivers/STM32F4xx_HAL_Driver/Src/stm32f4xx_hal_cortex.o
 .debug_aranges
                0x00000000000003a8       0x90 Drivers/STM32F4xx_HAL_Driver/Src/stm32f4xx_hal_dma.o
 .debug_aranges
                0x0000000000000438       0x58 Drivers/STM32F4xx_HAL_Driver/Src/stm32f4xx_hal_gpio.o
 .debug_aranges
                0x0000000000000490      0x138 Drivers/STM32F4xx_HAL_Driver/Src/stm32f4xx_hal_pcd.o
 .debug_aranges
                0x00000000000005c8       0x48 Drivers/STM32F4xx_HAL_Driver/Src/stm32f4xx_hal_pcd_ex.o
 .debug_aranges
                0x0000000000000610       0x60 Drivers/STM32F4xx_HAL_Driver/Src/stm32f4xx_hal_pwr_ex.o
 .debug_aranges
                0x0000000000000670       0x88 Drivers/STM32F4xx_HAL_Driver/Src/stm32f4xx_hal_rcc.o
 .debug_aranges
                0x00000000000006f8       0x78 Drivers/STM32F4xx_HAL_Driver/Src/stm32f4xx_hal_rcc_ex.o
 .debug_aranges
                0x0000000000000770      0x178 Drivers/STM32F4xx_HAL_Driver/Src/stm32f4xx_hal_sai.o
 .debug_aranges
                0x00000000000008e8       0x28 Drivers/STM32F4xx_HAL_Driver/Src/stm32f4xx_hal_sai_ex.o
 .debug_aranges
                0x0000000000000910      0x1d0 Drivers/STM32F4xx_HAL_Driver/Src/stm32f4xx_hal_spi.o
 .debug_aranges
                0x0000000000000ae0      0x198 Drivers/STM32F4xx_HAL_Driver/Src/stm32f4xx_ll_usb.o
 .debug_aranges
                0x0000000000000c78       0x98 Middlewares/ST/STM32_USB_Device_Library/Class/AUDIO/Src/usbd_audio.o
 .debug_aranges
                0x0000000000000d10       0xb8 Middlewares/ST/STM32_USB_Device_Library/Core/Src/usbd_core.o
 .debug_aranges
                0x0000000000000dc8       0x90 Middlewares/ST/STM32_USB_Device_Library/Core/Src/usbd_ctlreq.o
 .debug_aranges
                0x0000000000000e58       0x50 Middlewares/ST/STM32_USB_Device_Library/Core/Src/usbd_ioreq.o
 .debug_aranges
                0x0000000000000ea8       0x20 USB_DEVICE/App/usb_device.o
 .debug_aranges
                0x0000000000000ec8       0x60 USB_DEVICE/App/usbd_audio_if.o
 .debug_aranges
                0x0000000000000f28       0x68 USB_DEVICE/App/usbd_desc.o
 .debug_aranges
                0x0000000000000f90      0x118 USB_DEVICE/Target/usbd_conf.o

.debug_ranges   0x0000000000000000      0xf18
 .debug_ranges  0x0000000000000000       0x40 Core/Src/main.o
 .debug_ranges  0x0000000000000040       0x30 Core/Src/stm32f4xx_hal_msp.o
 .debug_ranges  0x0000000000000070       0x60 Core/Src/stm32f4xx_it.o
 .debug_ranges  0x00000000000000d0       0x18 Core/Src/system_stm32f4xx.o
 .debug_ranges  0x00000000000000e8       0x20 Core/Startup/startup_stm32f446rctx.o
 .debug_ranges  0x0000000000000108       0x40 Drivers/BSP/Sound-20D01/Src/audio.o
 .debug_ranges  0x0000000000000148       0xe0 Drivers/STM32F4xx_HAL_Driver/Src/stm32f4xx_hal.o
 .debug_ranges  0x0000000000000228      0x108 Drivers/STM32F4xx_HAL_Driver/Src/stm32f4xx_hal_cortex.o
 .debug_ranges  0x0000000000000330       0x80 Drivers/STM32F4xx_HAL_Driver/Src/stm32f4xx_hal_dma.o
 .debug_ranges  0x00000000000003b0       0x48 Drivers/STM32F4xx_HAL_Driver/Src/stm32f4xx_hal_gpio.o
 .debug_ranges  0x00000000000003f8      0x128 Drivers/STM32F4xx_HAL_Driver/Src/stm32f4xx_hal_pcd.o
 .debug_ranges  0x0000000000000520       0x38 Drivers/STM32F4xx_HAL_Driver/Src/stm32f4xx_hal_pcd_ex.o
 .debug_ranges  0x0000000000000558       0x50 Drivers/STM32F4xx_HAL_Driver/Src/stm32f4xx_hal_pwr_ex.o
 .debug_ranges  0x00000000000005a8       0x78 Drivers/STM32F4xx_HAL_Driver/Src/stm32f4xx_hal_rcc.o
 .debug_ranges  0x0000000000000620       0x68 Drivers/STM32F4xx_HAL_Driver/Src/stm32f4xx_hal_rcc_ex.o
 .debug_ranges  0x0000000000000688      0x180 Drivers/STM32F4xx_HAL_Driver/Src/stm32f4xx_hal_sai.o
 .debug_ranges  0x0000000000000808       0x18 Drivers/STM32F4xx_HAL_Driver/Src/stm32f4xx_hal_sai_ex.o
 .debug_ranges  0x0000000000000820      0x1c0 Drivers/STM32F4xx_HAL_Driver/Src/stm32f4xx_hal_spi.o
 .debug_ranges  0x00000000000009e0      0x188 Drivers/STM32F4xx_HAL_Driver/Src/stm32f4xx_ll_usb.o
 .debug_ranges  0x0000000000000b68       0x88 Middlewares/ST/STM32_USB_Device_Library/Class/AUDIO/Src/usbd_audio.o
 .debug_ranges  0x0000000000000bf0       0xa8 Middlewares/ST/STM32_USB_Device_Library/Core/Src/usbd_core.o
 .debug_ranges  0x0000000000000c98       0x80 Middlewares/ST/STM32_USB_Device_Library/Core/Src/usbd_ctlreq.o
 .debug_ranges  0x0000000000000d18       0x40 Middlewares/ST/STM32_USB_Device_Library/Core/Src/usbd_ioreq.o
 .debug_ranges  0x0000000000000d58       0x10 USB_DEVICE/App/usb_device.o
 .debug_ranges  0x0000000000000d68       0x50 USB_DEVICE/App/usbd_audio_if.o
 .debug_ranges  0x0000000000000db8       0x58 USB_DEVICE/App/usbd_desc.o
 .debug_ranges  0x0000000000000e10      0x108 USB_DEVICE/Target/usbd_conf.o

.debug_macro    0x0000000000000000    0x250d4
 .debug_macro   0x0000000000000000      0x3f1 Core/Src/main.o
 .debug_macro   0x00000000000003f1      0xaa8 Core/Src/main.o
 .debug_macro   0x0000000000000e99      0x2a1 Core/Src/main.o
 .debug_macro   0x000000000000113a       0x2e Core/Src/main.o
 .debug_macro   0x0000000000001168       0x28 Core/Src/main.o
 .debug_macro   0x0000000000001190       0x22 Core/Src/main.o
 .debug_macro   0x00000000000011b2       0x8e Core/Src/main.o
 .debug_macro   0x0000000000001240       0x51 Core/Src/main.o
 .debug_macro   0x0000000000001291      0x103 Core/Src/main.o
 .debug_macro   0x0000000000001394       0x6a Core/Src/main.o
 .debug_macro   0x00000000000013fe      0x1df Core/Src/main.o
 .debug_macro   0x00000000000015dd       0x1c Core/Src/main.o
 .debug_macro   0x00000000000015f9       0x22 Core/Src/main.o
 .debug_macro   0x000000000000161b       0xdf Core/Src/main.o
 .debug_macro   0x00000000000016fa     0x102d Core/Src/main.o
 .debug_macro   0x0000000000002727      0x11f Core/Src/main.o
 .debug_macro   0x0000000000002846    0x16749 Core/Src/main.o
 .debug_macro   0x0000000000018f8f       0x6d Core/Src/main.o
 .debug_macro   0x0000000000018ffc     0x3666 Core/Src/main.o
 .debug_macro   0x000000000001c662      0x174 Core/Src/main.o
 .debug_macro   0x000000000001c7d6       0x5c Core/Src/main.o
 .debug_macro   0x000000000001c832      0xc90 Core/Src/main.o
 .debug_macro   0x000000000001d4c2      0x9fe Core/Src/main.o
 .debug_macro   0x000000000001dec0      0x116 Core/Src/main.o
 .debug_macro   0x000000000001dfd6      0x1a0 Core/Src/main.o
 .debug_macro   0x000000000001e176       0xa5 Core/Src/main.o
 .debug_macro   0x000000000001e21b      0x16d Core/Src/main.o
 .debug_macro   0x000000000001e388      0x287 Core/Src/main.o
 .debug_macro   0x000000000001e60f       0x5f Core/Src/main.o
 .debug_macro   0x000000000001e66e      0x236 Core/Src/main.o
 .debug_macro   0x000000000001e8a4      0x132 Core/Src/main.o
 .debug_macro   0x000000000001e9d6      0x29c Core/Src/main.o
 .debug_macro   0x000000000001ec72       0x2e Core/Src/main.o
 .debug_macro   0x000000000001eca0      0x11a Core/Src/main.o
 .debug_macro   0x000000000001edba       0xe8 Core/Src/main.o
 .debug_macro   0x000000000001eea2       0x89 Core/Src/main.o
 .debug_macro   0x000000000001ef2b      0x383 Core/Src/main.o
 .debug_macro   0x000000000001f2ae       0x28 Core/Src/main.o
 .debug_macro   0x000000000001f2d6       0xc8 Core/Src/main.o
 .debug_macro   0x000000000001f39e      0x225 Core/Src/main.o
 .debug_macro   0x000000000001f5c3      0x21e Core/Src/main.o
 .debug_macro   0x000000000001f7e1       0xba Core/Src/main.o
 .debug_macro   0x000000000001f89b      0x126 Core/Src/main.o
 .debug_macro   0x000000000001f9c1       0x10 Core/Src/main.o
 .debug_macro   0x000000000001f9d1       0x52 Core/Src/main.o
 .debug_macro   0x000000000001fa23       0x18 Core/Src/main.o
 .debug_macro   0x000000000001fa3b       0x3c Core/Src/main.o
 .debug_macro   0x000000000001fa77       0x34 Core/Src/main.o
 .debug_macro   0x000000000001faab       0x16 Core/Src/main.o
 .debug_macro   0x000000000001fac1       0x35 Core/Src/main.o
 .debug_macro   0x000000000001faf6      0x333 Core/Src/main.o
 .debug_macro   0x000000000001fe29       0x10 Core/Src/main.o
 .debug_macro   0x000000000001fe39       0x16 Core/Src/main.o
 .debug_macro   0x000000000001fe4f       0x43 Core/Src/main.o
 .debug_macro   0x000000000001fe92       0x34 Core/Src/main.o
 .debug_macro   0x000000000001fec6       0x10 Core/Src/main.o
 .debug_macro   0x000000000001fed6       0x58 Core/Src/main.o
 .debug_macro   0x000000000001ff2e       0x71 Core/Src/main.o
 .debug_macro   0x000000000001ff9f       0x1c Core/Src/main.o
 .debug_macro   0x000000000001ffbb      0x12a Core/Src/main.o
 .debug_macro   0x00000000000200e5       0x10 Core/Src/main.o
 .debug_macro   0x00000000000200f5       0x1c Core/Src/main.o
 .debug_macro   0x0000000000020111       0x52 Core/Src/main.o
 .debug_macro   0x0000000000020163       0x22 Core/Src/main.o
 .debug_macro   0x0000000000020185       0x10 Core/Src/main.o
 .debug_macro   0x0000000000020195       0x40 Core/Src/main.o
 .debug_macro   0x00000000000201d5       0xd5 Core/Src/main.o
 .debug_macro   0x00000000000202aa       0x1c Core/Src/main.o
 .debug_macro   0x00000000000202c6       0x3d Core/Src/main.o
 .debug_macro   0x0000000000020303       0x16 Core/Src/main.o
 .debug_macro   0x0000000000020319      0x145 Core/Src/main.o
 .debug_macro   0x000000000002045e       0x16 Core/Src/main.o
 .debug_macro   0x0000000000020474       0x16 Core/Src/main.o
 .debug_macro   0x000000000002048a       0x29 Core/Src/main.o
 .debug_macro   0x00000000000204b3       0x16 Core/Src/main.o
 .debug_macro   0x00000000000204c9       0x20 Core/Src/main.o
 .debug_macro   0x00000000000204e9       0x6b Core/Src/main.o
 .debug_macro   0x0000000000020554      0x1ef Core/Src/main.o
 .debug_macro   0x0000000000020743      0x206 Core/Src/stm32f4xx_hal_msp.o
 .debug_macro   0x0000000000020949      0x210 Core/Src/stm32f4xx_it.o
 .debug_macro   0x0000000000020b59      0x1f7 Core/Src/system_stm32f4xx.o
 .debug_macro   0x0000000000020d50      0x222 Drivers/BSP/Sound-20D01/Src/audio.o
 .debug_macro   0x0000000000020f72      0x257 Drivers/STM32F4xx_HAL_Driver/Src/stm32f4xx_hal.o
 .debug_macro   0x00000000000211c9      0x1f7 Drivers/STM32F4xx_HAL_Driver/Src/stm32f4xx_hal_cortex.o
 .debug_macro   0x00000000000213c0      0x1fd Drivers/STM32F4xx_HAL_Driver/Src/stm32f4xx_hal_dma.o
 .debug_macro   0x00000000000215bd      0x1fd Drivers/STM32F4xx_HAL_Driver/Src/stm32f4xx_hal_gpio.o
 .debug_macro   0x00000000000217ba      0x203 Drivers/STM32F4xx_HAL_Driver/Src/stm32f4xx_hal_pcd.o
 .debug_macro   0x00000000000219bd      0x1f7 Drivers/STM32F4xx_HAL_Driver/Src/stm32f4xx_hal_pcd_ex.o
 .debug_macro   0x0000000000021bb4      0x20f Drivers/STM32F4xx_HAL_Driver/Src/stm32f4xx_hal_pwr_ex.o
 .debug_macro   0x0000000000021dc3      0x21b Drivers/STM32F4xx_HAL_Driver/Src/stm32f4xx_hal_rcc.o
 .debug_macro   0x0000000000021fde      0x1f7 Drivers/STM32F4xx_HAL_Driver/Src/stm32f4xx_hal_rcc_ex.o
 .debug_macro   0x00000000000221d5      0x206 Drivers/STM32F4xx_HAL_Driver/Src/stm32f4xx_hal_sai.o
 .debug_macro   0x00000000000223db      0x1f7 Drivers/STM32F4xx_HAL_Driver/Src/stm32f4xx_hal_sai_ex.o
 .debug_macro   0x00000000000225d2      0x206 Drivers/STM32F4xx_HAL_Driver/Src/stm32f4xx_hal_spi.o
 .debug_macro   0x00000000000227d8      0x1f7 Drivers/STM32F4xx_HAL_Driver/Src/stm32f4xx_ll_usb.o
 .debug_macro   0x00000000000229cf      0x428 Middlewares/ST/STM32_USB_Device_Library/Class/AUDIO/Src/usbd_audio.o
 .debug_macro   0x0000000000022df7       0x97 Middlewares/ST/STM32_USB_Device_Library/Class/AUDIO/Src/usbd_audio.o
 .debug_macro   0x0000000000022e8e       0xfd Middlewares/ST/STM32_USB_Device_Library/Class/AUDIO/Src/usbd_audio.o
 .debug_macro   0x0000000000022f8b       0xd9 Middlewares/ST/STM32_USB_Device_Library/Class/AUDIO/Src/usbd_audio.o
 .debug_macro   0x0000000000023064       0x56 Middlewares/ST/STM32_USB_Device_Library/Class/AUDIO/Src/usbd_audio.o
 .debug_macro   0x00000000000230ba       0xe9 Middlewares/ST/STM32_USB_Device_Library/Class/AUDIO/Src/usbd_audio.o
 .debug_macro   0x00000000000231a3      0x403 Middlewares/ST/STM32_USB_Device_Library/Core/Src/usbd_core.o
 .debug_macro   0x00000000000235a6      0x1f5 Middlewares/ST/STM32_USB_Device_Library/Core/Src/usbd_core.o
 .debug_macro   0x000000000002379b      0x40d Middlewares/ST/STM32_USB_Device_Library/Core/Src/usbd_ctlreq.o
 .debug_macro   0x0000000000023ba8      0x409 Middlewares/ST/STM32_USB_Device_Library/Core/Src/usbd_ioreq.o
 .debug_macro   0x0000000000023fb1      0x43d USB_DEVICE/App/usb_device.o
 .debug_macro   0x00000000000243ee       0x16 USB_DEVICE/App/usb_device.o
 .debug_macro   0x0000000000024404       0x22 USB_DEVICE/App/usb_device.o
 .debug_macro   0x0000000000024426      0x42c USB_DEVICE/App/usbd_audio_if.o
 .debug_macro   0x0000000000024852      0x446 USB_DEVICE/App/usbd_desc.o
 .debug_macro   0x0000000000024c98       0x1c USB_DEVICE/App/usbd_desc.o
 .debug_macro   0x0000000000024cb4      0x420 USB_DEVICE/Target/usbd_conf.o

.debug_line     0x0000000000000000    0x15d45
 .debug_line    0x0000000000000000      0xb16 Core/Src/main.o
 .debug_line    0x0000000000000b16      0x7ed Core/Src/stm32f4xx_hal_msp.o
 .debug_line    0x0000000000001303      0x7db Core/Src/stm32f4xx_it.o
 .debug_line    0x0000000000001ade      0x76a Core/Src/system_stm32f4xx.o
 .debug_line    0x0000000000002248       0x88 Core/Startup/startup_stm32f446rctx.o
 .debug_line    0x00000000000022d0      0x7d0 Drivers/BSP/Sound-20D01/Src/audio.o
 .debug_line    0x0000000000002aa0      0x9d0 Drivers/STM32F4xx_HAL_Driver/Src/stm32f4xx_hal.o
 .debug_line    0x0000000000003470      0xc7f Drivers/STM32F4xx_HAL_Driver/Src/stm32f4xx_hal_cortex.o
 .debug_line    0x00000000000040ef      0xf35 Drivers/STM32F4xx_HAL_Driver/Src/stm32f4xx_hal_dma.o
 .debug_line    0x0000000000005024      0xb32 Drivers/STM32F4xx_HAL_Driver/Src/stm32f4xx_hal_gpio.o
 .debug_line    0x0000000000005b56     0x1344 Drivers/STM32F4xx_HAL_Driver/Src/stm32f4xx_hal_pcd.o
 .debug_line    0x0000000000006e9a      0x7fa Drivers/STM32F4xx_HAL_Driver/Src/stm32f4xx_hal_pcd_ex.o
 .debug_line    0x0000000000007694      0x8ff Drivers/STM32F4xx_HAL_Driver/Src/stm32f4xx_hal_pwr_ex.o
 .debug_line    0x0000000000007f93      0xd58 Drivers/STM32F4xx_HAL_Driver/Src/stm32f4xx_hal_rcc.o
 .debug_line    0x0000000000008ceb     0x13de Drivers/STM32F4xx_HAL_Driver/Src/stm32f4xx_hal_rcc_ex.o
 .debug_line    0x000000000000a0c9     0x18f5 Drivers/STM32F4xx_HAL_Driver/Src/stm32f4xx_hal_sai.o
 .debug_line    0x000000000000b9be      0x778 Drivers/STM32F4xx_HAL_Driver/Src/stm32f4xx_hal_sai_ex.o
 .debug_line    0x000000000000c136     0x1c58 Drivers/STM32F4xx_HAL_Driver/Src/stm32f4xx_hal_spi.o
 .debug_line    0x000000000000dd8e     0x1960 Drivers/STM32F4xx_HAL_Driver/Src/stm32f4xx_ll_usb.o
 .debug_line    0x000000000000f6ee      0xde6 Middlewares/ST/STM32_USB_Device_Library/Class/AUDIO/Src/usbd_audio.o
 .debug_line    0x00000000000104d4      0xe30 Middlewares/ST/STM32_USB_Device_Library/Core/Src/usbd_core.o
 .debug_line    0x0000000000011304     0x10cd Middlewares/ST/STM32_USB_Device_Library/Core/Src/usbd_ctlreq.o
 .debug_line    0x00000000000123d1      0xa87 Middlewares/ST/STM32_USB_Device_Library/Core/Src/usbd_ioreq.o
 .debug_line    0x0000000000012e58      0xa49 USB_DEVICE/App/usb_device.o
 .debug_line    0x00000000000138a1      0xb08 USB_DEVICE/App/usbd_audio_if.o
 .debug_line    0x00000000000143a9      0xb27 USB_DEVICE/App/usbd_desc.o
 .debug_line    0x0000000000014ed0      0xe75 USB_DEVICE/Target/usbd_conf.o

.debug_str      0x0000000000000000    0xceefc
 .debug_str     0x0000000000000000    0xca7fe Core/Src/main.o
                                      0xcac78 (size before relaxing)
 .debug_str     0x00000000000ca7fe       0x86 Core/Src/stm32f4xx_hal_msp.o
                                      0xc5831 (size before relaxing)
 .debug_str     0x00000000000ca884      0x44b Core/Src/stm32f4xx_it.o
                                      0xc55f3 (size before relaxing)
 .debug_str     0x00000000000caccf       0xaf Core/Src/system_stm32f4xx.o
                                      0xc50b0 (size before relaxing)
 .debug_str     0x00000000000cad7e       0x36 Core/Startup/startup_stm32f446rctx.o
                                         0x7c (size before relaxing)
 .debug_str     0x00000000000cadb4      0x143 Drivers/BSP/Sound-20D01/Src/audio.o
                                      0xc57a4 (size before relaxing)
 .debug_str     0x00000000000caef7      0x579 Drivers/STM32F4xx_HAL_Driver/Src/stm32f4xx_hal.o
                                      0xc5bd3 (size before relaxing)
 .debug_str     0x00000000000cb470      0x392 Drivers/STM32F4xx_HAL_Driver/Src/stm32f4xx_hal_cortex.o
                                      0xc599d (size before relaxing)
 .debug_str     0x00000000000cb802      0x31a Drivers/STM32F4xx_HAL_Driver/Src/stm32f4xx_hal_dma.o
                                      0xc54b5 (size before relaxing)
 .debug_str     0x00000000000cbb1c      0x15f Drivers/STM32F4xx_HAL_Driver/Src/stm32f4xx_hal_gpio.o
                                      0xc5257 (size before relaxing)
 .debug_str     0x00000000000cbc7b      0x56f Drivers/STM32F4xx_HAL_Driver/Src/stm32f4xx_hal_pcd.o
                                      0xc58b7 (size before relaxing)
 .debug_str     0x00000000000cc1ea      0x16d Drivers/STM32F4xx_HAL_Driver/Src/stm32f4xx_hal_pcd_ex.o
                                      0xc54aa (size before relaxing)
 .debug_str     0x00000000000cc357      0x135 Drivers/STM32F4xx_HAL_Driver/Src/stm32f4xx_hal_pwr_ex.o
                                      0xc52a8 (size before relaxing)
 .debug_str     0x00000000000cc48c      0x259 Drivers/STM32F4xx_HAL_Driver/Src/stm32f4xx_hal_rcc.o
                                      0xc54b7 (size before relaxing)
 .debug_str     0x00000000000cc6e5      0x1af Drivers/STM32F4xx_HAL_Driver/Src/stm32f4xx_hal_rcc_ex.o
                                      0xc5514 (size before relaxing)
 .debug_str     0x00000000000cc894      0x3cd Drivers/STM32F4xx_HAL_Driver/Src/stm32f4xx_hal_sai.o